ts,node,event,plan_id,msg_id,peer,cmd_ref,ack_for,resend_of,component,status,detail
2031-08-19 12:02:09.088,NODE_C,PLAN_REFRESH,PLN-500,,,,,,PLAN_CACHE,OK,periodic plan cache refresh
2031-08-19 12:03:20.562,NODE_C,MESSAGE_RECEIVED,PLN-701,MSG-9302,NODE_A,,,,PLAN_SYNC,RECEIVED,periodic status plan sync
2031-08-19 12:03:20.802,NODE_C,MESSAGE_ACK,PLN-701,,NODE_A,,MSG-9302,,PLAN_SYNC,ACKED,acknowledged
2031-08-19 12:06:20.625,NODE_C,MESSAGE_RECEIVED,PLN-601,MSG-9002,NODE_A,,,,PLAN_SYNC,RECEIVED,periodic status plan sync
2031-08-19 12:06:20.925,NODE_C,MESSAGE_ACK,PLN-601,,NODE_A,,MSG-9002,,PLAN_SYNC,ACKED,acknowledged
2031-08-19 12:08:09.767,NODE_C,PLAN_REFRESH,PLN-501,,,,,,PLAN_CACHE,OK,periodic plan cache refresh
2031-08-19 12:11:20.638,NODE_C,MESSAGE_RECEIVED,PLN-702,MSG-9304,NODE_A,,,,PLAN_SYNC,RECEIVED,periodic status plan sync
2031-08-19 12:11:21.029,NODE_C,MESSAGE_ACK,PLN-702,,NODE_A,,MSG-9304,,PLAN_SYNC,ACKED,acknowledged
2031-08-19 12:14:08.395,NODE_C,MESSAGE_RECEIVED,PLN-641,MSG-9102,NODE_A,,,,PLAN_SYNC,RECEIVED,plan PLN-641 distributed to peer
2031-08-19 12:14:08.790,NODE_C,MESSAGE_ACK,PLN-641,,NODE_A,,MSG-9102,,PLAN_SYNC,ACKED,acknowledged
2031-08-19 12:19:20.606,NODE_C,MESSAGE_RECEIVED,PLN-703,MSG-9306,NODE_A,,,,PLAN_SYNC,RECEIVED,periodic status plan sync
2031-08-19 12:19:20.867,NODE_C,MESSAGE_ACK,PLN-703,,NODE_A,,MSG-9306,,PLAN_SYNC,ACKED,acknowledged
2031-08-19 12:20:09.702,NODE_C,PLAN_REFRESH,PLN-503,,,,,,PLAN_CACHE,OK,periodic plan cache refresh
2031-08-19 12:20:10.310,NODE_C,MESSAGE_RECEIVED,PLN-801,MSG-9401,NODE_B,,,,PLAN_SYNC,RECEIVED,peer status report
2031-08-19 12:20:10.537,NODE_C,MESSAGE_ACK,PLN-801,,NODE_B,,MSG-9401,,PLAN_SYNC,ACKED,acknowledged
2031-08-19 12:26:09.579,NODE_C,PLAN_REFRESH,PLN-504,,,,,,PLAN_CACHE,OK,"refresh complete, no changes"
2031-08-19 12:27:20.521,NODE_C,MESSAGE_RECEIVED,PLN-704,MSG-9308,NODE_A,,,,PLAN_SYNC,RECEIVED,periodic status plan sync
2031-08-19 12:27:20.756,NODE_C,MESSAGE_ACK,PLN-704,,NODE_A,,MSG-9308,,PLAN_SYNC,ACKED,acknowledged
2031-08-19 12:28:45.415,NODE_C,MESSAGE_SENT,PLN-901,MSG-9501,NODE_A,,,,PLAN_SYNC,SENT,peer status report
2031-08-19 12:28:46.353,NODE_C,EXCHANGE_COMPLETE,PLN-901,MSG-9501,NODE_A,,,,PLAN_SYNC,COMPLETE,exchange closed
2031-08-19 12:32:09.799,NODE_C,PLAN_REFRESH,PLN-505,,,,,,PLAN_CACHE,OK,"refresh complete, no changes"
2031-08-19 12:35:20.726,NODE_C,MESSAGE_RECEIVED,PLN-705,MSG-9310,NODE_A,,,,PLAN_SYNC,RECEIVED,periodic status plan sync
2031-08-19 12:35:20.958,NODE_C,MESSAGE_ACK,PLN-705,,NODE_A,,MSG-9310,,PLAN_SYNC,ACKED,acknowledged
2031-08-19 12:38:09.142,NODE_C,PLAN_REFRESH,PLN-506,,,,,,PLAN_CACHE,OK,periodic plan cache refresh
2031-08-19 12:43:20.313,NODE_C,MESSAGE_RECEIVED,PLN-706,MSG-9312,NODE_A,,,,PLAN_SYNC,RECEIVED,periodic status plan sync
2031-08-19 12:43:20.710,NODE_C,MESSAGE_ACK,PLN-706,,NODE_A,,MSG-9312,,PLAN_SYNC,ACKED,acknowledged
2031-08-19 12:44:09.741,NODE_C,PLAN_REFRESH,PLN-507,,,,,,PLAN_CACHE,OK,cache revalidated
2031-08-19 12:45:10.713,NODE_C,MESSAGE_RECEIVED,PLN-802,MSG-9402,NODE_B,,,,PLAN_SYNC,RECEIVED,peer status report
2031-08-19 12:45:10.917,NODE_C,MESSAGE_ACK,PLN-802,,NODE_B,,MSG-9402,,PLAN_SYNC,ACKED,acknowledged
2031-08-19 12:47:05.520,NODE_C,MESSAGE_RECEIVED,PLN-646,MSG-9141,NODE_A,,,,PLAN_SYNC,RECEIVED,plan PLN-646 distributed to peer
2031-08-19 12:47:05.520,NODE_C,MESSAGE_RECEIVED,PLN-646,MSG-9141,NODE_A,,,,PLAN_SYNC,RECEIVED,plan PLN-646 distributed to peer
2031-08-19 12:47:18.930,NODE_C,MESSAGE_RECEIVED,PLN-646,MSG-9144,NODE_A,,,MSG-9141,PLAN_SYNC,RECEIVED,plan PLN-646 resent
2031-08-19 12:47:19.250,NODE_C,MESSAGE_ACK,PLN-646,,NODE_A,,MSG-9144,,PLAN_SYNC,ACKED,acknowledged
2031-08-19 12:50:09.339,NODE_C,PLAN_REFRESH,PLN-508,,,,,,PLAN_CACHE,OK,cache revalidated
2031-08-19 12:51:20.858,NODE_C,MESSAGE_RECEIVED,PLN-707,MSG-9314,NODE_A,,,,PLAN_SYNC,RECEIVED,periodic status plan sync
2031-08-19 12:51:21.018,NODE_C,MESSAGE_ACK,PLN-707,,NODE_A,,MSG-9314,,PLAN_SYNC,ACKED,acknowledged
2031-08-19 12:56:09.457,NODE_C,PLAN_REFRESH,PLN-509,,,,,,PLAN_CACHE,OK,cache revalidated
2031-08-19 12:58:45.822,NODE_C,MESSAGE_SENT,PLN-902,MSG-9502,NODE_A,,,,PLAN_SYNC,SENT,peer status report
2031-08-19 12:58:46.793,NODE_C,EXCHANGE_COMPLETE,PLN-902,MSG-9502,NODE_A,,,,PLAN_SYNC,COMPLETE,exchange closed
2031-08-19 12:59:20.690,NODE_C,MESSAGE_RECEIVED,PLN-708,MSG-9316,NODE_A,,,,PLAN_SYNC,RECEIVED,periodic status plan sync
2031-08-19 12:59:20.945,NODE_C,MESSAGE_ACK,PLN-708,,NODE_A,,MSG-9316,,PLAN_SYNC,ACKED,acknowledged
2031-08-19 13:02:09.637,NODE_C,PLAN_REFRESH,PLN-510,,,,,,PLAN_CACHE,OK,"refresh complete, no changes"
2031-08-19 13:05:10.635,NODE_C,MESSAGE_RECEIVED,PLN-651,MSG-9163,NODE_A,,,,PLAN_SYNC,RECEIVED,periodic status plan sync
2031-08-19 13:05:10.935,NODE_C,MESSAGE_ACK,PLN-651,,NODE_A,,MSG-9163,,PLAN_SYNC,ACKED,acknowledged
2031-08-19 13:07:20.889,NODE_C,MESSAGE_RECEIVED,PLN-709,MSG-9318,NODE_A,,,,PLAN_SYNC,RECEIVED,periodic status plan sync
2031-08-19 13:07:21.060,NODE_C,MESSAGE_ACK,PLN-709,,NODE_A,,MSG-9318,,PLAN_SYNC,ACKED,acknowledged
2031-08-19 13:08:09.380,NODE_C,PLAN_REFRESH,PLN-511,,,,,,PLAN_CACHE,OK,cache revalidated
2031-08-19 13:10:10.840,NODE_C,MESSAGE_RECEIVED,PLN-803,MSG-9403,NODE_B,,,,PLAN_SYNC,RECEIVED,peer status report
2031-08-19 13:10:11.129,NODE_C,MESSAGE_ACK,PLN-803,,NODE_B,,MSG-9403,,PLAN_SYNC,ACKED,acknowledged
2031-08-19 13:12:20.700,NODE_C,MESSAGE_RECEIVED,PLN-611,MSG-9012,NODE_A,,,,PLAN_SYNC,RECEIVED,periodic status plan sync
2031-08-19 13:12:21.030,NODE_C,MESSAGE_ACK,PLN-611,,NODE_A,,MSG-9012,,PLAN_SYNC,ACKED,acknowledged
2031-08-19 13:14:09.419,NODE_C,PLAN_REFRESH,PLN-512,,,,,,PLAN_CACHE,OK,cache revalidated
2031-08-19 13:15:20.834,NODE_C,MESSAGE_RECEIVED,PLN-710,MSG-9320,NODE_A,,,,PLAN_SYNC,RECEIVED,periodic status plan sync
2031-08-19 13:15:21.105,NODE_C,MESSAGE_ACK,PLN-710,,NODE_A,,MSG-9320,,PLAN_SYNC,ACKED,acknowledged
2031-08-19 13:20:09.490,NODE_C,PLAN_REFRESH,PLN-513,,,,,,PLAN_CACHE,OK,"refresh complete, no changes"
2031-08-19 13:23:20.387,NODE_C,MESSAGE_RECEIVED,PLN-711,MSG-9322,NODE_A,,,,PLAN_SYNC,RECEIVED,periodic status plan sync
2031-08-19 13:23:20.593,NODE_C,MESSAGE_ACK,PLN-711,,NODE_A,,MSG-9322,,PLAN_SYNC,ACKED,acknowledged
2031-08-19 25:61:00.307,NODE_C,PLAN_REFRESH,PLN-514,,,,,,PLAN_CACHE,OK,periodic plan cache refresh
2031-08-19 13:28:45.648,NODE_C,MESSAGE_SENT,PLN-903,MSG-9503,NODE_A,,,,PLAN_SYNC,SENT,peer status report
2031-08-19 13:28:46.533,NODE_C,EXCHANGE_COMPLETE,PLN-903,MSG-9503,NODE_A,,,,PLAN_SYNC,COMPLETE,exchange closed
2031-08-19 13:31:20.880,NODE_C,MESSAGE_RECEIVED,PLN-712,MSG-9324,NODE_A,,,,PLAN_SYNC,RECEIVED,periodic status plan sync
2031-08-19 13:31:21.211,NODE_C,MESSAGE_ACK,PLN-712,,NODE_A,,MSG-9324,,PLAN_SYNC,ACKED,acknowledged
2031-08-19 13:32:09.735,NODE_C,PLAN_REFRESH,PLN-515,,,,,,PLAN_CACHE,OK,cache revalidated
2031-08-19 13:38:09.257,NODE_C,PLAN_REFRESH,PLN-516,,,,,,PLAN_CACHE,OK,periodic plan cache refresh
2031-08-19 13:39:20.971,NODE_C,MESSAGE_RECEIVED,PLN-713,MSG-9326,NODE_A,,,,PLAN_SYNC,RECEIVED,periodic status plan sync
2031-08-19 13:39:21.148,NODE_C,MESSAGE_ACK,PLN-713,,NODE_A,,MSG-9326,,PLAN_SYNC,ACKED,acknowledged
2031-08-19 13:44:09.661,NODE_C,PLAN_REFRESH,PLN-517,,,,,,PLAN_CACHE,OK,cache revalidated
2031-08-19 13:47:20.959,NODE_C,MESSAGE_RECEIVED,PLN-714,MSG-9328,NODE_A,,,,PLAN_SYNC,RECEIVED,periodic status plan sync
2031-08-19 13:47:21.187,NODE_C,MESSAGE_ACK,PLN-714,,NODE_A,,MSG-9328,,PLAN_SYNC,ACKED,acknowledged
2031-08-19 13:50:09.154,NODE_C,PLAN_REFRESH,PLN-518,,,,,,PLAN_CACHE,OK,cache revalidated
2031-08-19 13:55:20.603,NODE_C,MESSAGE_RECEIVED,PLN-715,MSG-9330,NODE_A,,,,PLAN_SYNC,RECEIVED,periodic status plan sync
2031-08-19 13:55:20.761,NODE_C,MESSAGE_ACK,PLN-715,,NODE_A,,MSG-9330,,PLAN_SYNC,ACKED,acknowledged
2031-08-19 13:56:09.585,NODE_C,PLAN_REFRESH,PLN-519,,,,,,PLAN_CACHE,OK,"refresh complete, no changes"
2031-08-19 13:58:45.319,NODE_C,MESSAGE_SENT,PLN-904,MSG-9504,NODE_A,,,,PLAN_SYNC,SENT,peer status report
2031-08-19 13:58:46.175,NODE_C,EXCHANGE_COMPLETE,PLN-904,MSG-9504,NODE_A,,,,PLAN_SYNC,COMPLETE,exchange closed
2031-08-19 14:00:10.649,NODE_C,MESSAGE_RECEIVED,PLN-805,MSG-9404,NODE_B,,,,PLAN_SYNC,RECEIVED,peer status report
2031-08-19 14:00:11.003,NODE_C,MESSAGE_ACK,PLN-805,,NODE_B,,MSG-9404,,PLAN_SYNC,ACKED,acknowledged
2031-08-19 14:02:09.140,NODE_C,PLAN_REFRESH,PLN-520,,,,,,PLAN_CACHE,OK,periodic plan cache refresh
2031-08-19 14:03:20.920,NODE_C,MESSAGE_RECEIVED,PLN-716,MSG-9332,NODE_A,,,,PLAN_SYNC,RECEIVED,periodic status plan sync
2031-08-19 14:03:21.310,NODE_C,MESSAGE_ACK,PLN-716,,NODE_A,,MSG-9332,,PLAN_SYNC,ACKED,acknowledged
2031-08-19 14:08:09.138,NODE_C,PLAN_REFRESH,PLN-521,,,,,,PLAN_CACHE,OK,periodic plan cache refresh
2031-08-19 14:11:20.677,NODE_C,MESSAGE_RECEIVED,PLN-717,MSG-9334,NODE_A,,,,PLAN_SYNC,RECEIVED,periodic status plan sync
2031-08-19 14:11:20.924,NODE_C,MESSAGE_ACK,PLN-717,,NODE_A,,MSG-9334,,PLAN_SYNC,ACKED,acknowledged
2031-08-19 14:14:09.059,NODE_C,PLAN_REFRESH,PLN-522,,,,,,PLAN_CACHE,OK,periodic plan cache refresh
2031-08-19 14:25:10.625,NODE_C,MESSAGE_RECEIVED,PLN-806,MSG-9405,NODE_B,,,,PLAN_SYNC,RECEIVED,peer status report
2031-08-19 14:25:10.875,NODE_C,MESSAGE_ACK,PLN-806,,NODE_B,,MSG-9405,,PLAN_SYNC,ACKED,acknowledged
2031-08-19 14:26:09.298,NODE_C,PLAN_REFRESH,PLN-524,,,,,,PLAN_CACHE,OK,cache revalidated
2031-08-19 14:27:20.716,NODE_C,MESSAGE_RECEIVED,PLN-719,MSG-9336,NODE_A,,,,PLAN_SYNC,RECEIVED,periodic status plan sync
2031-08-19 14:27:20.929,NODE_C,MESSAGE_ACK,PLN-719,,NODE_A,,MSG-9336,,PLAN_SYNC,ACKED,acknowledged
2031-08-19 14:28:45.692,NODE_C,MESSAGE_SENT,PLN-905,MSG-9505,NODE_A,,,,PLAN_SYNC,SENT,peer status report
2031-08-19 14:28:46.411,NODE_C,EXCHANGE_COMPLETE,PLN-905,MSG-9505,NODE_A,,,,PLAN_SYNC,COMPLETE,exchange closed
2031-08-19 14:31:20.690,NODE_C,MESSAGE_RECEIVED,PLN-621,MSG-9022,NODE_A,,,,PLAN_SYNC,RECEIVED,periodic status plan sync
2031-08-19 14:31:21.000,NODE_C,MESSAGE_ACK,PLN-621,,NODE_A,,MSG-9022,,PLAN_SYNC,ACKED,acknowledged
2031-08-19 14:32:09.114,NODE_C,,PLN-525,,,,,,PLAN_CACHE,OK,cache revalidated
2031-08-19 14:35:20.795,NODE_C,MESSAGE_RECEIVED,PLN-720,MSG-9338,NODE_A,,,,PLAN_SYNC,RECEIVED,periodic status plan sync
2031-08-19 14:35:21.080,NODE_C,MESSAGE_ACK,PLN-720,,NODE_A,,MSG-9338,,PLAN_SYNC,ACKED,acknowledged
2031-08-19 14:38:09.190,NODE_C,PLAN_REFRESH,PLN-526,,,,,,PLAN_CACHE,OK,"refresh complete, no changes"
2031-08-19 14:43:20.958,NODE_C,MESSAGE_RECEIVED,PLN-721,MSG-9340,NODE_A,,,,PLAN_SYNC,RECEIVED,periodic status plan sync
2031-08-19 14:43:21.179,NODE_C,MESSAGE_ACK,PLN-721,,NODE_A,,MSG-9340,,PLAN_SYNC,ACKED,acknowledged
2031-08-19 14:44:09.350,NODE_C,PLAN_REFRESH,PLN-527,,,,,,PLAN_CACHE,OK,periodic plan cache refresh
2031-08-19 14:50:09.511,NODE_C,PLAN_REFRESH,PLN-528,,,,,,PLAN_CACHE,OK,"refresh complete, no changes"
2031-08-19 14:50:10.563,NODE_C,MESSAGE_RECEIVED,PLN-807,MSG-9406,NODE_B,,,,PLAN_SYNC,RECEIVED,peer status report
2031-08-19 14:50:10.764,NODE_C,MESSAGE_ACK,PLN-807,,NODE_B,,MSG-9406,,PLAN_SYNC,ACKED,acknowledged
2031-08-19 14:56:09.460,NODE_C,PLAN_REFRESH,PLN-529,,,,,,PLAN_CACHE,OK,periodic plan cache refresh
2031-08-19 14:58:45.285,NODE_C,MESSAGE_SENT,PLN-906,MSG-9506,NODE_A,,,,PLAN_SYNC,SENT,peer status report
2031-08-19 14:58:46.237,NODE_C,EXCHANGE_COMPLETE,PLN-906,MSG-9506,NODE_A,,,,PLAN_SYNC,COMPLETE,exchange closed
