[ts=2031-05-12T09:00:15.100Z][node=NODE_C][sev=INFO] op=OP-05 action=SESSION_START component=SESSION msg="Monitor console session opened"
[ts=2031-05-12T09:00:28.701Z][node=NODE_C][sev=INFO] op=OP-05 action=ADJUST_DISPLAY component=DISPLAY_SVC msg="Operator changed display contrast"
[ts=2031-05-12T09:02:57.238Z][node=NODE_C][sev=INFO] op=OP-05 action=ADJUST_DISPLAY component=DISPLAY_SVC msg="Operator changed display brightness"
[ts=2031-05-12T09:03:11.111Z][node=NODE_C][sev=INFO] op=OP-05 action=STATUS_QUERY component=NAV_FILTER msg="Operator queried status of NAV_FILTER"
[ts=2031-05-12T09:27:22.907Z][node=NODE_C][sev=INFO] op=OP-05 action=MAINT_NOTE component=ROUTE_MGR msg="Operator logged maintenance note 169"
[ts=2031-05-12T09:28:21.208Z][node=NODE_C][sev=INFO] op=OP-05 action=STATUS_QUERY component=SPEED_CTRL msg="Operator queried status of SPEED_CTRL"
[ts=2031-05-12T09:32:19.310Z][node=NODE_C][sev=INFO] op=OP-05 action=VIEW_CHANGE component=DISPLAY_SVC msg="Operator switched display to page P5"
[ts=2031-05-12T09:36:29.966Z][node=NODE_C][sev=INFO] op=OP-05 action=MAINT_NOTE component=PLAN_SYNC msg="Operator logged maintenance note 160"
[ts=2031-05-12T09:41:08.000Z][node=NODE_C][sev=INFO] op=OP-05 action=ADJUST_DISPLAY component=DISPLAY_SVC msg="Operator changed display brightness"
[ts=2031-05-12T09:44:24.969Z][node=NODE_C][sev=INFO] op=OP-05 action=STATUS_QUERY component=ROUTE_MGR msg="Operator queried status of ROUTE_MGR"
[ts=2031-05-12T09:47:07.393Z][node=NODE_C][sev=INFO] op=OP-05 action=MAINT_NOTE component=ROUTE_MGR msg="Operator logged maintenance note 134"
[ts=2031-05-12T09:57:39.377Z][node=NODE_C][sev=INFO] op=OP-05 action=ADJUST_DISPLAY component=DISPLAY_SVC msg="Operator changed display contrast"
[ts=2031-05-12T10:02:25.464Z][node=NODE_C][sev=INFO] op=OP-05 action=STATUS_QUERY component=COMM_LINK msg="Operator queried status of COMM_LINK"
[ts=2031-05-12T10:09:17.493Z][node=NODE_C][sev=INFO] op=OP-05 action=MAINT_NOTE component=SPEED_CTRL msg="Operator logged maintenance note 103"
[ts=2031-05-12T10:12:29.458Z][node=NODE_C][sev=INFO] op=OP-05 action=STATUS_QUERY component=ROUTE_MGR msg="Operator queried status of ROUTE_MGR"
[ts=2031-05-12T10:16:45.426Z][node=NODE_C][sev=INFO] op=OP-05 action=STATUS_QUERY component=NAV_FILTER msg="Operator queried status of NAV_FILTER"
[ts=2031-05-12T10:19:13.183Z][node=NODE_C][sev=INFO] op=OP-05 action=VIEW_CHANGE component=DISPLAY_SVC msg="Operator switched display to page P4"
[ts=2031-05-12T10:19:50.238Z][node=NODE_C][sev=INFO] op=OP-05 action=VIEW_CHANGE component=DISPLAY_SVC msg="Operator switched display to page P2"
[ts=2031-05-12T10:20:10.757Z][node=NODE_C][sev=INFO] op=OP-05 action=ADJUST_DISPLAY component=DISPLAY_SVC msg="Operator changed display brightness"
[ts=2031-05-12T10:24:47.682Z][node=NODE_C][sev=INFO] op=OP-05 action=STATUS_QUERY component=SENSOR_BUS msg="Operator queried status of SENSOR_BUS"
