ts,node,event,plan_id,msg_id,peer,cmd_ref,ack_for,resend_of,component,status,detail
2031-05-12 09:02:09.701,NODE_C,PLAN_REFRESH,PLN-200,,,,,,PLAN_CACHE,OK,periodic plan cache refresh
2031-05-12 09:05:20.411,NODE_C,MESSAGE_RECEIVED,PLN-300,MSG-702,NODE_A,,,,PLAN_SYNC,RECEIVED,periodic status plan sync
2031-05-12 09:05:20.720,NODE_C,MESSAGE_ACK,PLN-300,,NODE_A,,MSG-702,,PLAN_SYNC,ACKED,acknowledged
2031-05-12 09:15:40.549,NODE_C,MESSAGE_RECEIVED,PLN-301,MSG-704,NODE_A,,,,PLAN_SYNC,RECEIVED,periodic status plan sync
2031-05-12 09:15:40.899,NODE_C,MESSAGE_ACK,PLN-301,,NODE_A,,MSG-704,,PLAN_SYNC,ACKED,acknowledged
2031-05-12 09:17:09.581,NODE_C,PLAN_REFRESH,PLN-201,,,,,,PLAN_CACHE,OK,periodic plan cache refresh
2031-05-12 09:25:30.697,NODE_C,MESSAGE_RECEIVED,PLN-308,MSG-741,NODE_A,,,,PLAN_SYNC,RECEIVED,periodic status plan sync
2031-05-12 09:25:30.877,NODE_C,MESSAGE_ACK,PLN-308,,NODE_A,,MSG-741,,PLAN_SYNC,ACKED,acknowledged
2031-05-12 09:32:09.335,NODE_C,PLAN_REFRESH,PLN-202,,,,,,PLAN_CACHE,OK,"refresh complete, no changes"
2031-05-12 09:41:06.710,NODE_C,MESSAGE_RECEIVED,PLN-310,MSG-772,NODE_A,,,,PLAN_SYNC,RECEIVED,plan PLN-310 received
2031-05-12 09:41:25.500,NODE_C,MESSAGE_RECEIVED,PLN-310,MSG-779,NODE_A,,,MSG-772,PLAN_SYNC,RECEIVED,plan PLN-310 received (resend)
2031-05-12 09:41:25.800,NODE_C,MESSAGE_ACK,PLN-310,,NODE_A,,MSG-779,,PLAN_SYNC,ACKED,acknowledged
,NODE_C,PLAN_REFRESH,PLN-203,,,,,,PLAN_CACHE,OK,periodic plan cache refresh
2031-05-12 09:52:10.510,NODE_C,MESSAGE_RECEIVED,PLN-302,MSG-706,NODE_A,,,,PLAN_SYNC,RECEIVED,periodic status plan sync
2031-05-12 09:52:10.803,NODE_C,MESSAGE_ACK,PLN-302,,NODE_A,,MSG-706,,PLAN_SYNC,ACKED,acknowledged
2031-05-12 09:58:30.643,NODE_C,MESSAGE_RECEIVED,PLN-306,MSG-715,NODE_B,,,,PLAN_SYNC,RECEIVED,peer status report
2031-05-12 09:58:30.976,NODE_C,MESSAGE_ACK,PLN-306,,NODE_B,,MSG-715,,PLAN_SYNC,ACKED,acknowledged
2031-05-12 10:02:09.261,NODE_C,PLAN_REFRESH,PLN-204,,,,,,PLAN_CACHE,OK,periodic plan cache refresh
2031-05-12 10:15:15.270,NODE_C,MESSAGE_SENT,PLN-307,MSG-716,NODE_A,,,,PLAN_SYNC,SENT,peer status report
2031-05-12 10:15:16.249,NODE_C,EXCHANGE_COMPLETE,PLN-307,MSG-716,NODE_A,,,,PLAN_SYNC,COMPLETE,exchange closed
2031-05-12 10:17:09.475,NODE_C,PLAN_REFRESH,PLN-205,,,,,,PLAN_CACHE,OK,"refresh complete, no changes"
2031-05-12 10:20:40.644,NODE_C,MESSAGE_RECEIVED,PLN-303,MSG-710,NODE_A,,,,PLAN_SYNC,RECEIVED,periodic status plan sync
2031-05-12 10:20:40.977,NODE_C,MESSAGE_ACK,PLN-303,,NODE_A,,MSG-710,,PLAN_SYNC,ACKED,acknowledged
