20310512T090032.057Z;NODE_C;CONDITION_SAMPLE;NAV_ENV;-;-;-;100;alt_band=L0 spd_band=S0 fuel_state=OK link=UP phase=PREFLIGHT
20310512T090130.301Z;NODE_C;PHASE_CHANGE;FLIGHT_PHASE;PREFLIGHT;CLIMB;-;101;phase transition PREFLIGHT to CLIMB
20310512T091032.437Z;NODE_C;CONDITION_SAMPLE;NAV_ENV;-;-;-;102;alt_band=L2 spd_band=S2 fuel_state=OK link=UP phase=CLIMB
20310512T091912.600Z;NODE_C;STATE_CHANGE;SENSOR_BUS;NOMINAL;RETRY;-;103;bus retry started
20310512T091913.900Z;NODE_C;STATE_CHANGE;SENSOR_BUS;RETRY;NOMINAL;-;104;bus retry recovered
20310512T092000.000Z;NODE_C;PHASE_CHANGE;FLIGHT_PHASE;CLIMB;CRUISE;-;105;phase transition CLIMB to CRUISE
20310512T092032.702Z;NODE_C;CONDITION_SAMPLE;NAV_ENV;-;-;-;106;alt_band=L5 spd_band=S3 fuel_state=OK link=UP phase=CRUISE
20310512T092512.350Z;NODE_C;STATE_CHANGE;ALT_PROFILE;LEVEL;STEPPING;SP-039;107;altitude step started
20310512T092540.350Z;NODE_C;STATE_CHANGE;ALT_PROFILE;STEPPING;LEVEL;SP-039;108;altitude step finished
20310512T093032.676Z;NODE_C;CONDITION_SAMPLE;NAV_ENV;-;-;-;109;alt_band=L5 spd_band=S3 fuel_state=OK link=UP phase=CRUISE
20310512T094032.034Z;NODE_C;CONDITION_SAMPLE;NAV_ENV;-;-;-;110;alt_band=L5 spd_band=S3 fuel_state=OK link=UP phase=CRUISE
20310512T094126.300Z;NODE_C;STATE_CHANGE;PLAN_SYNC;TIMEOUT;SYNCED;MSG-779;112;sync restored
20310512T094116.100Z;NODE_C;STATE_CHANGE;PLAN_SYNC;SYNCED;TIMEOUT;MSG-772;111;sync timed out
20310512T095032.026Z;NODE_C;CONDITION_SAMPLE;NAV_ENV;-;-;-;113;alt_band=L5 spd_band=S3 fuel_state=OK link=UP phase=CRUISE
20310512T100032.755Z;NODE_C;CONDITION_SAMPLE;NAV_ENV;-;-;-;114;alt_band=L5 spd_band=S3 fuel_state=OK link=UP phase=CRUISE
20310512T100509.800Z;NODE_C;STATE_CHANGE;SPEED_CTRL;STABLE;ADJUSTING;SP-044;115;speed adjustment started
20310512T100512.600Z;NODE_C;STATE_CHANGE;SPEED_CTRL;ADJUSTING;STABLE;RCV-61;116;reverted to previous setpoint
20310512T100830.000Z;NODE_C;STATE_CHANGE;SENSOR_BUS;NOMINAL
20310512T100831.200Z;NODE_C;STATE_CHANGE;SENSOR_BUS;RETRY;NOMINAL;-;118;bus retry recovered
20310512T101032.530Z;NODE_C;CONDITION_SAMPLE;NAV_ENV;-;-;-;119;alt_band=L5 spd_band=S3 fuel_state=OK link=UP phase=CRUISE
20310512T101200.180Z;NODE_C;PHASE_CHANGE;FLIGHT_PHASE;CRUISE;DESCENT;-;120;phase transition CRUISE to DESCENT
20310512T102032.106Z;NODE_C;CONDITION_SAMPLE;NAV_ENV;-;-;-;121;alt_band=L3 spd_band=S2 fuel_state=OK link=UP phase=DESCENT
20310512T102400.091Z;NODE_C;PHASE_CHANGE;FLIGHT_PHASE;DESCENT;APPROACH;-;122;phase transition DESCENT to APPROACH
