2031-08-19T12:01:07Z|NODE_C|SELFTEST_PASS|ST-020|SELFTEST_CYCLE|PWR_MON|INFO|-|-|self test passed cycle 1
2031-08-19T12:04:07Z|NODE_C|SELFTEST_PASS|ST-020|SELFTEST_CYCLE|PWR_MON|INFO|-|-|self test passed cycle 2
2031-08-19T12:07:07Z|NODE_C|SELFTEST_PASS|ST-020|SELFTEST_CYCLE|PWR_MON|INFO|-|-|self test passed cycle 3
2031-08-19T12:10:07Z|NODE_C|SELFTEST_PASS|ST-020|SELFTEST_CYCLE|PWR_MON|INFO|-|-|self test passed cycle 4
2031-08-19T12:13:07Z|NODE_C|SELFTEST_PASS|ST-020|SELFTEST_CYCLE|PWR_MON|INFO|-|-|self test passed cycle 5
2031-08-19T12:16:07Z|NODE_C|SELFTEST_PASS|ST-020|SELFTEST_CYCLE|PWR_MON|INFO|-|-|self test passed cycle 6
2031-08-19T12:19:07Z|NODE_C|SELFTEST_PASS|ST-020|SELFTEST_CYCLE|PWR_MON|INFO|-|-|self test passed cycle 7
2031-08-19T12:22:07Z|NODE_C|SELFTEST_PASS|ST-020|SELFTEST_CYCLE|PWR_MON|INFO|-|-|self test passed cycle 8
2031-08-19T12:25:07Z|NODE_C|SELFTEST_PASS|ST-020|SELFTEST_CYCLE|PWR_MON|INFO|-|-|self test passed cycle 9
2031-08-19T12:28:07Z|NODE_C|SELFTEST_PASS|ST-020|SELFTEST_CYCLE|PWR_MON|INFO|-|-|self test passed cycle 10
2031-08-19T12:31:07Z|NODE_C|SELFTEST_PASS|ST-020|SELFTEST_CYCLE|PWR_MON|INFO|-|-|self test passed cycle 11
2031-08-19T12:31:42Z|NODE_C|FAULT_RAISED|FLT-8434|ACTUATOR_RANGE_WARN|ACTUATOR_SIM|ERROR|CMD-7329|-|trim value above actuator range
2031-08-19T12:31:43Z|NODE_C|TRANSIENT_WARN|FLT-0615|LINK_LATENCY_SPIKE|COMM_LINK|WARN|-|1|latency above threshold, returned to normal
2031-08-19T12:31:44Z|NODE_C|RECOVERY_STARTED|RCV-303|REVERT_TRIM|ACTUATOR_SIM|INFO|FLT-8434|-|revert trim
2031-08-19T12:31:45Z|NODE_C|FAULT_CLEARED|FLT-8434|ACTUATOR_RANGE_WARN|ACTUATOR_SIM|INFO|RCV-303|3|trim reverted
2031-08-19T12:34:07Z|NODE_C|SELFTEST_PASS|ST-020|SELFTEST_CYCLE|PWR_MON|INFO|-|-|self test passed cycle 12
2031-08-19T12:35:50Z|NODE_C|TRANSIENT_WARN|FLT-0615|LINK_LATENCY_SPIKE|COMM_LINK|WARN|-|1|latency above threshold, returned to normal
2031-08-19T12:37:07Z|NODE_C|SELFTEST_PASS|ST-020|SELFTEST_CYCLE|PWR_MON|INFO|-|-|self test passed cycle 13
2031-08-19T12:40:07Z|NODE_C|SELFTEST_PASS|ST-020|SELFTEST_CYCLE|PWR_MON|INFO|-|-|self test passed cycle 14
2031-08-19T12:43:07Z|NODE_C|SELFTEST_PASS|ST-020|SELFTEST_CYCLE|PWR_MON|INFO|-|-|self test passed cycle 15
2031-08-19T12:46:07Z|NODE_C|SELFTEST_PASS|ST-020|SELFTEST_CYCLE|PWR_MON|INFO|-|-|self test passed cycle 16
2031-08-19T12:49:07Z|NODE_C|SELFTEST_PASS|ST-020|SELFTEST_CYCLE|PWR_MON|INFO|-|-|self test passed cycle 17
2031-08-19T12:52:07Z|NODE_C|SELFTEST_PASS|ST-020|SELFTEST_CYCLE|PWR_MON|INFO|-|-|self test passed cycle 18
2031-08-19T12:55:07Z|NODE_C|SELFTEST_PASS|ST-020|SELFTEST_CYCLE|PWR_MON|INFO|-|-|self test passed cycle 19
2031-08-19T13:04:07Z|NODE_C|SELFTEST_PASS|ST-020|SELFTEST_CYCLE|PWR_MON|INFO|-|-|self test passed cycle 22
2031-08-19T13:01:07Z|NODE_C|SELFTEST_PASS|ST-020|SELFTEST_CYCLE|PWR_MON|INFO|-|-|self test passed cycle 21
2031-08-19T12:58:07Z|NODE_C|SELFTEST_PASS|ST-020|SELFTEST_CYCLE|PWR_MON|INFO|-|-|self test passed cycle 20
2031-08-19T13:05:16Z|NODE_C|TRANSIENT_WARN|FLT-0615|LINK_LATENCY_SPIKE|COMM_LINK|WARN|-|1|latency above threshold, returned to normal
2031-08-19T13:07:07Z|NODE_C|SELFTEST_PASS|ST-020|SELFTEST_CYCLE|PWR_MON|INFO|-|-|self test passed cycle 23
2031-08-19T13:10:07Z|NODE_C|SELFTEST_PASS|ST-020|SELFTEST_CYCLE|PWR_MON|INFO|-|-|self test passed cycle 24
2031-08-19T13:10:13Z|NODE_C|TRANSIENT_WARN|FLT-0615|LINK_LATENCY_SPIKE|COMM_LINK|WARN|-|1|latency above threshold, returned to normal
2031-08-19T13:13:07Z|NODE_C|SELFTEST_PASS|ST-020|SELFTEST_CYCLE|PWR_MON|INFO|-|-|self test passed cycle 25
2031-08-19T13:16:07Z|NODE_C|SELFTEST_PASS|ST-020|SELFTEST_CYCLE|PWR_MON|INFO|-|-|self test passed cycle 26
2031-08-19T13:19:07Z|NODE_C|SELFTEST_PASS|ST-020|SELFTEST_CYCLE|PWR_MON|INFO|-|-|self test passed cycle 27
2031-08-19T13:21:12Z|NODE_C|FAULT_RAISED|FLT-8470|SENSOR_BUS_CRC_ERROR|SENSOR_BUS|ERROR|-|-|crc errors on bus channel 1 (repeat 1)
2031-08-19T13:21:14Z|NODE_C|RECOVERY_STARTED|RCV-306|RESET_BUS_CHANNEL|SENSOR_BUS|INFO|FLT-8470|-|reset bus channel
2031-08-19T13:21:15Z|NODE_C|FAULT_CLEARED|FLT-8470|SENSOR_BUS_CRC_ERROR|SENSOR_BUS|INFO|RCV-306|3|bus errors cleared
2031-08-19T13:22:07Z|NODE_C|SELFTEST_PASS|ST-020|SELFTEST_CYCLE|PWR_MON|INFO|-|-|self test passed cycle 28
2031-08-19T13:22:28Z|NODE_C|TRANSIENT_WARN|FLT-0615|LINK_LATENCY_SPIKE|COMM_LINK|WARN|-|1|latency above threshold, returned to normal
2031-08-19T13:25:07Z|NODE_C|SELFTEST_PASS|ST-020|SELFTEST_CYCLE|PWR_MON|INFO|-|-|self test passed cycle 29
2031-08-19T13:28:07Z|NODE_C|SELFTEST_PASS|ST-020|SELFTEST_CYCLE|PWR_MON|INFO|-|-|self test passed cycle 30
2031-08-19T13:31:07Z|NODE_C|SELFTEST_PASS|ST-020|SELFTEST_CYCLE|PWR_MON|INFO|-|-|self test passed cycle 31
2031-08-19T13:34:07Z|NODE_C|SELFTEST_PASS|ST-020|SELFTEST_CYCLE|PWR_MON|INFO|-|-|self test passed cycle 32
2031-08-19T13:37:07Z|NODE_C|SELFTEST_PASS|ST-020|SELFTEST_CYCLE|PWR_MON|INFO|-|-|self test passed cycle 33
2031-08-19T13:40:07Z|NODE_C|SELFTEST_PASS|ST-020|SELFTEST_CYCLE|PWR_MON|INFO|-|-|self test passed cycle 34
2031-08-19T13:43:07Z|NODE_C|SELFTEST_PASS|ST-020|SELFTEST_CYCLE|PWR_MON|INFO|-|-|self test passed cycle 35
2031-08-19T13:46:07Z|NODE_C|SELFTEST_PASS|ST-020|SELFTEST_CYCLE|PWR_MON|INFO|-|-|self test passed cycle 36
2031-08-19T13:48:22Z|NODE_C|FAULT_RAISED|FLT-8493|PWR_RAIL_SAG|PWR_MON|ERROR|-|-|rail 2 voltage below threshold (repeat 1)
2031-08-19T13:48:22Z|NODE_C|FAULT_NOTICE_SENT|FLT-8493|PWR_RAIL_SAG|PWR_MON|INFO|MSG-9185|-|fault notice sent to NODE_A
2031-08-19T13:49:07Z|NODE_C|SELFTEST_PASS|ST-020|SELFTEST_CYCLE|PWR_MON|INFO|-|-|self test passed cycle 37
2031-08-19T13:49:22Z|NODE_C|FAULT_RAISED|FLT-8493|PWR_RAIL_S
2031-08-19T13:48:52Z|NODE_C|FAULT_RAISED|FLT-8493|PWR_RAIL_SAG|PWR_MON|ERROR|-|-|rail 2 voltage below threshold (repeat 2)
2031-08-19T13:52:07Z|NODE_C|SELFTEST_PASS|ST-020|SELFTEST_CYCLE|PWR_MON|INFO|-|-|self test passed cycle 38
2031-08-19T13:55:07Z|NODE_C|SELFTEST_PASS|ST-020|SELFTEST_CYCLE|PWR_MON|INFO|-|-|self test passed cycle 39
2031-08-19T13:58:07Z|NODE_C|SELFTEST_PASS|ST-020|SELFTEST_CYCLE|PWR_MON|INFO|-|-|self test passed cycle 40
2031-08-19T14:01:07Z|NODE_C|SELFTEST_PASS|ST-020|SELFTEST_CYCLE|PWR_MON|INFO|-|-|self test passed cycle 41
2031-08-19T14:03:34Z|NODE_C|TRANSIENT_WARN|FLT-0615|LINK_LATENCY_SPIKE|COMM_LINK|WARN|-|1|latency above threshold, returned to normal
2031-08-19T14:04:07Z|NODE_C|SELFTEST_PASS|ST-020|SELFTEST_CYCLE|PWR_MON|INFO|-|-|self test passed cycle 42
2031-08-19T14:05:36Z|NODE_C|TRANSIENT_WARN|FLT-0615|LINK_LATENCY_SPIKE|COMM_LINK|WARN|-|1|latency above threshold, returned to normal
2031-08-19T14:07:07Z|NODE_C|SELFTEST_PASS|ST-020|SELFTEST_CYCLE|PWR_MON|INFO|-|-|self test passed cycle 43
2031-08-19T14:10:07Z|NODE_C|SELFTEST_PASS|ST-020|SELFTEST_CYCLE|PWR_MON|INFO|-|-|self test passed cycle 44
2031-08-19T14:13:07Z|NODE_C|SELFTEST_PASS|ST-020|SELFTEST_CYCLE|PWR_MON|INFO|-|-|self test passed cycle 45
2031-08-19T14:16:07Z|NODE_C|SELFTEST_PASS|ST-020|SELFTEST_CYCLE|PWR_MON|INFO|-|-|self test passed cycle 46
2031-08-19T14:16:16Z|NODE_C|TRANSIENT_WARN|FLT-0615|LINK_LATENCY_SPIKE|COMM_LINK|WARN|-|1|latency above threshold, returned to normal
2031-08-19T14:19:07Z|NODE_C|SELFTEST_PASS|ST-020|SELFTEST_CYCLE|PWR_MON|INFO|-|-|self test passed cycle 47
2031-08-19T14:20:31Z|NODE_C|FAULT_RAISED|FLT-8524|TELEMETRY_BACKLOG|TELEMETRY_SVC|ERROR|CFG-0461|-|telemetry queue depth above limit (repeat 1)
2031-08-19T14:20:41Z|NODE_C|FAULT_RAISED|FLT-8524|TELEMETRY_BACKLOG|TELEMETRY_SVC|ERROR|CFG-0461|-|telemetry queue depth above limit (repeat 2)
2031-08-19T14:20:47Z|NODE_C|RECOVERY_STARTED|RCV-315|FLUSH_TELEMETRY_QUEUE|TELEMETRY_SVC|INFO|FLT-8524|-|flush telemetry queue
2031-08-19T14:20:56Z|NODE_C|FAULT_CLEARED|FLT-8524|TELEMETRY_BACKLOG|TELEMETRY_SVC|INFO|RCV-315|25|telemetry queue drained
2031-08-19T14:22:07Z|NODE_C|SELFTEST_PASS|ST-020|SELFTEST_CYCLE|PWR_MON|INFO|-|-|self test passed cycle 48
2031-08-19T14:25:07Z|NODE_C|SELFTEST_PASS|ST-020|SELFTEST_CYCLE|PWR_MON|INFO|-|-|self test passed cycle 49
2031-08-19T14:28:07Z|NODE_C|SELFTEST_PASS|ST-020|SELFTEST_CYCLE|PWR_MON|INFO|-|-|self test passed cycle 50
2031-08-19T14:31:07Z|NODE_C|SELFTEST_PASS|ST-020|SELFTEST_CYCLE|PWR_MON|INFO|-|-|self test passed cycle 51
2031-08-19T14:31:12Z|NODE_C|TRANSIENT_WARN|FLT-0615|LINK_LATENCY_SPIKE|COMM_LINK|WARN|-|1|latency above threshold, returned to normal
2031-08-19T14:34:07Z|NODE_C|SELFTEST_PASS|ST-020|SELFTEST_CYCLE|PWR_MON|INFO|-|-|self test passed cycle 52
2031-08-19T14:37:07Z|NODE_C|SELFTEST_PASS|ST-020|SELFTEST_CYCLE|PWR_MON|INFO|-|-|self test passed cycle 53
2031-08-19T14:40:07Z|NODE_C|SELFTEST_PASS|ST-020|SELFTEST_CYCLE|PWR_MON|INFO|-|-|self test passed cycle 54
2031-08-19T14:41:33Z|NODE_C|TRANSIENT_WARN|FLT-0615|LINK_LATENCY_SPIKE|COMM_LINK|WARN|-|1|latency above threshold, returned to normal
2031-08-19T14:43:07Z|NODE_C|SELFTEST_PASS|ST-020|SELFTEST_CYCLE|PWR_MON|INFO|-|-|self test passed cycle 55
2031-08-19T14:45:08Z|NODE_C|TRANSIENT_WARN|FLT-0615|LINK_LATENCY_SPIKE|COMM_LINK|WARN|-|1|latency above threshold, returned to normal
2031-08-19T14:46:07Z|NODE_C|SELFTEST_PASS|ST-020|SELFTEST_CYCLE|PWR_MON|INFO|-|-|self test passed cycle 56
2031-08-19T14:49:07Z|NODE_C|SELFTEST_PASS|ST-020|SELFTEST_CYCLE|PWR_MON|INFO|-|-|self test passed cycle 57
2031-08-19T14:52:07Z|NODE_C|SELFTEST_PASS|ST-020|SELFTEST_CYCLE|PWR_MON|INFO|-|-|self test passed cycle 58
2031-08-19T14:52:21Z|NODE_C|FAULT_RAISED|FLT-8560|SETPOINT_RATE_LIMIT|SPEED_CTRL|ERROR|SP-231|-|setpoint slew rate above limit after apply
2031-08-19T14:52:23Z|NODE_C|RECOVERY_STARTED|RCV-319|CLAMP_SLEW|SPEED_CTRL|INFO|FLT-8560|-|clamp slew rate
2031-08-19T14:52:26Z|NODE_C|FAULT_CLEARED|FLT-8560|SETPOINT_RATE_LIMIT|SPEED_CTRL|INFO|RCV-319|5|slew rate within limit
2031-08-19T14:55:07Z|NODE_C|SELFTEST_PASS|ST-020|SELFTEST_CYCLE|PWR_MON|INFO|-|-|self test passed cycle 59
2031-08-19T14:58:07Z|NODE_C|SELFTEST_PASS|ST-020|SELFTEST_CYCLE|PWR_MON|INFO|-|-|self test passed cycle 60
