ts,node,event,plan_id,msg_id,peer,cmd_ref,ack_for,resend_of,component,status,detail
2031-08-19 12:02:00.354,NODE_A,PLAN_REFRESH,PLN-500,,,,,,PLAN_CACHE,OK,"initial route ZZ-CEDAR->ZZ-DELTA loaded, 9 legs"
2031-08-19 12:03:20.198,NODE_A,MESSAGE_SENT,PLN-701,MSG-9301,NODE_B,,,,PLAN_SYNC,SENT,periodic status plan sync
2031-08-19 12:03:20.212,NODE_A,MESSAGE_SENT,PLN-701,MSG-9302,NODE_C,,,,PLAN_SYNC,SENT,periodic status plan sync
2031-08-19 12:03:21.076,NODE_A,EXCHANGE_COMPLETE,PLN-701,MSG-9302,NODE_C,,,,PLAN_SYNC,COMPLETE,exchange closed
2031-08-19 12:03:21.118,NODE_A,EXCHANGE_COMPLETE,PLN-701,MSG-9301,NODE_B,,,,PLAN_SYNC,COMPLETE,exchange closed
2031-08-19 12:06:20.200,NODE_A,MESSAGE_SENT,PLN-601,MSG-9001,NODE_B,,,,PLAN_SYNC,SENT,periodic status plan sync
2031-08-19 12:06:20.215,NODE_A,MESSAGE_SENT,PLN-601,MSG-9002,NODE_C,,,,PLAN_SYNC,SENT,periodic status plan sync
2031-08-19 12:06:20.940,NODE_A,EXCHANGE_COMPLETE,PLN-601,MSG-9001,NODE_B,,,,PLAN_SYNC,COMPLETE,exchange closed
2031-08-19 12:06:21.105,NODE_A,EXCHANGE_COMPLETE,PLN-601,MSG-9002,NODE_C,,,,PLAN_SYNC,COMPLETE,exchange closed
2031-08-19 12:08:00.523,NODE_A,PLAN_REFRESH,PLN-501,,,,,,PLAN_CACHE,OK,"refresh complete, no changes"
2031-08-19 12:11:20.355,NODE_A,MESSAGE_SENT,PLN-702,MSG-9303,NODE_B,,,,PLAN_SYNC,SENT,periodic status plan sync
2031-08-19 12:11:20.378,NODE_A,MESSAGE_SENT,PLN-702,MSG-9304,NODE_C,,,,PLAN_SYNC,SENT,periodic status plan sync
2031-08-19 12:11:21.182,NODE_A,EXCHANGE_COMPLETE,PLN-702,MSG-9304,NODE_C,,,,PLAN_SYNC,COMPLETE,exchange closed
2031-08-19 12:11:21.291,NODE_A,EXCHANGE_COMPLETE,PLN-702,MSG-9303,NODE_B,,,,PLAN_SYNC,COMPLETE,exchange closed
2031-08-19 12:14:03.050,NODE_A,PLAN_REQUEST,PLN-641,,,CMD-7312,,,ROUTE_MGR,REQUESTED,plan request for route variant
2031-08-19 12:14:07.380,NODE_A,PLAN_COMPUTED,PLN-641,,,CMD-7312,,,ROUTE_MGR,OK,7 legs computed
2031-08-19 12:14:07.835,NODE_A,MESSAGE_SENT,PLN-641,MSG-9102,NODE_C,,,,PLAN_SYNC,SENT,plan PLN-641 distributed to peer
2031-08-19 12:14:07.820,NODE_A,MESSAGE_SENT,PLN-641,MSG-9101,NODE_B,,,,PLAN_SYNC,SENT,plan PLN-641 distributed to peer
2031-08-19 12:14:08.930,NODE_A,EXCHANGE_COMPLETE,PLN-641,MSG-9101,NODE_B,,,,PLAN_SYNC,COMPLETE,exchange closed
2031-08-19 12:14:09.120,NODE_A,EXCHANGE_COMPLETE,PLN-641,MSG-9102,NODE_C,,,,PLAN_SYNC,COMPLETE,exchange closed
2031-08-19 12:14:17.200,NODE_A,MESSAGE_SENT,PLN-641,MSG-9109,NODE_B,,,MSG-9101,PLAN_SYNC,SENT,plan PLN-641 resent
2031-08-19 12:14:18.100,NODE_A,EXCHANGE_COMPLETE,PLN-641,MSG-9109,NODE_B,,,,PLAN_SYNC,COMPLETE,exchange closed
2031-08-19 12:19:20.299,NODE_A,MESSAGE_SENT,PLN-703,MSG-9305,NODE_B,,,,PLAN_SYNC,SENT,periodic status plan sync
2031-08-19 12:19:20.323,NODE_A,MESSAGE_SENT,PLN-703,MSG-9306,NODE_C,,,,PLAN_SYNC,SENT,periodic status plan sync
2031-08-19 12:19:21.152,NODE_A,EXCHANGE_COMPLETE,PLN-703,MSG-9306,NODE_C,,,,PLAN_SYNC,COMPLETE,exchange closed
2031-08-19 12:19:21.260,NODE_A,EXCHANGE_COMPLETE,PLN-703,MSG-9305,NODE_B,,,,PLAN_SYNC,COMPLETE,exchange closed
2031-08-19 12:20:00.728,NODE_A,PLAN_REFRESH,PLN-503,,,,,,PLAN_CACHE,OK,cache revalidated
2031-08-19 12:26:00.757,NODE_A,PLAN_REFRESH,PLN-504,,,,,,PLAN_CACHE,OK,"refresh complete, no changes"
2031-08-19 12:27:20.070,NODE_A,MESSAGE_SENT,PLN-704,,NODE_B,,,,PLAN_SYNC,SENT,periodic status plan sync
2031-08-19 12:27:20.093,NODE_A,MESSAGE_SENT,PLN-704,MSG-9308,NODE_C,,,,PLAN_SYNC,SENT,periodic status plan sync
2031-08-19 12:27:20.835,NODE_A,EXCHANGE_COMPLETE,PLN-704,MSG-9307,NODE_B,,,,PLAN_SYNC,COMPLETE,exchange closed
2031-08-19 12:27:20.978,NODE_A,EXCHANGE_COMPLETE,PLN-704,MSG-9308,NODE_C,,,,PLAN_SYNC,COMPLETE,exchange closed
2031-08-19 12:28:45.741,NODE_A,MESSAGE_RECEIVED,PLN-901,MSG-9501,NODE_C,,,,PLAN_SYNC,RECEIVED,peer status report
2031-08-19 12:28:46.060,NODE_A,MESSAGE_ACK,PLN-901,,NODE_C,,MSG-9501,,PLAN_SYNC,ACKED,acknowledged
2031-08-19 12:32:00.374,NODE_A,PLAN_REFRESH,PLN-505,,,,,,PLAN_CACHE,OK,cache revalidated
2031-08-19 12:35:20.409,NODE_A,MESSAGE_SENT,PLN-705,MSG-9309,NODE_B,,,,PLAN_SYNC,SENT,periodic status plan sync
2031-08-19 12:35:20.423,NODE_A,MESSAGE_SENT,PLN-705,MSG-9310,NODE_C,,,,PLAN_SYNC,SENT,periodic status plan sync
2031-08-19 12:35:21.156,NODE_A,EXCHANGE_COMPLETE,PLN-705,MSG-9310,NODE_C,,,,PLAN_SYNC,COMPLETE,exchange closed
2031-08-19 12:35:21.281,NODE_A,EXCHANGE_COMPLETE,PLN-705,MSG-9309,NODE_B,,,,PLAN_SYNC,COMPLETE,exchange closed
2031-08-19 12:38:00.756,NODE_A,PLAN_REFRESH,PLN-506,,,,,,PLAN_CACHE,OK,cache revalidated
2031-08-19 12:43:20.002,NODE_A,MESSAGE_SENT,PLN-706,MSG-9311,NODE_B,,,,PLAN_SYNC,SENT,periodic status plan sync
2031-08-19 12:43:20.024,NODE_A,MESSAGE_SENT,PLN-706,MSG-9312,NODE_C,,,,PLAN_SYNC,SENT,periodic status plan sync
2031-08-19 12:43:20.849,NODE_A,EXCHANGE_COMPLETE,PLN-706,MSG-9311,NODE_B,,,,PLAN_SYNC,COMPLETE,exchange closed
2031-08-19 12:43:20.926,NODE_A,EXCHANGE_COMPLETE,PLN-706,MSG-9312,NODE_C,,,,PLAN_SYNC,COMPLETE,exchange closed
2031-08-19 12:44:00.058,NODE_A,PLAN_REFRESH,PLN-507,,,,,,PLAN_CACHE,OK,"refresh complete, no changes"
2031-08-19 12:47:04.700,NODE_A,PLAN_REQUEST,PLN-646,,,,,,ROUTE_MGR,SCHEDULED,scheduled plan refresh
2031-08-19 12:47:04.960,NODE_A,PLAN_COMPUTED,PLN-646,,,,,,ROUTE_MGR,OK,9 legs computed
2031-08-19 12:47:05.100,NODE_A,MESSAGE_SENT,PLN-646,MSG-9140,NODE_B,,,,PLAN_SYNC,SENT,plan PLN-646 distributed to peer
2031-08-19 12:47:05.115,NODE_A,MESSAGE_SENT,PLN-646,MSG-9141,NODE_C,,,,PLAN_SYNC,SENT,plan PLN-646 distributed to peer
2031-08-19 12:47:06.020,NODE_A,EXCHANGE_COMPLETE,PLN-646,MSG-9140,NODE_B,,,,PLAN_SYNC,COMPLETE,exchange closed
2031-08-19 12:47:18.600,NODE_A,MESSAGE_SENT,PLN-646,MSG-9144,NODE_C,,,MSG-9141,PLAN_SYNC,SENT,plan PLN-646 resent
2031-08-19 12:47:19.480,NODE_A,EXCHANGE_COMPLETE,PLN-646,MSG-9144,NODE_C,,,,PLAN_SYNC,COMPLETE,exchange closed
2031-08-19 12:50:00.407,NODE_A,PLAN_REFRESH,PLN-508,,,,,,PLAN_CACHE,OK,cache revalidated
2031-08-19 12:51:20.448,NODE_A,MESSAGE_SENT,PLN-707,MSG-9313,NODE_B,,,,PLAN_SYNC,SENT,periodic status plan sync
2031-08-19 12:51:20.469,NODE_A,MESSAGE_SENT,PLN-707,MSG-9314,NODE_C,,,,PLAN_SYNC,SENT,periodic status plan sync
2031-08-19 12:51:21.212,NODE_A,EXCHANGE_COMPLETE,PLN-707,MSG-9314,NODE_C,,,,PLAN_SYNC,COMPLETE,exchange closed
2031-08-19 12:51:21.371,NODE_A,EXCHANGE_COMPLETE,PLN-707,MSG-9313,NODE_B,,,,PLAN_SYNC,COMPLETE,exchange closed
2031-08-19 12:56:00.162,NODE_A,PLAN_REFRESH,PLN-509,,,,,,PLAN_CACHE,OK,cache revalidated
2031-08-19 12:58:46.229,NODE_A,MESSAGE_RECEIVED,PLN-902,MSG-9502,NODE_C,,,,PLAN_SYNC,RECEIVED,peer status report
2031-08-19 12:58:46.539,NODE_A,MESSAGE_ACK,PLN-902,,NODE_C,,MSG-9502,,PLAN_SYNC,ACKED,acknowledged
2031-08-19 12:59:20.218,NODE_A,MESSAGE_SENT,PLN-708,MSG-9315,NODE_B,,,,PLAN_SYNC,SENT,periodic status plan sync
2031-08-19 12:59:20.240,NODE_A,MESSAGE_SENT,PLN-708,MSG-9316,NODE_C,,,,PLAN_SYNC,SENT,periodic status plan sync
2031-08-19 12:59:20.948,NODE_A,EXCHANGE_COMPLETE,PLN-708,MSG-9315,NODE_B,,,,PLAN_SYNC,COMPLETE,exchange closed
2031-08-19 12:59:21.136,NODE_A,EXCHANGE_COMPLETE,PLN-708,MSG-9316,NODE_C,,,,PLAN_SYNC,COMPLETE,exchange closed
2031-08-19 13:02:00.031,NODE_A,PLAN_REFRESH,PLN-510,,,,,,PLAN_CACHE,OK,cache revalidated
2031-08-19 13:05:10.200,NODE_A,MESSAGE_SENT,PLN-651,MSG-9162,NODE_B,,,,PLAN_SYNC,SENT,periodic status plan sync
2031-08-19 13:05:10.215,NODE_A,MESSAGE_SENT,PLN-651,MSG-9163,NODE_C,,,,PLAN_SYNC,SENT,periodic status plan sync
2031-08-19 13:05:11.145,NODE_A,EXCHANGE_COMPLETE,PLN-651,MSG-9163,NODE_C,,,,PLAN_SYNC,COMPLETE,exchange closed
2031-08-19 13:05:20.110,NODE_A,EXCHANGE_COMPLETE,PLN-651,MSG-9162,NODE_B,,,,PLAN_SYNC,COMPLETE,exchange closed
2031-08-19 13:07:20.592,NODE_A,MESSAGE_SENT,PLN-709,MSG-9317,NODE_B,,,,PLAN_SYNC,SENT,periodic status plan sync
2031-08-19 13:07:20.608,NODE_A,MESSAGE_SENT,PLN-709,MSG-9318,NODE_C,,,,PLAN_SYNC,SENT,periodic status plan sync
2031-08-19 13:07:21.343,NODE_A,EXCHANGE_COMPLETE,PLN-709,MSG-9318,NODE_C,,,,PLAN_SYNC,COMPLETE,exchange closed
2031-08-19 13:07:21.443,NODE_A,EXCHANGE_COMPLETE,PLN-709,MSG-9317,NODE_B,,,,PLAN_SYNC,COMPLETE,exchange closed
2031-08-19 13:08:00.662,NODE_A,PLAN_REFRESH,PLN-511,,,,,,PLAN_CACHE,OK,periodic plan cache refresh
2031-08-19 13:12:20.300,NODE_A,MESSAGE_SENT,PLN-611,MSG-9011,NODE_B,,,,PLAN_SYNC,SENT,periodic status plan sync
2031-08-19 13:12:20.310,NODE_A,MESSAGE_SENT,PLN-611,MSG-9012,NODE_C,,,,PLAN_SYNC,SENT,periodic status plan sync
2031-08-19 13:12:21.050,NODE_A,EXCHANGE_COMPLETE,PLN-611,MSG-9011,NODE_B,,,,PLAN_SYNC,COMPLETE,exchange closed
2031-08-19 13:12:21.220,NODE_A,EXCHANGE_COMPLETE,PLN-611,MSG-9012,NODE_C,,,,PLAN_SYNC,COMPLETE,exchange closed
2031-08-19 13:14:00.537,NODE_A,PLAN_REFRESH,PLN-512,
2031-08-19 13:15:20.504,NODE_A,MESSAGE_SENT,PLN-710,MSG-9319,NODE_B,,,,PLAN_SYNC,SENT,periodic status plan sync
2031-08-19 13:15:20.515,NODE_A,MESSAGE_SENT,PLN-710,MSG-9320,NODE_C,,,,PLAN_SYNC,SENT,periodic status plan sync
2031-08-19 13:15:21.345,NODE_A,EXCHANGE_COMPLETE,PLN-710,MSG-9320,NODE_C,,,,PLAN_SYNC,COMPLETE,exchange closed
2031-08-19 13:15:21.399,NODE_A,EXCHANGE_COMPLETE,PLN-710,MSG-9319,NODE_B,,,,PLAN_SYNC,COMPLETE,exchange closed
2031-08-19 13:20:00.264,NODE_A,PLAN_REFRESH,PLN-513,,,,,,PLAN_CACHE,OK,cache revalidated
2031-08-19 13:23:20.075,NODE_A,MESSAGE_SENT,PLN-711,MSG-9321,NODE_B,,,,PLAN_SYNC,SENT,periodic status plan sync
2031-08-19 13:23:20.084,NODE_A,MESSAGE_SENT,PLN-711,MSG-9322,NODE_C,,,,PLAN_SYNC,SENT,periodic status plan sync
2031-08-19 13:23:20.748,NODE_A,EXCHANGE_COMPLETE,PLN-711,MSG-9322,NODE_C,,,,PLAN_SYNC,COMPLETE,exchange closed
2031-08-19 13:23:20.973,NODE_A,EXCHANGE_COMPLETE,PLN-711,MSG-9321,NODE_B,,,,PLAN_SYNC,COMPLETE,exchange closed
2031-08-19 13:26:00.186,NODE_A,PLAN_REFRESH,PLN-514,,,,,,PLAN_CACHE,OK,cache revalidated
2031-08-19 13:28:45.904,NODE_A,MESSAGE_RECEIVED,PLN-903,MSG-9503,NODE_C,,,,PLAN_SYNC,RECEIVED,peer status report
2031-08-19 13:28:46.251,NODE_A,MESSAGE_ACK,PLN-903,,NODE_C,,MSG-9503,,PLAN_SYNC,ACKED,acknowledged
2031-08-19 13:31:20.430,NODE_A,MESSAGE_SENT,PLN-712,MSG-9323,NODE_B,,,,PLAN_SYNC,SENT,periodic status plan sync
2031-08-19 13:31:20.445,NODE_A,MESSAGE_SENT,PLN-712,MSG-9324,NODE_C,,,,PLAN_SYNC,SENT,periodic status plan sync
2031-08-19 13:31:21.341,NODE_A,EXCHANGE_COMPLETE,PLN-712,MSG-9323,NODE_B,,,,PLAN_SYNC,COMPLETE,exchange closed
2031-08-19 13:31:21.415,NODE_A,EXCHANGE_COMPLETE,PLN-712,MSG-9324,NODE_C,,,,PLAN_SYNC,COMPLETE,exchange closed
2031-08-19 13:32:00.308,NODE_A,PLAN_REFRESH,PLN-515,,,,,,PLAN_CACHE,OK,periodic plan cache refresh
2031-08-19 13:38:00.277,NODE_A,PLAN_REFRESH,PLN-516,,,,,,PLAN_CACHE,OK,periodic plan cache refresh
2031-08-19 13:39:20.519,NODE_A,MESSAGE_SENT,PLN-713,MSG-9325,NODE_B,,,,PLAN_SYNC,SENT,periodic status plan sync
2031-08-19 13:39:20.546,NODE_A,MESSAGE_SENT,PLN-713,MSG-9326,NODE_C,,,,PLAN_SYNC,SENT,periodic status plan sync
2031-08-19 13:39:21.357,NODE_A,EXCHANGE_COMPLETE,PLN-713,MSG-9326,NODE_C,,,,PLAN_SYNC,COMPLETE,exchange closed
2031-08-19 13:39:21.457,NODE_A,EXCHANGE_COMPLETE,PLN-713,MSG-9325,NODE_B,,,,PLAN_SYNC,COMPLETE,exchange closed
2031-08-19 13:44:00.480,NODE_A,PLAN_REFRESH,PLN-517,,,,,,PLAN_CACHE,OK,"refresh complete, no changes"
2031-08-19 13:47:20.671,NODE_A,MESSAGE_SENT,PLN-714,MSG-9327,NODE_B,,,,PLAN_SYNC,SENT,periodic status plan sync
2031-08-19 13:47:20.690,NODE_A,MESSAGE_SENT,PLN-714,MSG-9328,NODE_C,,,,PLAN_SYNC,SENT,periodic status plan sync
2031-08-19 13:47:21.428,NODE_A,EXCHANGE_COMPLETE,PLN-714,MSG-9327,NODE_B,,,,PLAN_SYNC,COMPLETE,exchange closed
2031-08-19 13:47:21.477,NODE_A,EXCHANGE_COMPLETE,PLN-714,MSG-9328,NODE_C,,,,PLAN_SYNC,COMPLETE,exchange closed
2031-08-19 13:55:20.270,NODE_A,MESSAGE_SENT,PLN-715,MSG-9329,NODE_B,,,,PLAN_SYNC,SENT,periodic status plan sync
2031-08-19 13:55:20.294,NODE_A,MESSAGE_SENT,PLN-715,MSG-9330,NODE_C,,,,PLAN_SYNC,SENT,periodic status plan sync
2031-08-19 13:55:20.898,NODE_A,EXCHANGE_COMPLETE,PLN-715,MSG-9329,NODE_B,,,,PLAN_SYNC,COMPLETE,exchange closed
2031-08-19 13:55:20.921,NODE_A,EXCHANGE_COMPLETE,PLN-715,MSG-9330,NODE_C,,,,PLAN_SYNC,COMPLETE,exchange closed
2031-08-19 13:56:00.006,NODE_A,PLAN_REFRESH,PLN-519,,,,,,PLAN_CACHE,OK,periodic plan cache refresh
2031-08-19 13:58:45.590,NODE_A,MESSAGE_RECEIVED,PLN-904,MSG-9504,NODE_C,,,,PLAN_SYNC,RECEIVED,peer status report
2031-08-19 13:58:45.989,NODE_A,MESSAGE_ACK,PLN-904,,NODE_C,,MSG-9504,,PLAN_SYNC,ACKED,acknowledged
2031-08-19 14:02:00.322,NODE_A,PLAN_REFRESH,PLN-520,,,,,,PLAN_CACHE,OK,"refresh complete, no changes"
2031-08-19 14:03:20.544,NODE_A,MESSAGE_SENT,PLN-716,MSG-9331,NODE_B,,,,PLAN_SYNC,SENT,periodic status plan sync
2031-08-19 14:03:20.563,NODE_A,MESSAGE_SENT,PLN-716,MSG-9332,NODE_C,,,,PLAN_SYNC,SENT,periodic status plan sync
2031-08-19 14:03:21.432,NODE_A,EXCHANGE_COMPLETE,PLN-716,MSG-9331,NODE_B,,,,PLAN_SYNC,COMPLETE,exchange closed
2031-08-19 14:03:21.472,NODE_A,EXCHANGE_COMPLETE,PLN-716,MSG-9332,NODE_C,,,,PLAN_SYNC,COMPLETE,exchange closed
2031-08-19 14:08:00.197,NODE_A,PLAN_REFRESH,PLN-521,,,,,,PLAN_CACHE,OK,cache revalidated
2031-08-19 14:11:20.238,NODE_A,MESSAGE_SENT,PLN-717,MSG-9333,NODE_B,,,,PLAN_SYNC,SENT,periodic status plan sync
2031-08-19 14:11:20.256,NODE_A,MESSAGE_SENT,PLN-717,MSG-9334,NODE_C,,,,PLAN_SYNC,SENT,periodic status plan sync
2031-08-19 14:11:21.087,NODE_A,EXCHANGE_COMPLETE,PLN-717,MSG-9334,NODE_C,,,,PLAN_SYNC,COMPLETE,exchange closed
2031-08-19 14:11:21.210,NODE_A,EXCHANGE_COMPLETE,PLN-717,MSG-9333,NODE_B,,,,PLAN_SYNC,COMPLETE,exchange closed
2031-08-19 14:14:00.501,NODE_A,PLAN_REFRESH,PLN-522,,,,,,PLAN_CACHE,OK,"refresh complete, no changes"
2031-08-19 14:20:09.100,NODE_A,PLAN_REQUEST,PLN-652,,,CMD-7340,,,ALT_PROFILE,REQUESTED,plan request for altitude profile
2031-08-19 14:20:12.300,NODE_A,PLAN_COMPUTED,PLN-652,,,CMD-7340,,,ALT_PROFILE,OK,5 segments computed
2031-08-19 14:20:12.700,NODE_A,MESSAGE_SENT,PLN-652,MSG-9221,NODE_B,,,,PLAN_SYNC,SENT,plan PLN-652 distributed to peer
2031-08-19 14:20:13.640,NODE_A,EXCHANGE_COMPLETE,PLN-652,MSG-9221,NODE_B,,,,PLAN_SYNC,COMPLETE,exchange closed
2031-08-19 14:26:00.176,NODE_A,PLAN_REFRESH,PLN-524,,,,,,PLAN_CACHE,OK,"refresh complete, no changes"
2031-08-19 14:27:20.302,NODE_A,MESSAGE_SENT,PLN-719,MSG-9335,NODE_B,,,,PLAN_SYNC,SENT,periodic status plan sync
2031-08-19 14:27:20.315,NODE_A,MESSAGE_SENT,PLN-719,MSG-9336,NODE_C,,,,PLAN_SYNC,SENT,periodic status plan sync
2031-08-19 14:27:21.140,NODE_A,EXCHANGE_COMPLETE,PLN-719,MSG-9336,NODE_C,,,,PLAN_SYNC,COMPLETE,exchange closed
2031-08-19 14:27:21.311,NODE_A,EXCHANGE_COMPLETE,PLN-719,MSG-9335,NODE_B,,,,PLAN_SYNC,COMPLETE,exchange closed
2031-08-19 14:28:45.942,NODE_A,MESSAGE_RECEIVED,PLN-905,MSG-9505,NODE_C,,,,PLAN_SYNC,RECEIVED,peer status report
2031-08-19 14:28:46.166,NODE_A,MESSAGE_ACK,PLN-905,,NODE_C,,MSG-9505,,PLAN_SYNC,ACKED,acknowledged
2031-08-19 14:31:20.300,NODE_A,MESSAGE_SENT,PLN-621,MSG-9021,NODE_B,,,,PLAN_SYNC,SENT,periodic status plan sync
2031-08-19 14:31:20.320,NODE_A,MESSAGE_SENT,PLN-621,MSG-9022,NODE_C,,,,PLAN_SYNC,SENT,periodic status plan sync
2031-08-19 14:31:21.100,NODE_A,EXCHANGE_COMPLETE,PLN-621,MSG-9021,NODE_B,,,,PLAN_SYNC,COMPLETE,exchange closed
2031-08-19 14:31:21.240,NODE_A,EXCHANGE_COMPLETE,PLN-621,MSG-9022,NODE_C,,,,PLAN_SYNC,COMPLETE,exchange closed
2031-08-19 14:32:00.733,NODE_A,PLAN_REFRESH,PLN-525,,,,,,PLAN_CACHE,OK,"refresh complete, no changes"
2031-08-19 14:35:20.464,NODE_A,MESSAGE_SENT,PLN-720,MSG-9337,NODE_B,,,,PLAN_SYNC,SENT,periodic status plan sync
2031-08-19 14:35:20.488,NODE_A,MESSAGE_SENT,PLN-720,MSG-9338,NODE_C,,,,PLAN_SYNC,SENT,periodic status plan sync
2031-08-19 14:35:21.328,NODE_A,EXCHANGE_COMPLETE,PLN-720,MSG-9337,NODE_B,,,,PLAN_SYNC,COMPLETE,exchange closed
2031-08-19 14:35:21.364,NODE_A,EXCHANGE_COMPLETE,PLN-720,MSG-9338,NODE_C,,,,PLAN_SYNC,COMPLETE,exchange closed
2031-08-19 14:38:00.651,NODE_A,PLAN_REFRESH,PLN-526,,,,,,PLAN_CACHE,OK,cache revalidated
2031-08-19 14:43:20.657,NODE_A,MESSAGE_SENT,PLN-721,MSG-9339,NODE_B,,,,PLAN_SYNC,SENT,periodic status plan sync
2031-08-19 14:43:20.681,NODE_A,MESSAGE_SENT,PLN-721,MSG-9340,NODE_C,,,,PLAN_SYNC,SENT,periodic status plan sync
2031-08-19 14:43:21.334,NODE_A,EXCHANGE_COMPLETE,PLN-721,MSG-9340,NODE_C,,,,PLAN_SYNC,COMPLETE,exchange closed
2031-08-19 14:43:21.434,NODE_A,EXCHANGE_COMPLETE,PLN-721,MSG-9339,NODE_B,,,,PLAN_SYNC,COMPLETE,exchange closed
2031-08-19 14:44:00.555,NODE_A,PLAN_REFRESH,PLN-527,,,,,,PLAN_CACHE,OK,periodic plan cache refresh
2031-08-19 14:50:00.233,NODE_A,PLAN_REFRESH,PLN-528,,,,,,PLAN_CACHE,OK,cache revalidated
2031-08-19 14:56:00.630,NODE_A,PLAN_REFRESH,PLN-529,,,,,,PLAN_CACHE,OK,cache revalidated
2031-08-19 14:58:45.729,NODE_A,MESSAGE_RECEIVED,PLN-906,MSG-9506,NODE_C,,,,PLAN_SYNC,RECEIVED,peer status report
2031-08-19 14:58:46.046,NODE_A,MESSAGE_ACK,PLN-906,,NODE_C,,MSG-9506,,PLAN_SYNC,ACKED,acknowledged
