1944907290.444 NODE_B GDN evt=WAYPOINT_REACHED sev=INFO comp=ROUTE_MGR wp=WP-201 note=waypoint_1_reached
1944907403.222 NODE_B GDN evt=GUIDANCE_STATUS sev=INFO comp=GUIDANCE_CORE mode=NOMINAL hb=1 note=periodic_guidance_status
1944907409.600 NODE_B GDN evt=WAYPOINT_REACHED sev=INFO comp=ROUTE_MGR wp=WP-202 note=waypoint_2_reached
1944907510.492 NODE_B GDN evt=WAYPOINT_REACHED sev=INFO comp=ROUTE_MGR wp=WP-203 note=waypoint_3_reached
1944907607.498 NODE_B GDN evt=WAYPOINT_REACHED sev=INFO comp=ROUTE_MGR wp=WP-204 note=waypoint_4_reached
1944907643.420 NODE_B GDN evt=GUIDANCE_STATUS sev=INFO comp=GUIDANCE_CORE mode=NOMINAL hb=2 note=periodic_guidance_status
1944907704.463 NODE_B GDN evt=WAYPOINT_REACHED sev=INFO comp=ROUTE_MGR wp=WP-205 note=waypoint_5_reached
1944907800.440 NODE_B GDN evt=WAYPOINT_REACHED sev=INFO comp=ROUTE_MGR wp=WP-206 note=waypoint_6_reached
1944907883.266 NODE_B GDN evt=GUIDANCE_STATUS sev=INFO comp=GUIDANCE_CORE mode=NOMINAL hb=3 note=periodic_guidance_status
1944907908.000 NODE_B GDN evt=WAYPOINT_REACHED sev=INFO comp=ROUTE_MGR wp=WP-207 note=waypoint_7_reached
1944908010.251 NODE_B GDN evt=WAYPOINT_REACHED sev=INFO comp=ROUTE_MGR wp=WP-208 note=waypoint_8_reached
1944908049.350 NODE_B GDN evt=PROFILE_APPLY sev=INFO comp=NAV_FILTER plan=PLN-641 note=profile_applied_from_received_plan
1944908051.600 NODE_B GDN evt=PLAN_HOLD sev=WARN comp=PLAN_CACHE note=holding_previous_plan
1944908058.900 NODE_B GDN evt=PROFILE_APPLY sev=INFO comp=NAV_FILTER plan=PLN-641 ref=RCV-301 note=profile_applied_from_received_plan
1944908092.167 NODE_B GDN evt=WAYPOINT_REACHED sev=INFO comp=ROUTE_MGR wp=WP-209 note=waypoint_9_reached
1944908123.692 NODE_B GDN evt=GUIDANCE_STATUS sev=INFO comp=GUIDANCE_CORE mode=NOMINAL hb=4 note=periodic_guidance_status
1944908194.582 NODE_B GDN evt=WAYPOINT_REACHED sev=INFO comp=ROUTE_MGR wp=WP-210 note=waypoint_10_reached
1944908308.595 NODE_B GDN evt=WAYPOINT_REACHED sev=INFO comp=ROUTE_MGR wp=WP-211 note=waypoint_11_reached
1944908363.623 NODE_B GDN evt=GUIDANCE_STATUS sev=INFO comp=GUIDANCE_CORE mode=NOMINAL hb=5 note=periodic_guidance_status
1944908400.136 NODE_B GDN evt=WAYPOINT_REACHED sev=INFO comp=ROUTE_MGR wp=WP-212 note=waypoint_12_reached
1944908504.592 NODE_B GDN evt=WAYPOINT_REACHED sev=INFO comp=ROUTE_MGR wp=WP-213 note=waypoint_13_reached
1944908589.260 NODE_B GDN evt=WAYPOINT_REACHED sev=INFO comp=ROUTE_MGR wp=WP-214 note=waypoint_14_reached
1944908603.292 NODE_B GDN evt=GUIDANCE_STATUS sev=INFO comp=GUIDANCE_CORE mode=NOMINAL hb=6 note=periodic_guidance_status
1944908702.202 NODE_B GDN evt=WAYPOINT_REACHED sev=INFO comp=ROUTE_MGR wp=WP-215 note=waypoint_15_reached
1944908799.378 NODE_B GDN evt=WAYPOINT_REACHED sev=INFO comp=ROUTE_MGR wp=WP-216 note=waypoint_16_reached
1944908843.202 NODE_B GDN evt=GUIDANCE_STATUS sev=INFO comp=GUIDANCE_CORE mode=NOMINAL hb=7 note=periodic_guidance_status
1944908900.507 NODE_B GDN evt=WAYPOINT_REACHED sev=INFO comp=ROUTE_MGR wp=WP-217 note=waypoint_17_reached
1944909009.695 NODE_B GDN evt=WAYPOINT_REACHED sev=INFO comp=ROUTE_MGR wp=WP-218 note=waypoint_18_reached
1944909083.497 NODE_B GDN evt=GUIDANCE_STATUS sev=INFO comp=GUIDANCE_CORE mode=NOMINAL hb=8 note=periodic_guidance_status
1944909093.262 NODE_B GDN evt=WAYPOINT_REACHED sev=INFO comp=ROUTE_MGR wp=WP-219 note=waypoint_19_reached
1944909195.000 NODE_B GDN evt=WAYPOINT_REACHED sev=INFO comp=ROUTE_MGR wp=WP-220 note=waypoint_20_reached
1944909293.530 NODE_B GDN evt=WAYPOINT_REACHED sev=INFO comp=ROUTE_MGR wp=WP-221 note=waypoint_21_reached
1944909323.640 NODE_B GDN evt=GUIDANCE_STATUS sev=INFO comp=GUIDANCE_CORE mode=NOMINAL hb=9 note=periodic_guidance_status
1944909402.520 NODE_B GDN evt=WAYPOINT_REACHED sev=INFO comp=ROUTE_MGR wp=WP-222 note=waypoint_22_reached
1944909563.208 NODE_B GDN evt=GUIDANCE_STATUS sev=INFO comp=GUIDANCE_CORE mode=NOMINAL hb=10 note=periodic_guidance_status
1944909607.604 NODE_B GDN evt=WAYPOINT_REACHED sev=INFO comp=ROUTE_MGR wp=WP-224 note=waypoint_24_reached
1944909704.451 NODE_B GDN evt=WAYPOINT_REACHED sev=INFO comp=ROUTE_MGR wp=WP-225 note=waypoint_25_reached
1944909803.729 NODE_B GDN evt=GUIDANCE_STATUS sev=INFO comp=GUIDANCE_CORE mode=NOMINAL hb=11 note=periodic_guidance_status
1944909809.283 NODE_B GDN evt=WAYPOINT_REACHED sev=INFO comp=ROUTE_MGR wp=WP-226 note=waypoint_26_reached
1944909907.447 NODE_B GDN evt=WAYPOINT_REACHED sev=INFO comp=ROUTE_MGR wp=WP-227 note=waypoint_27_reached
1944910006.516 NODE_B GDN evt=WAYPOINT_REACHED sev=INFO comp=ROUTE_MGR wp=WP-228 note=waypoint_28_reached
1944910043.877 NODE_B GDN evt=GUIDANCE_STATUS sev=INFO comp=GUIDANCE_CORE mode=NOMINAL hb=12 note=periodic_guidance_status
1944910088.131 NODE_B GDN evt=WAYPOINT_REACHED sev=INFO comp=ROUTE_MGR wp=WP-229 note=waypoint_29_reached
1944910194.574 NODE_B GDN evt=WAYPOINT_REACHED sev=INFO comp=ROUTE_MGR wp=WP-230 note=waypoint_30_reached
1944910283.307 NODE_B GDN evt=GUIDANCE_STATUS sev=INFO comp=GUIDANCE_CORE mode=NOMINAL hb=13 note=periodic_guidance_status
1944910302.563 NODE_B GDN evt=WAYPOINT_REACHED sev=INFO comp=ROUTE_MGR wp=WP-231 note=waypoint_31_reached
1944910412.147 NODE_B GDN evt=WAYPOINT_REACHED sev=INFO comp=ROUTE_MGR wp=WP-232 note=waypoint_32_reached
1944910505.000 NODE_B GDN evt=WAYPOINT_REACHED sev=INFO comp=ROUTE_MGR wp=WP-233 note=waypoint_33_reached
1944910523.862 NODE_B GDN evt=GUIDANCE_STATUS sev=INFO comp=GUIDANCE_CORE mode=NOMINAL hb=14 note=periodic_guidance_status
1944910605.589 NODE_B GDN evt=WAYPOINT_REACHED sev=INFO comp=ROUTE_MGR wp=WP-234 note=waypoint_34_reached
1944910688.622 NODE_B GDN evt=WAYPOINT_REACHED sev=INFO comp=ROUTE_MGR wp=WP-235 note=waypoint_35_reached
1944910763.246 NODE_B GDN evt=GUIDANCE_STATUS sev=INFO comp=GUIDANCE_CORE mode=NOMINAL hb=15 note=periodic_guidance_status
1944910810.645 NODE_B GDN evt=WAYPOINT_REACHED sev=INFO comp=ROUTE_MGR wp=WP-236 note=waypoint_36_reached
1944910912.232 NODE_B GDN evt=WAYPOINT_REACHED sev=INFO comp=ROUTE_MGR wp=WP-237 note=waypoint_37_reached
1944910999.582 NODE_B GDN evt=WAYPOINT_REACHED sev=INFO comp=ROUTE_MGR wp=WP-238 note=waypoint_38_reached
1944911003.328 NODE_B GDN evt=GUIDANCE_STATUS sev=INFO comp=GUIDANCE_CORE mode=NOMINAL hb=16 note=periodic_guidance_status
1944911093.197 NODE_B GDN evt=WAYPOINT_REACHED sev=INFO comp=ROUTE_MGR wp=WP-239 note=waypoint_39_reached
1944911205.340 NODE_B GDN evt=WAYPOINT_REACHED sev=INFO comp=ROUTE_MGR wp=WP-240 note=waypoint_40_reached
1944911243.146 NODE_B GDN evt=GUIDANCE_STATUS sev=INFO comp=GUIDANCE_CORE mode=NOMINAL hb=17 note=periodic_guidance_status
1944911289.693 NODE_B GDN evt=WAYPOINT_REACHED sev=INFO comp=ROUTE_MGR wp=WP-241 note=waypoint_41_reached
1944911393.655 NODE_B GDN evt=WAYPOINT_REACHED sev=INFO comp=ROUTE_MGR wp=WP-242 note=waypoint_42_reached
1944911403.570 NODE_B GDN evt=SETPOINT_RECEIVED sev=INFO comp=ALT_PROFILE cmd=CMD-7319 sp=SP-214 peer=NODE_A note=setpoint_received
1944911403.790 NODE_B GDN evt=SETPOINT_ACK sev=INFO comp=ALT_PROFILE ack_for=SP-214 peer=NODE_A note=setpoint_acknowledged
1944911404.600 NODE_B GDN evt=SETPOINT_APPLIED sev=INFO comp=ALT_PROFILE sp=SP-214 note=setpoint_applied
1944911483.575 NODE_B GDN evt=GUIDANCE_STATUS sev=INFO comp=GUIDANCE_CORE mode=NOMINAL hb=18 note=periodic_guidance_status
1944911489.372 NODE_B GDN evt=WAYPOINT_REACHED sev=INFO comp=ROUTE_MGR wp=WP-243 note=waypoint_43_reached
1944911596.262 NODE_B GDN evt=WAYPOINT_REACHED sev=INFO comp=ROUTE_MGR wp=WP-244 note=waypoint_44_reached
1944911709.545 NODE_B GDN evt=WAYPOINT_REACHED sev=INFO comp=ROUTE_MGR wp=WP-245 note=waypoint_45_reached
1944911723.226 NODE_B GDN evt=GUIDANCE_STATUS sev=INFO comp=GUIDANCE_CORE mode=NOMINAL hb=19 note=periodic_guidance_status
1944911790.000 NODE_B GDN evt=WAYPOINT_REACHED sev=INFO comp=ROUTE_MGR wp=WP-246 note=waypoint_46_reached
1944911905.141 NODE_B GDN evt=WAYPOINT_REACHED sev=INFO comp=ROUTE_MGR wp=WP-247 note=waypoint_47_reached
1944911963.477 NODE_B GDN evt=GUIDANCE_STATUS sev=INFO comp=GUIDANCE_CORE mode=NOMINAL hb=20 note=periodic_guidance_status
1944912002.531 NODE_B GDN evt=WAYPOINT_REACHED sev=INFO comp=ROUTE_MGR wp=WP-248 note=waypoint_48_reached
1944912069.400 NODE_B GDN evt=GUIDANCE_DEVIATION sev=WARN comp=NAV_FILTER xte=0.44 note=cross_track_error_above_soft_limit
1944912095.450 NODE_B GDN evt=WAYPOINT_REACHED sev=INFO comp=ROUTE_MGR wp=WP-249 note=waypoint_49_reached
1944912203.415 NODE_B GDN evt=GUIDANCE_STATUS sev=INFO comp=GUIDANCE_CORE mode=NOMINAL hb=21 note=periodic_guidance_status
1944912212.561 NODE_B GDN evt=WAYPOINT_REACHED sev=INFO comp=ROUTE_MGR wp=WP-250 note=waypoint_50_reached
1944912302.637 NODE_B GDN evt=WAYPOINT_REACHED sev=INFO comp=ROUTE_MGR wp=WP-251 note=waypoint_51_reached
1944912404.146 NODE_B GDN evt=WAYPOINT_REACHED sev=INFO comp=ROUTE_MGR wp=WP-252 note=waypoint_52_reached
1944912443.509 NODE_B GDN evt=GUIDANCE_STATUS sev=INFO comp=GUIDANCE_CORE mode=NOMINAL hb=22 note=periodic_guidance_status
1944912492.178 NODE_B GDN evt=WAYPOINT_REACHED sev=INFO comp=ROUTE_MGR wp=WP-253 note=waypoint_53_reached
1944912608.183 NODE_B GDN evt=WAYPOINT_REACHED sev=INFO comp=ROUTE_MGR wp=WP-254 note=waypoint_54_reached
1944912683.332 NODE_B GDN evt=GUIDANCE_STATUS sev=INFO comp=GUIDANCE_CORE mode=NOMINAL hb=23 note=periodic_guidance_status
1944912703.255 NODE_B GDN evt=WAYPOINT_REACHED sev=INFO comp=ROUTE_MGR wp=WP-255 note=waypoint_55_reached
1944912806.529 NODE_B GDN evt=WAYPOINT_REACHED sev=INFO comp=ROUTE_MGR wp=WP-256 note=waypoint_56_reached
1944912853.600 NODE_B GDN evt=GUIDANCE_DEVIATION sev=WARN comp=NAV_FILTER xte=0.29 note=cross_track_error_above_soft_limit
1944912850.950 NODE_B GDN evt=GUIDANCE_DEVIATION sev=WARN comp=NAV_FILTER xte=0.52 note=cross_track_error_above_soft_limit
1944912857.200 NODE_B GDN evt=GUIDANCE_NOMINAL sev=INFO comp=NAV_FILTER note=tracking_restored
1944912899.399 NODE_B GDN evt=WAYPOINT_REACHED sev=INFO comp=ROUTE_MGR wp=WP-257 note=waypoint_57_reached
1944912923.896 NODE_B GDN evt=GUIDANCE_STATUS sev=INFO comp=GUIDANCE_CORE mode=NOMINAL hb=24 note=periodic_guidance_status
1944912990.200 NODE_B GDN evt=WAYPOINT_REACHED sev=INFO comp=ROUTE_MGR wp=WP-258 note=waypoint_58_reached
1944913101.000 NODE_B GDN evt=WAYPOINT_REACHED sev=INFO comp=ROUTE_MGR wp=WP-259 note=waypoint_59_reached
1944913163.699 NODE_B GDN evt=GUIDANCE_STATUS sev=INFO comp=GUIDANCE_CORE mode=NOMINAL hb=25 note=periodic_guidance_status
1944913205.516 NODE_B GDN evt=WAYPOINT_REACHED sev=INFO comp=ROUTE_MGR wp=WP-260 note=waypoint_60_reached
1944913293.236 NODE_B GDN evt=WAYPOINT_REACHED sev=INFO comp=ROUTE_MGR wp=WP-261 note=waypoint_61_reached
1944913390.617 NODE_B GDN evt=WAYPOINT_REACHED sev=INFO comp=ROUTE_MGR wp=WP-262 note=waypoint_62_reached
1944913403.732 NODE_B GDN evt=GUIDANCE_STATUS sev=INFO comp=GUIDANCE_CORE mode=NOMINAL hb=26 note=periodic_guidance_status
1944913489.142 NODE_B GDN evt=WAYPOINT_REACHED sev=INFO comp=ROUTE_MGR wp=WP-263 note=waypoint_63_reached
1944913595.510 NODE_B GDN evt=WAYPOINT_REACHED sev=INFO comp=ROUTE_MGR wp=WP-264 note=waypoint_64_reached
1944913643.256 NODE_B GDN evt=GUIDANCE_STATUS sev=INFO comp=GUIDANCE_CORE mode=NOMINAL hb=27 note=periodic_guidance_status
1944913695.523 NODE_B GDN evt=WAYPOINT_REACHED sev=INFO comp=ROUTE_MGR wp=WP-265 note=waypoint_65_reached
1944913807.419 NODE_B GDN evt=WAYPOINT_REACHED sev=INFO comp=ROUTE_MGR wp=WP-266 note=waypoint_66_reached
1944913883.551 NODE_B GDN evt=GUIDANCE_STATUS sev=INFO comp=GUIDANCE_CORE mode=NOMINAL hb=28 note=periodic_guidance_status
1944913909.561 NODE_B GDN sev=INFO comp=ROUTE_MGR wp=WP-267 note=waypoint_67_reached
1944913996.534 NODE_B GDN evt=WAYPOINT_REACHED sev=INFO comp=ROUTE_MGR wp=WP-268 note=waypoint_68_reached
1944914099.690 NODE_B GDN evt=WAYPOINT_REACHED sev=INFO comp=ROUTE_MGR wp=WP-269 note=waypoint_69_reached
1944914123.900 NODE_B GDN evt=GUIDANCE_STATUS sev=INFO comp=GUIDANCE_CORE mode=NOMINAL hb=29 note=periodic_guidance_status
1944914209.576 NODE_B GDN evt=WAYPOINT_REACHED sev=INFO comp=ROUTE_MGR wp=WP-270 note=waypoint_70_reached
1944914303.170 NODE_B GDN evt=WAYPOINT_REACHED sev=INFO comp=ROUTE_MGR wp=WP-271 note=waypoint_71_reached
1944914363.427 NODE_B GDN evt=GUIDANCE_STATUS sev=INFO comp=GUIDANCE_CORE mode=NOMINAL hb=30 note=periodic_guidance_status
1944914407.000 NODE_B GDN evt=WAYPOINT_REACHED sev=INFO comp=ROUTE_MGR wp=WP-272 note=waypoint_72_reached
1944914510.242 NODE_B GDN evt=WAYPOINT_REACHED sev=INFO comp=ROUTE_MGR wp=WP-273 note=waypoint_73_reached
1944914601.467 NODE_B GDN evt=WAYPOINT_REACHED sev=INFO comp=ROUTE_MGR wp=WP-274 note=waypoint_74_reached
1944914603.169 NODE_B GDN evt=GUIDANCE_STATUS sev=INFO comp=GUIDANCE_CORE mode=NOMINAL hb=31 note=periodic_guidance_status
1944914703.277 NODE_B GDN evt=WAYPOINT_REACHED sev=INFO comp=ROUTE_MGR wp=WP-275 note=waypoint_75_reached
1944914799.638 NODE_B GDN evt=WAYPOINT_REACHED sev=INFO comp=ROUTE_MGR wp=WP-276 note=waypoint_76_reached
1944914843.496 NODE_B GDN evt=GUIDANCE_STATUS sev=INFO comp=GUIDANCE_CORE mode=NOMINAL hb=32 note=periodic_guidance_status
1944914907.545 NODE_B GDN evt=WAYPOINT_REACHED sev=INFO comp=ROUTE_MGR wp=WP-277 note=waypoint_77_reached
1944915002.341 NODE_B GDN evt=WAYPOINT_REACHED sev=INFO comp=ROUTE_MGR wp=WP-278 note=waypoint_78_reached
1944915083.661 NODE_B GDN evt=GUIDANCE_STATUS sev=INFO comp=GUIDANCE_CORE mode=NOMINAL hb=33 note=periodic_guidance_status
1944915103.278 NODE_B GDN evt=WAYPOINT_REACHED sev=INFO comp=ROUTE_MGR wp=WP-279 note=waypoint_79_reached
1944915192.414 NODE_B GDN evt=WAYPOINT_REACHED sev=INFO comp=ROUTE_MGR wp=WP-280 note=waypoint_80_reached
1944915307.504 NODE_B GDN evt=WAYPOINT_REACHED sev=INFO comp=ROUTE_MGR wp=WP-281 note=waypoint_81_reached
1944915323.217 NODE_B GDN evt=GUIDANCE_STATUS sev=INFO comp=GUIDANCE_CORE mode=NOMINAL hb=34 note=periodic_guidance_status
1944915392.287 NODE_B GDN evt=WAYPOINT_REACHED sev=INFO comp=ROUTE_MGR wp=WP-282 note=waypoint_82_reached
1944915494.558 NODE_B GDN evt=WAYPOINT_REACHED sev=INFO comp=ROUTE_MGR wp=WP-283 note=waypoint_83_reached
1944915563.509 NODE_B GDN evt=GUIDANCE_STATUS sev=INFO comp=GUIDANCE_CORE mode=NOMINAL hb=35 note=periodic_guidance_status
1944915597.258 NODE_B GDN evt=WAYPOINT_REACHED sev=INFO comp=ROUTE_MGR wp=WP-284 note=waypoint_84_reached
1944915614.200 NODE_B GDN evt=PROFILE_APPLY sev=INFO comp=ALT_PROFILE plan=PLN-652 note=profile_applied_from_received_plan
1944915702.000 NODE_B GDN evt=WAYPOINT_REACHED sev=INFO comp=ROUTE_MGR wp=WP-285 note=waypoint_85_reached
1944915803.193 NODE_B GDN evt=GUIDANCE_STATUS sev=INFO comp=GUIDANCE_CORE mode=NOMINAL hb=36 note=periodic_guidance_status
1944915812.632 NODE_B GDN evt=WAYPOINT_REACHED sev=INFO comp=ROUTE_MGR wp=WP-286 note=waypoint_86_reached
1944915903.404 NODE_B GDN evt=WAYPOINT_REACHED sev=INFO comp=ROUTE_MGR wp=WP-287 note=waypoint_87_reached
1944916043.741 NODE_B GDN evt=GUIDANCE_STATUS sev=INFO comp=GUIDANCE_CORE mode=NOMINAL hb=37 note=periodic_guidance_status
1944916090.171 NODE_B GDN evt=WAYPOINT_REACHED sev=INFO comp=ROUTE_MGR wp=WP-289 note=waypoint_89_reached
1944916211.321 NODE_B GDN evt=WAYPOINT_REACHED sev=INFO comp=ROUTE_MGR wp=WP-290 note=waypoint_90_reached
1944916283.707 NODE_B GDN evt=GUIDANCE_STATUS sev=INFO comp=GUIDANCE_CORE mode=NOMINAL hb=38 note=periodic_guidance_status
1944916290.488 NODE_B GDN evt=WAYPOINT_REACHED sev=INFO comp=ROUTE_MGR wp=WP-291 note=waypoint_91_reached
1944916403.629 NODE_B GDN evt=WAYPOINT_REACHED sev=INFO comp=ROUTE_MGR wp=WP-292 note=waypoint_92_reached
1944916505.281 NODE_B GDN evt=WAYPOINT_REACHED sev=INFO comp=ROUTE_MGR wp=WP-293 note=waypoint_93_reached
1944916523.337 NODE_B GDN evt=GUIDANCE_
1944916600.570 NODE_B GDN evt=WAYPOINT_REACHED sev=INFO comp=ROUTE_MGR wp=WP-294 note=waypoint_94_reached
1944916707.167 NODE_B GDN evt=WAYPOINT_REACHED sev=INFO comp=ROUTE_MGR wp=WP-295 note=waypoint_95_reached
1944916763.569 NODE_B GDN evt=GUIDANCE_STATUS sev=INFO comp=GUIDANCE_CORE mode=NOMINAL hb=40 note=periodic_guidance_status
1944916789.301 NODE_B GDN evt=WAYPOINT_REACHED sev=INFO comp=ROUTE_MGR wp=WP-296 note=waypoint_96_reached
1944916908.322 NODE_B GDN evt=WAYPOINT_REACHED sev=INFO comp=ROUTE_MGR wp=WP-297 note=waypoint_97_reached
1944916989.000 NODE_B GDN evt=WAYPOINT_REACHED sev=INFO comp=ROUTE_MGR wp=WP-298 note=waypoint_98_reached
1944917003.742 NODE_B GDN evt=GUIDANCE_STATUS sev=INFO comp=GUIDANCE_CORE mode=NOMINAL hb=41 note=periodic_guidance_status
1944917097.146 NODE_B GDN evt=WAYPOINT_REACHED sev=INFO comp=ROUTE_MGR wp=WP-299 note=waypoint_99_reached
1944917195.546 NODE_B GDN evt=WAYPOINT_REACHED sev=INFO comp=ROUTE_MGR wp=WP-300 note=waypoint_100_reached
1944917243.117 NODE_B GDN evt=GUIDANCE_STATUS sev=INFO comp=GUIDANCE_CORE mode=NOMINAL hb=42 note=periodic_guidance_status
1944917303.302 NODE_B GDN evt=WAYPOINT_REACHED sev=INFO comp=ROUTE_MGR wp=WP-301 note=waypoint_101_reached
1944917397.617 NODE_B GDN evt=WAYPOINT_REACHED sev=INFO comp=ROUTE_MGR wp=WP-302 note=waypoint_102_reached
1944917483.801 NODE_B GDN evt=GUIDANCE_STATUS sev=INFO comp=GUIDANCE_CORE mode=NOMINAL hb=43 note=periodic_guidance_status
1944917500.134 NODE_B GDN evt=WAYPOINT_REACHED sev=INFO comp=ROUTE_MGR wp=WP-303 note=waypoint_103_reached
1944917599.416 NODE_B GDN evt=WAYPOINT_REACHED sev=INFO comp=ROUTE_MGR wp=WP-304 note=waypoint_104_reached
1944917692.322 NODE_B GDN evt=WAYPOINT_REACHED sev=INFO comp=ROUTE_MGR wp=WP-305 note=waypoint_105_reached
1944917723.747 NODE_B GDN evt=GUIDANCE_STATUS sev=INFO comp=GUIDANCE_CORE mode=NOMINAL hb=44 note=periodic_guidance_status
1944917799.629 NODE_B GDN evt=WAYPOINT_REACHED sev=INFO comp=ROUTE_MGR wp=WP-306 note=waypoint_106_reached
1944917963.543 NODE_B GDN evt=GUIDANCE_STATUS sev=INFO comp=GUIDANCE_CORE mode=NOMINAL hb=45 note=periodic_guidance_status
