20310819T120030.578Z;NODE_A;CONDITION_SAMPLE;NAV_ENV;-;-;-;100;alt_band=L0 spd_band=S0 fuel_state=OK link=UP phase=PREFLIGHT
20310819T120159.144Z;NODE_A;STATE_CHANGE;DISPLAY_SVC;MODE_STD;MODE_ALT;-;101;display mode changed
20310819T120207.670Z;NODE_A;STATE_CHANGE;DISPLAY_SVC;MODE_ALT;MODE_STD;-;102;display mode changed
20310819T120320.367Z;NODE_A;PHASE_CHANGE;FLIGHT_PHASE;PREFLIGHT;CLIMB;-;103;phase transition PREFLIGHT to CLIMB

20310819T120512.640Z;NODE_A;STATE_CHANGE;SPEED_CTRL;STABLE;ADJUSTING;CMD-7301;105;speed adjustment started
20310819T120520.400Z;NODE_A;STATE_CHANGE;SPEED_CTRL;ADJUSTING;STABLE;CMD-7301;106;speed adjustment finished
20310819T120630.059Z:NODE_A:CONDITION_SAMPLE:NAV_ENV:-;-;-;107;alt_band=L2 spd_band=S2 fuel_state=OK link=UP phase=CLIMB
20310819T120930.382Z;NODE_A;CONDITION_SAMPLE;NAV_ENV;-;-;-;108;alt_band=L2 spd_band=S2 fuel_state=OK link=UP phase=CLIMB
20310819T121035.304Z;NODE_A;STATE_CHANGE;DISPLAY_SVC;MODE_STD;MODE_ALT;-;109;display mode changed
20310819T121039.054Z;NODE_A;STATE_CHANGE;DISPLAY_SVC;MODE_ALT;MODE_STD;-;110;display mode changed
20310819T121226.669Z;NODE_A;STATE_CHANGE;DISPLAY_SVC;MODE_STD;MODE_ALT;-;111;display mode changed
20310819T121230.187Z;NODE_A;STATE_CHANGE;DISPLAY_SVC;MODE_ALT;MODE_STD;-;112;display mode changed
20310819T121230.676Z;NODE_A;CONDITION_SAMPLE;NAV_ENV;-;-;-;113;alt_band=L2 spd_band=S2 fuel_state=OK link=UP phase=CLIMB
20310819T121402.910Z;NODE_A;STATE_CHANGE;ROUTE_MGR;IDLE;REPLANNING;CMD-7312;114;replanning started
20310819T121409.400Z;NODE_A;STATE_CHANGE;ROUTE_MGR;REPLANNING;ACTIVE;PLN-641;115;new plan active
20310819T121412.300Z;NODE_A;PEER_STATE;PEER_NODE_B;NOMINAL;DEGRADED;MSG-9108;116;peer reported degraded
20310819T121419.700Z;NODE_A;PEER_STATE;PEER_NODE_B;DEGRADED;NOMINAL;-;117;peer back to nominal
20310819T121530.234Z;NODE_A;CONDITION_SAMPLE;NAV_ENV;-;-;-;118;alt_band=L2 spd_band=S2 fuel_state=OK link=UP phase=CLIMB
20310819T121830.346Z;NODE_A;CONDITION_SAMPLE;NAV_ENV;-;-;-;119;alt_band=L2 spd_band=S2 fuel_state=OK link=UP phase=CLIMB
20310819T122130.847Z;NODE_A;CONDITION_SAMPLE;NAV_ENV;-;-;-;120;alt_band=L2 spd_band=S2 fuel_state=OK link=UP phase=CLIMB
20310819T122430.713Z;NODE_A;CONDITION_SAMPLE;NAV_ENV;-;-;-;121;alt_band=L2 spd_band=S2 fuel_state=OK link=UP phase=CLIMB
20310819T122610.000Z;NODE_A;PHASE_CHANGE;FLIGHT_PHASE;CLIMB;CRUISE;-;122;phase transition CLIMB to CRUISE
20310819T122730.802Z;NODE_A;CONDITION_SAMPLE;NAV_ENV;-;-;-;123;alt_band=L6 spd_band=S3 fuel_state=OK link=UP phase=CRUISE
20310819T122912.593Z;NODE_A;STATE_CHANGE;DISPLAY_SVC;MODE_STD;MODE_ALT;-;124;display mode changed
20310819T122920.905Z;NODE_A;STATE_CHANGE;DISPLAY_SVC;MODE_ALT;MODE_STD;-;125;display mode changed
20310819T123030.077Z;NODE_A;CONDITION_SAMPLE;NAV_ENV;-;-;-;126;alt_band=L6 spd_band=S3 fuel_state=OK link=UP phase=CRUISE
20310819T123136.400Z;NODE_A;STATE_CHANGE;TIME_SYNC;SYNCED;DEGRADED;-;127;clock offset growing
20310819T123149.600Z;NODE_A;STATE_CHANGE;TIME_SYNC;DEGRADED;SYNCED;RCV-302;128;clock synchronised
20310819T123325.664Z;NODE_A;STATE_CHANGE;DISPLAY_SVC;MODE_STD;MODE_ALT;-;129;display mode changed
20310819T123330.622Z;NODE_A;CONDITION_SAMPLE;NAV_ENV;-;-;-;130;alt_band=L6 spd_band=S3 fuel_state=OK link=UP phase=CRUISE
20310819T123331.934Z;NODE_A;STATE_CHANGE;DISPLAY_SVC;MODE_ALT;MODE_STD;-;131;display mode changed
20310819T123630.690Z;NODE_A;CONDITION_SAMPLE;NAV_ENV;-;-;-;132;alt_band=L6 spd_band=S3 fuel_state=OK link=UP phase=CRUISE
20310819T123930.179Z;NODE_A;CONDITION_SAMPLE;NAV_ENV;-;-;-;133;alt_band=L6 spd_band=S3 fuel_state=OK link=UP phase=CRUISE
20310819T124230.137Z;NODE_A;CONDITION_SAMPLE;NAV_ENV;-;-;-;134;alt_band=L6 spd_band=S3 fuel_state=OK link=UP phase=CRUISE
20310819T124530.376Z;NODE_A;CONDITION_SAMPLE;NAV_ENV;-;-;-;135;alt_band=L6 spd_band=S3 fuel_state=OK link=UP phase=CRUISE
20310819T124705.900Z;NODE_A;STATE_CHANGE;PLAN_SYNC;SYNCED;WAITING;MSG-9141;136;waiting for peer ack
20310819T124717.200Z;NODE_A;STATE_CHANGE;PLAN_SYNC;WAITING;TIMEOUT;MSG-9141;137;ack wait expired
20310819T124719.700Z;NODE_A;STATE_CHANGE;PLAN_SYNC;TIMEOUT;SYNCED;MSG-9144;138;sync restored
20310819T124830.396Z;NODE_A;CONDITION_SAMPLE;NAV_ENV;-;-;-;139;alt_band=L6 spd_band=S3 fuel_state=OK link=UP phase=CRUISE
20310819T125130.486Z;NODE_A;CONDITION_SAMPLE;NAV_ENV;-;-;-;140;alt_band=L6 spd_band=S3 fuel_state=OK link=UP phase=CRUISE
20310819T125430.856Z;NODE_A;CONDITION_SAMPLE;NAV_ENV;-;-;-;141;alt_band=L6 spd_band=S3 fuel_state=OK link=UP phase=CRUISE
20310819T125730.266Z;NODE_A;CONDITION_SAMPLE;NAV_ENV;-;-;-;142;alt_band=L6 spd_band=S3 fuel_state=OK link=UP phase=CRUISE
20310819T125804.346Z;NODE_A;STATE_CHANGE;DISPLAY_SVC;MODE_STD;MODE_ALT;-;143;display mode changed
20310819T125808.133Z;NODE_A;STATE_CHANGE;DISPLAY_SVC;MODE_ALT;MODE_STD;-;144;display mode changed
20310819T130030.588Z;NODE_A;CONDITION_SAMPLE;NAV_ENV;-;-;-;145;alt_band=L6 spd_band=S3 fuel_state=OK link=UP phase=CRUISE
20310819T130330.012Z;NODE_A;CONDITION_SAMPLE;NAV_ENV;-;-;-;146;alt_band=L6 spd_band=S3 fuel_state=OK link=UP phase=CRUISE
20310819T130520.300Z;NODE_A;STATE_CHANGE;PLAN_SYNC;WAITING;SYNCED;MSG-9162;148;sync restored
20310819T130513.100Z;NODE_A;STATE_CHANGE;PLAN_SYNC;SYNCED;WAITING;MSG-9162;147;waiting for peer ack
20310819T130630.180Z;NODE_A;CONDITION_SAMPLE;NAV_ENV;-;-;-;149;alt_band=L6 spd_band=S3 fuel_state=OK link=UP phase=CRUISE
20310819T130930.097Z;NODE_A;CONDITION_SAMPLE;NAV_ENV;-;-;-;150;alt_band=L6 spd_band=S3 fuel_state=OK link=UP phase=CRUISE
20310819T131002.830Z;NODE_A;STATE_CHANGE;ALT_PROFILE;LEVEL;STEPPING;CMD-7319;151;altitude step started
20310819T131014.100Z;NODE_A;STATE_CHANGE;ALT_PROFILE;STEPPING;LEVEL;CMD-7319;152;altitude step finished
20310819T131227.526Z;NODE_A;STATE_CHANGE;DISPLAY_SVC;MODE_STD;MODE_ALT;-;153;display mode changed
20310819T131230.547Z;NODE_A;CONDITION_SAMPLE;NAV_ENV;-;-;-;154;alt_band=L6 spd_band=S3 fuel_state=OK link=UP phase=CRUISE
20310819T131234.759Z;NODE_A;STATE_CHANGE;DISPLAY_SVC;MODE_ALT;MODE_STD;-;155;display mode changed
20310819T131530.139Z;NODE_A;CONDITION_SAMPLE;NAV_ENV;-;-;-;156;alt_band=L6 spd_band=S3 fuel_state=OK link=UP phase=CRUISE
20310819T131830.555Z;NODE_A;CONDITION_SAMPLE;NAV_ENV;-;-;-;157;alt_band=L6 spd_band=S3 fuel_state=OK link=UP phase=CRUISE
20310819T132130.312Z;NODE_A;CONDITION_SAMPLE;NAV_ENV;-;-;-;158;alt_band=L6 spd_band=S3 fuel_state=OK link=UP phase=CRUISE
20310819T132430.667Z;NODE_A;CONDITION_SAMPLE;NAV_ENV;-;-;-;159;alt_band=L6 spd_band=S3 fuel_state=OK link=UP phase=CRUISE
20310819T132730.532Z;NODE_A;CONDITION_SAMPLE;NAV_ENV;-;-;-;160;alt_band=L6 spd_band=S3 fuel_state=OK link=UP phase=CRUISE
20310819T133030.571Z;NODE_A;CONDITION_SAMPLE;NAV_ENV;-;-;-;161;alt_band=L6 spd_band=S3 fuel_state=OK link=UP phase=CRUISE
20310819T133330.269Z;NODE_A;CONDITION_SAMPLE;NAV_ENV;-;-;-;162;alt_band=L6 spd_band=S3 fuel_state=OK link=UP phase=CRUISE
20310819T133411.900Z;NODE_A;PEER_STATE;PEER_NODE_B;NOMINAL;DEGRADED;-;163;peer reported degraded
20310819T133417.600Z;NODE_A;PEER_STATE;PEER_NODE_B;DEGRADED;NOMINAL;-;164;peer back to nominal
20310819T133630.120Z;NODE_A;CONDITION_SAMPLE;NAV_ENV;-;-;-;165;alt_band=L6 spd_band=S3 fuel_state=OK link=UP phase=CRUISE
20310819T133930.045Z;NODE_A;CONDITION_SAMPLE;NAV_ENV;-;-;-;166;alt_band=L6 spd_band=S3 fuel_state=OK link=UP phase=CRUISE
20310819T134230.001Z;NODE_A;CONDITION_SAMPLE;NAV_ENV;-;-;-;167;alt_band=L6 spd_band=S3 fuel_state=OK link=UP phase=CRUISE
20310819T134530.619Z;NODE_A;CONDITION_SAMPLE;NAV_ENV;-;-;-;168;alt_band=L6 spd_band=S3 fuel_state=OK link=UP phase=CRUISE
20310819T134823.300Z;NODE_A;PEER_STATE;PEER_NODE_C;NOMINAL;DEGRADED;MSG-9185;169;peer reported degraded
20310819T134830.587Z;NODE_A;CONDITION_SAMPLE;NAV_ENV;-;-;-;170;alt_band=L6 spd_band=S3 fuel_state=OK link=UP phase=CRUISE
20310819T135130.679Z;NODE_A;CONDITION_SAMPLE;NAV_ENV;-;-;-;171;alt_band=L6 spd_band=S3 fuel_state=OK link=UP phase=CRUISE
20310819T135130.679Z;NODE_A;CONDITION_SAMPLE;NAV_ENV;-;-;-;171;alt_band=L6 spd_band=S3 fuel_state=OK link=UP phase=CRUISE
20310819T135430.608Z;NODE_A;CONDITION_SAMPLE;NAV_ENV;-;-;-;172;alt_band=L6 spd_band=S3 fuel_state=OK link=UP phase=CRUISE
20310819T135730.052Z;NODE_A;CONDITION_SAMPLE;NAV_ENV;-;-;-;173;alt_band=L6 spd_band=S3 fuel_state=OK link=UP phase=CRUISE
20310819T140030.896Z;NODE_A;CONDITION_SAMPLE;NAV_ENV;-;-;-;174;alt_band=L6 spd_band=S3 fuel_state=OK link=UP phase=CRUISE
20310819T140330.099Z;NODE_A;CONDITION_SAMPLE;NAV_ENV;-;-;-;175;alt_band=L6 spd_band=S3 fuel_state=OK link=UP phase=CRUISE
20310819T140522.600Z;NODE_A;STATE_CHANGE;TELEMETRY_SVC;NOMINAL;RECONFIGURING;CFG-0455;176;reconfiguration started
20310819T140530.400Z;NODE_A;STATE_CHANGE;TELEMETRY_SVC;RECONFIGURING;NOMINAL;CFG-0455;177;reconfiguration finished
20310819T140534.300Z;NODE_A;PEER_STATE;PEER_NODE_B;NOMINAL;DEGRADED;MSG-9203;178;peer reported degraded
20310819T140550.100Z;NODE_A;PEER_STATE;PEER_NODE_B;DEGRADED;NOMINAL;-;179;peer back to nominal
20310819T140630.586Z;NODE_A;CONDITION_SAMPLE;NAV_ENV;-;-;-;180;alt_band=L6 spd_band=S3 fuel_state=OK link=UP phase=CRUISE
20310819T140930.486Z;NODE_A;CONDITION_SAMPLE;NAV_ENV;-;-;-;181;alt_band=L6 spd_band=S3 fuel_state=OK link=UP phase=CRUISE
20310819T141230.450Z;NODE_A;CONDITION_SAMPLE;NAV_ENV;-;-;-;182;alt_band=L6 spd_band=S3 fuel_state=OK link=UP phase=CRUISE
20310819T141530.544Z;NODE_A;CONDITION_SAMPLE;NAV_ENV;-;-;-;183;alt_band=L6 spd_band=S3 fuel_state=OK link=UP phase=CRUISE
20310819T141830.011Z;NODE_A;CONDITION_SAMPLE;NAV_ENV;-;-;-;184;alt_band=L6 spd_band=S3 fuel_state=OK link=UP phase=CRUISE
20310819T142008.750Z;NODE_A;STATE_CHANGE;ALT_PROFILE;LEVEL;REVISING;CMD-7340;185;profile revision started
20310819T142013.900Z;NODE_A;STATE_CHANGE;ALT_PROFILE;REVISING;ACTIVE;PLN-652;186;profile revision applied
20310819T142130.470Z;NODE_A;CONDITION_SAMPLE;NAV_ENV;-;-;-;187;alt_band=L6 spd_band=S3 fuel_state=OK link=UP phase=CRUISE
20310819T142430.153Z;NODE_A;CONDITION_SAMPLE;NAV_ENV;-;-;-;188;alt_band=L6 spd_band=S3 fuel_state=OK link=UP phase=CRUISE
20310819T142615.089Z;NODE_A;STATE_CHANGE;DISPLAY_SVC;MODE_STD;MODE_ALT;-;189;display mode changed
20310819T142622.165Z;NODE_A;STATE_CHANGE;DISPLAY_SVC;MODE_ALT;MODE_STD;-;190;display mode changed
20310819T142730.331Z;NODE_A;CONDITION_SAMPLE;NAV_ENV;-;-;-;191;alt_band=L6 spd_band=S3 fuel_state=OK link=UP phase=CRUISE
20310819T142945.730Z;NODE_A;STATE_CHANGE;SPEED_CTRL;STABLE;ADJUSTING;CMD-7351;192;speed adjustment started
20310819T142955.600Z;NODE_A;STATE_CHANGE;SPEED_CTRL;ADJUSTING;STABLE;CMD-7351;193;speed adjustment finished
20310819T143030.039Z;NODE_A;CONDITION_SAMPLE;NAV_ENV;-;-;-;194;alt_band=L6 spd_band=S3 fuel_state=OK link=UP phase=CRUISE
20310819T143330.694Z;NODE_A;CONDITION_SAMPLE;NAV_ENV;-;-;-;195;alt_band=L6 spd_band=S3 fuel_state=OK link=UP phase=CRUISE
20310819T143440.077Z;NODE_A;PHASE_CHANGE;FLIGHT_PHASE;CRUISE;DESCENT;-;196;phase transition CRUISE to DESCENT
20310819T143630.023Z;NODE_A;CONDITION_SAMPLE;NAV_ENV;-;-;-;197;alt_band=L3 spd_band=S2 fuel_state=OK link=UP phase=DESCENT
20310819T143930.149Z;NODE_A;CONDITION_SAMPLE;NAV_ENV;-;-;-;198;alt_band=L3 spd_band=S2 fuel_state=OK link=UP phase=DESCENT
20310819T144230.448Z;NODE_A;CONDITION_SAMPLE;NAV_ENV;-;-;-;199;alt_band=L3 spd_band=S2 fuel_state=OK link=UP phase=DESCENT
20310819T144530.339Z;NODE_A;CONDITION_SAMPLE;NAV_ENV;-;-;-;200;alt_band=L3 spd_band=S2 fuel_state=OK link=UP phase=DESCENT
20310819T144830.311Z;NODE_A;CONDITION_SAMPLE;NAV_ENV;-;-;-;201;alt_band=L3 spd_band=S2 fuel_state=OK link=UP phase=DESCENT
20310819T144930.354Z;NODE_A;PHASE_CHANGE;FLIGHT_PHASE;DESCENT;APPROACH;-;202;phase transition DESCENT to APPROACH
20310819T145130.471Z;NODE_A;CONDITION_SAMPLE;NAV_ENV;-;-;-;203;alt_band=L1 spd_band=S1 fuel_state=OK link=UP phase=APPROACH
20310819T145214.350Z;NODE_A;STATE_CHANGE;SPEED_CTRL;STABLE;ADJUSTING;CMD-7360;204;speed adjustment started
20310819T145227.300Z;NODE_A;STATE_CHANGE;SPEED_CTRL;ADJUSTING;STABLE;CMD-7360;205;speed adjustment finished
20310819T145430.086Z;NODE_A;CONDITION_SAMPLE;NAV_ENV;-;-;-;206;alt_band=L1 spd_band=S1 fuel_state=OK link=UP phase=APPROACH
20310819T145730.666Z;NODE_A;CONDITION_SAMPLE;NAV_ENV;-;-;-;207;alt_band=L1 spd_band=S1 fuel_state=OK link=UP phase=APPROACH
