[ts=2031-08-19T12:00:11.900Z][node=NODE_B][sev=INFO] op=OP-14 action=SESSION_START component=SESSION msg="Maintenance console session opened"
[ts=2031-08-19T12:03:44.554Z][node=NODE_B][sev=INFO] op=OP-14 component=SPEED_CTRL msg="Operator logged maintenance note 299"
[ts=2031-08-19T12:08:23.324Z][node=NODE_B][sev=INFO] op=OP-14 action=ADJUST_DISPLAY component=DISPLAY_SVC msg="Operator changed display brightness"
[ts=2031-08-19T12:08:30.100Z][node=NODE_B][sev=INFO] op=OP-14 action=CONFIG_CHANGE cfg_id=CFG-0440 component=TELEMETRY_SVC msg="Operator updated telemetry sampling profile"
[ts=2031-08-19T12:14:13.400Z][node=NODE_B][sev=INFO] op=OP-14 action=VIEW_CHANGE component=DISPLAY_SVC msg="Operator switched display to page P4"
[ts=2031-08-19T12:15:28.918Z][node=NODE_B][sev=INFO] op=OP-14 action=MAINT_NOTE component=TELEMETRY_SVC msg="Operator logged maintenance note 258"
[ts=2031-08-19T12:19:34.025Z][node=NODE_B][sev=INFO] op=OP-14 action=MAINT_NOTE component=TIME_SYNC msg="Operator logged maintenance note 280"
[ts=2031-08-19T12:25:58.237Z][node=NODE_B][sev=INFO] op=OP-14 action=STATUS_QUERY component=ROUTE_MGR msg="Operator queried status of ROUTE_MGR"
[ts=2031-08-19T12:26:07.138Z][node=NODE_B][sev=INFO] op=OP-14 action=STATUS_QUERY component=COMM_LINK msg="Operator queried status of COMM_LINK"
[ts=2031-08-19T12:30:34.635Z][node=NODE_B][sev=INFO] op=OP-14 action=STATUS_QUERY component=TIME_SYNC msg="Operator queried status of TIME_SYNC"
[ts=2031-08-19T12:31:38.200Z][node=NODE_B][sev=INFO] op=OP-14 action=CONFIG_CHANGE cfg_id=CFG-0450 component=TELEMETRY_SVC msg="Operator updated telemetry sampling profile"
[ts=2031-08-19T12:33:24.284Z][node=NODE_B][sev=INFO] op=OP-14 action=ADJUST_DISPLAY component=DISPLAY_SVC msg="Operator changed display scale"
[ts=2031-08-19T12:39:32.148Z][node=NODE_B][sev=INFO] op=OP-14 action=VIEW_CHANGE component=DISPLAY_SVC msg="Operator switched display to page P1"
[ts=2031-08-19T12:39:48.415Z][node=NODE_B][sev=INFO] op=OP-14 action=STATUS_QUERY component=SENSOR_BUS msg="Operator queried status of SENSOR_BUS"
[ts=2031-08-19T12:41:17.182Z][node=NODE_B][sev=INFO] op=OP-14 action=STATUS_QUERY component=PLAN_SYNC msg="Operator queried status of PLAN_SYNC"
[ts=2031-08-19T12:41:27.407Z][node=NODE_B][sev=INFO] op=OP-14 action=STATUS_QUERY component=TELEMETRY_SVC msg="Operator queried status of TELEMETRY_SVC"
[ts=2031-08-19T12:41:30.451Z][node=NODE_B][sev=INFO] op=OP-14 action=ADJUST_DISPLAY component=DISPLAY_SVC msg="Operator changed display scale"
[ts=2031-08-19T12:44:08.013Z][node=NODE_B][sev=INFO] op=OP-14 action=VIEW_CHANGE component=DISPLAY_SVC msg="Operator switched display to page P2"
[ts=2031-08-19T12:45:17.879Z][node=NODE_B][sev=INFO] op=OP-14 action=VIEW_CHANGE component=DISPLAY_SVC msg="Operator switched display to page P5"
[ts=2031-08-19T12:47:08.100Z][node=NODE_B][sev=INFO] op=OP-14 action=STATUS_QUERY component=NAV_FILTER msg="Operator queried status of NAV_FILTER"
[ts=2031-08-19T12:48:51.723Z][node=NODE_B][sev=INFO] op=OP-14 action=ADJUST_DISPLAY component=DISPLAY_SVC msg="Operator changed display scale"
[ts=2031-08-19T12:49:15.806Z][node=NODE_B][sev=INFO] op=OP-14 action=MAINT_NOTE component=ROUTE_MGR msg="Operator logged maintenance note 224"
[ts=2031-08-19T12:51:07.465Z][node=NODE_B][sev=INFO] op=OP-14 action=ADJUST_DISPLAY component=DISPLAY_SVC msg="Operator changed display brightness"
[ts=2031-08-19T12:51:42.917Z][node=NODE_B][sev=INFO] op=OP-14 action=STATUS_QUERY component=NAV_FILTER msg="Operator queried status of NAV_FILTER"
[ts=2031-08-19T12:53:17.123Z][node=NODE_B][sev=INFO] op=OP-14 action=STATUS_QUERY component=ROUTE_MGR msg="Operator queried status of ROUTE_MGR"
[ts=2031-08-19T13:01:50.765Z][node=NODE_B][sev=INFO] op=OP-14 action=STATUS_QUERY component=SPEED_CTRL msg="Operator queried status of SPEED_CTRL"
[ts=2031-08-19T13:05:09.810Z][node=NODE_B][sev=INFO] op=OP-14 action=CONFIG_CHANGE cfg_id=CFG-0447 component=TELEMETRY_SVC msg="Operator updated telemetry sampling profile"
[ts=2031-08-19T13:09:43.971Z][node=NODE_B][sev=INFO] op=OP-14 action=MAINT_NOTE component=ROUTE_MGR msg="Operator logged maintenance note 293"
[ts=2031-08-19T13:10:41.364Z][node=NODE_B][sev=INFO] op=OP-14 action=STATUS_QUERY component=PLAN_SYNC msg="Operator queried status of PLAN_SYNC"
[ts=2031-08-19T13:18:13.533Z][node=NODE_B][sev=INFO] op=OP-14 action=VIEW_CHANGE component=DISPLAY_SVC msg="Operator switched display to page P1"
[ts=2031-08-19T13:19:39.364Z][node=NODE_B][sev=INFO] op=OP-14 action=STATUS_QUERY component=ROUTE_MGR msg="Operator queried status of ROUTE_MGR"
[ts=2031-08-19T13:21:13.200Z][node=NODE_B][sev=INFO] op=OP-14 action=VIEW_CHANGE component=DISPLAY_SVC msg="Operator switched display to page P1"
[ts=2031-08-19T13:23:54.579Z][node=NODE_B][sev=INFO] op=OP-14 action=MAINT_NOTE component=NAV_FILTER msg="Operator logged maintenance note 250"
[ts=2031-08-19T13:32:57.297Z][node=NODE_B][sev=INFO] op=OP-14 action=STATUS_QUERY component=PLAN_SYNC msg="Operator queried status of PLAN_SYNC"
[ts=2031-08-19T13:35:18.708Z][node=NODE_B][sev=INFO] op=OP-14 action=MAINT_NOTE component=WPT_DB msg="Operator logged maintenance note 278"
[ts=2031-08-19T13:43:14.304Z][node=NODE_B][sev=INFO] op=OP-14 action=STATUS_QUERY component=COMM_LINK msg="Operator queried status of COMM_LINK"
[ts=2031-08-19T13:47:35.748Z][node=NODE_B][sev=INFO] op=OP-14 action=ADJUST_DISPLAY component=DISPLAY_SVC msg="Operator changed display brightness"
[ts=2031-08-19T13:48:40.100Z][node=NODE_B][sev=INFO] op=OP-14 action=STATUS_QUERY component=NAV_FILTER msg="Operator queried status of NAV_FILTER"
[ts=2031-08-19T13:50:54.427Z][node=NODE_B][sev=INFO] op=OP-14 action=STATUS_QUERY component=SENSOR_BUS msg="Operator queried status of SENSOR_BUS"
[ts=2031-08-19T13:52:03.651Z][node=NODE_B][sev=INFO] op=OP-14 action=STATUS_QUERY component=WPT_DB msg="Operator queried status of WPT_DB"
[ts=2031-08-19T13:58:36.503Z][node=NODE_B][sev=INFO] op=OP-14 action=ADJUST_DISPLAY component=DISPLAY_SVC msg="Operator changed display brightness"
[ts=2031-08-19T14:00:42.361Z][node=NODE_B][sev=INFO] op=OP-14 action=VIEW_CHANGE component=DISPLAY_SVC msg="Operator switched display to page P5"
[ts=2031-08-19T14:17:20.205Z][node=NODE_B][sev=INFO] op=OP-14 action=ADJUST_DISPLAY component=DISPLAY_SVC msg="Operator changed display contrast"
[ts=2031-08-19T14:20:18.200Z][node=NODE_B][sev=INFO] op=OP-14 action=VIEW_CHANGE component=DISPLAY_SVC msg="Operator switched display to page P2"
[ts=2031-08-19T14:20:50.300Z][node=NODE_B][sev=INFO] op=OP-14 action=VIEW_CHANGE component=DISPLAY_SVC msg="Operator switched display to page P6"
[ts=2031-08-19T14:28:01.075Z][node=NODE_B][sev=INFO] op=OP-14 action=ADJUST_DISPLAY component=DISPLAY_SVC msg="Operator changed display brightness"
[ts=2031-08-19T14:32:55.262Z][node=NODE_B][sev=INFO] op=OP-14 action=VIEW_CHANGE component=DISPLAY_SVC msg="Operator switched display to page P2"
[ts=2031-08-19T14:33:10.100Z][node=NODE_B][sev=INFO] op=OP-14 action=CONFIG_CHANGE cfg_id=CFG-0463 component=TELEMETRY_SVC msg="Operator updated telemetry sampling profile"
[ts=2031-08-19T14:44:16.427Z][node=NODE_B][sev=INFO] op=OP-14 action=STATUS_QUERY component=WPT_DB msg="Operator queried status of WPT_DB"
[ts=2031-08-19T14:44:49.969Z][node=NODE_B][sev=INFO] op=OP-14 action=VIEW_CHANGE component=DISPLAY_SVC msg="Operator switched display to page P2"
[ts=2031-13-45T14:45:50.700Z][node=NODE_B][sev=INFO] op=OP-14 action=VIEW_CHANGE component=DISPLAY_SVC msg="Operator switched display to page P3"
[ts=2031-08-19T14:52:12.600Z][node=NODE_B][sev=INFO] op=OP-14 action=SUBMIT_COMMAND cmd_id=CMD-7361 attempt=1 component=SPEED_CTRL msg="Operator set speed limit reduction step 2"
[ts=2031-08-19T14:55:57.340Z][node=NODE_B][sev=INFO] op=OP-14 action=MAINT_NOTE component=WPT_DB msg="Operator logged maintenance note 285"
[ts=2031-08-19T14:56:35.099Z][node=NODE_B][sev=INFO] op=OP-14 action=ADJUST_DISPLAY component=DISPLAY_SVC msg="Operator changed display brightness"
