2031-05-12T09:00:47Z|NODE_B|SELFTEST_PASS|ST-001|SELFTEST|NAV_FILTER|INFO|-|-|self test passed cycle 1
2031-05-12T09:06:47Z|NODE_B|SELFTEST_PASS|ST-001|SELFTEST|NAV_FILTER|INFO|-|-|self test passed cycle 2
2031-05-12T09:12:47Z|NODE_B|SELFTEST_PASS|ST-001|SELFTEST|NAV_FILTER|INFO|-|-|self test passed cycle 3
2031-05-12T09:18:47Z|NODE_B|SELFTEST_PASS|ST-001|SELFTEST|NAV_FILTER|INFO|-|-|self test passed cycle 4
2031-05-12T09:24:47Z;NODE_B;SELFTEST_PASS;ST-001;SELFTEST;NAV_FILTER;INFO;-;-;self test passed cycle 5
2031-05-12T09:30:47Z|NODE_B|SELFTEST_PASS|ST-001|SELFTEST|NAV_FILTER|INFO|-|-|self test passed cycle 6
2031-05-12T09:36:47Z|NODE_B|SELFTEST_PASS|ST-001|SELFTEST|NAV_FILTER|INFO|-|-|self test passed cycle 7
2031-05-12T09:37:21Z|NODE_B|TRANSIENT_WARN|FLT-0420|SENSOR_BUS_RETRY|SENSOR_BUS|WARN|-|1|bus retry succeeded
2031-05-12T09:41:09Z|NODE_B|FAULT_RAISED|FLT-2207|NAV_FILTER_DIVERGENCE|NAV_FILTER|ERROR|-|-|residual above divergence limit
2031-05-12T09:41:09Z|NODE_B|FAULT_NOTICE_SENT|FLT-2207|NAV_FILTER_DIVERGENCE|NAV_FILTER|INFO|MSG-775|-|fault notice sent to NODE_A
2031-05-12T09:41:21Z|NODE_B|RECOVERY_STARTED|RCV-55|FILTER_REINIT|NAV_FILTER|INFO|FLT-2207|-|filter reinit scheduled
2031-05-12T09:41:29Z|NODE_B|FAULT_CLEARED|FLT-2207|NAV_FILTER_DIVERGENCE|NAV_FILTER|INFO|RCV-55|20|filter divergence cleared
2031-05-12T09:42:47Z|NODE_B|SELFTEST_PASS|ST-001|SELFTEST|NAV_FILTER|INFO|-|-|self test passed cycle 8
2031-05-12T09:48:47Z|NODE_B|SELFTEST_PASS|ST-001|SELFTEST|NAV_FILTER|INFO|-|-|self test passed cycle 9
2031-05-12T09:54:47Z|NODE_B|SELFTEST_PASS|ST-001|SELFTEST|NAV_FILTER|INFO|-|-|self test passed cycle 10
2031-05-12T10:00:47Z|NODE_B|SELFTEST_PASS|ST-001|SELFTEST|NAV_FILTER|INFO|-|-|self test passed cycle 11
2031-05-12T10:06:47Z|NODE_B|SELFTEST_PASS|ST-001|SELFTEST|NAV_FILTER|INFO|-|-|self test passed cycle 12
2031-05-12T10:12:47Z|NODE_B|SELFTEST_PASS|ST-001|SELFTEST|NAV_FILTER|INFO|-|-|self test passed cycle 13
2031-05-12T10:15:44Z|NODE_B|TRANSIENT_WARN|FLT-0420|SENSOR_BUS_RETRY|SENSOR_BUS|WARN|-|1|bus retry succeeded
2031-05-12T10:18:47Z|NODE_B|SELFTEST_PASS|ST-001|SELFTEST|NAV_FILTER|INFO|-|-|self test passed cycle 14
2031-05-12T10:24:47Z|NODE_B|SELFTEST_PASS|ST-001|SELFTEST|NAV_FILTER|INFO|-|-|self test passed cycle 15
