[ts=2031-05-12T09:00:12.800Z][node=NODE_B][sev=INFO] op=OP-03 action=SESSION_START component=SESSION msg="Maintenance console session opened"
[ts=2031-05-12T09:07:25.227Z][node=NODE_B][sev=INFO] op=OP-03 action=STATUS_QUERY component=SENSOR_BUS msg="Operator queried status of SENSOR_BUS"
[ts=2031-05-12T09:08:14.447Z][node=NODE_B][sev=INFO] op=OP-03 action=MAINT_NOTE component=SPEED_CTRL msg="Operator logged maintenance note 176"
[ts=2031-05-12T09:12:44.800Z][node=NODE_B][sev=INFO] op=OP-03 action=STATUS_QUERY cmd_id component=NAV_FILTER msg="Operator quer
[ts=2031-05-12T09:15:11.980Z][node=NODE_B][sev=INFO] op=OP-03 action=STATUS_QUERY component=COMM_LINK msg="Operator queried status of COMM_LINK"
[ts=2031-05-12T09:25:34.600Z][node=NODE_B][sev=INFO] op=OP-03 action=STATUS_QUERY component=PLAN_SYNC msg="Operator queried status of PLAN_SYNC"
[ts=2031-05-12T09:32:14.844Z][node=NODE_B][sev=INFO] op=OP-03 action=VIEW_CHANGE component=DISPLAY_SVC msg="Operator switched display to page P6"
[ts=2031-05-12T09:32:30.051Z][node=NODE_B][sev=INFO] op=OP-03 action=STATUS_QUERY component=NAV_FILTER msg="Operator queried status of NAV_FILTER"
[ts=2031-05-12T09:33:25.853Z][node=NODE_B][sev=INFO] op=OP-03 action=STATUS_QUERY component=SPEED_CTRL msg="Operator queried status of SPEED_CTRL"
[ts=2031-05-12T09:41:12.500Z][node=NODE_B][sev=INFO] op=OP-03 action=STATUS_QUERY component=NAV_FILTER msg="Operator queried status of NAV_FILTER"
[ts=2031-05-12T09:45:35.038Z][node=NODE_B][sev=INFO] op=OP-03 action=VIEW_CHANGE component=DISPLAY_SVC msg="Operator switched display to page P5"
[ts=2031-05-12T09:47:47.035Z][node=NODE_B][sev=INFO] op=OP-03 action=STATUS_QUERY component=PLAN_SYNC msg="Operator queried status of PLAN_SYNC"
[ts=2031-05-12T09:48:56.118Z][node=NODE_B][sev=INFO] op=OP-03 action=STATUS_QUERY component=SPEED_CTRL msg="Operator queried status of SPEED_CTRL"
[ts=2031-05-12T09:50:59.026Z][node=NODE_B][sev=INFO] op=OP-03 action=STATUS_QUERY component=NAV_FILTER msg="Operator queried status of NAV_FILTER"
[ts=2031-05-12T09:54:10.853Z][node=NODE_B][sev=INFO] op=OP-03 action=ADJUST_DISPLAY component=DISPLAY_SVC msg="Operator changed display scale"
[ts=2031-05-12T10:01:34.311Z][node=NODE_B][sev=INFO] op=OP-03 action=ADJUST_DISPLAY component=DISPLAY_SVC msg="Operator changed display contrast"
[ts=2031-05-12T10:03:38.972Z][node=NODE_B][sev=INFO] op=OP-03 action=ADJUST_DISPLAY component=DISPLAY_SVC msg="Operator changed display scale"
[ts=2031-05-12T10:04:05.247Z][node=NODE_B][sev=INFO] op=OP-03 action=VIEW_CHANGE component=DISPLAY_SVC msg="Operator switched display to page P5"
[ts=2031-05-12T10:04:57.550Z][node=NODE_B][sev=INFO] op=OP-03 action=STATUS_QUERY component=SENSOR_BUS msg="Operator queried status of SENSOR_BUS"
[ts=2031-05-12T10:05:20.400Z][node=NODE_B][sev=INFO] op=OP-03 action=MAINT_NOTE component=SENSOR_BUS msg="Operator logged maintenance note 142"
[ts=2031-05-12T10:17:10.395Z][node=NODE_B][sev=INFO] op=OP-03 action=MAINT_NOTE component=PLAN_SYNC msg="Operator logged maintenance note 198"
[ts=2031-05-12T10:18:51.361Z][node=NODE_B][sev=INFO] op=OP-03 action=STATUS_QUERY component=COMM_LINK msg="Operator queried status of COMM_LINK"
