ts,node,event,plan_id,msg_id,peer,cmd_ref,ack_for,resend_of,component,status,detail
2031-05-12 09:02:04.502,NODE_B,PLAN_REFRESH,PLN-200,,,,,,PLAN_CACHE,OK,periodic plan cache refresh
2031-05-12 09:05:20.822,NODE_B,MESSAGE_RECEIVED,PLN-300,MSG-701,NODE_A,,,,PLAN_SYNC,RECEIVED,periodic status plan sync
2031-05-12 09:05:21.060,NODE_B,MESSAGE_ACK,PLN-300,,NODE_A,,MSG-701,,PLAN_SYNC,ACKED,acknowledged
2031-05-12 09:15:40.544,NODE_B,MESSAGE_RECEIVED,PLN-301,MSG-703,NODE_A,,,,PLAN_SYNC,RECEIVED,periodic status plan sync
2031-05-12 09:15:40.768,NODE_B,MESSAGE_ACK,PLN-301,,NODE_A,,MSG-703,,PLAN_SYNC,ACKED,acknowledged
2031-05-12 09:17:04.671,NODE_B,PLAN_REFRESH,PLN-201,,,,,,PLAN_CACHE,OK,"refresh complete, no changes"
2031-05-12 09:25:30.435,NODE_B,MESSAGE_RECEIVED,PLN-308,MSG-740,NODE_A,,,,PLAN_SYNC,RECEIVED,periodic status plan sync
2031-05-12 09:25:30.691,NODE_B,MESSAGE_ACK,PLN-308,,NODE_A,,MSG-740,,PLAN_SYNC,ACKED,acknowledged
2031-05-12 09:32:04.610,NODE_B,PLAN_REFRESH,PLN-202,,,,,,PLAN_CACHE,OK,periodic plan cache refresh
2031-05-12 09:41:06.700,NODE_B,MESSAGE_RECEIVED,PLN-310,MSG-771,NODE_A,,,,PLAN_SYNC,RECEIVED,plan PLN-310 received
2031-05-12 09:41:06.980,NODE_B,MESSAGE_ACK,PLN-310,,NODE_A,,MSG-771,,PLAN_SYNC,ACKED,acknowledged
2031-05-12 09:47:04.569,NODE_B,PLAN_REFRESH,PLN-203,,,,,,PLAN_CACHE,OK,periodic plan cache refresh
2031-05-12 09:52:10.298,NODE_B,MESSAGE_RECEIVED,PLN-302,MSG-705,NODE_A,,,,PLAN_SYNC,RECEIVED,periodic status plan sync
2031-05-12 09:52:10.690,NODE_B,MESSAGE_ACK,PLN-302,,NODE_A,,MSG-705,,PLAN_SYNC,ACKED,acknowledged
2031-05-12 09:58:30.238,NODE_B,MESSAGE_SENT,PLN-306,MSG-715,NODE_C,,,,PLAN_SYNC,SENT,peer status report
2031-05-12 09:58:31.243,NODE_B,EXCHANGE_COMPLETE,PLN-306,MSG-715,NODE_C,,,,PLAN_SYNC,COMPLETE,exchange closed
2031-05-12 10:02:04.564,NODE_B,PLAN_REFRESH,PLN-204,,,,,,PLAN_CACHE,OK,"refresh complete, no changes"
2031-05-12 10:17:04.846,NODE_B,PLAN_REFRESH,PLN-205,,,,,,PLAN_CACHE,OK,periodic plan cache refresh
2031-05-12 10:20:40.573,NODE_B,MESSAGE_RECEIVED,PLN-303,MSG-709,NODE_A,,,,PLAN_SYNC,RECEIVED,periodic status plan sync
2031-05-12 10:20:40.764,NODE_B,MESSAGE_ACK,PLN-303,,NODE_A,,MSG-709,,PLAN_SYNC,ACKED,acknowledged
