20310512T090031.840Z;NODE_B;CONDITION_SAMPLE;NAV_ENV;-;-;-;100;alt_band=L0 spd_band=S0 fuel_state=OK link=UP phase=PREFLIGHT
20310512T090130.504Z;NODE_B;PHASE_CHANGE;FLIGHT_PHASE;PREFLIGHT;CLIMB;-;101;phase transition PREFLIGHT to CLIMB
20310512T091031.074Z;NODE_B;CONDITION_SAMPLE;NAV_ENV;-;-;-;102;alt_band=L2 spd_band=S2 fuel_state=OK link=UP phase=CLIMB
20310512T091107.400Z;NODE_B;STATE_CHANGE;SENSOR_BUS;NOMINAL;RETRY;-;103;bus retry started
20310512T091108.900Z;NODE_B;STATE_CHANGE;SENSOR_BUS;RETRY;NOMINAL;-;104;bus retry recovered
20310512T092000.353Z;NODE_B;PHASE_CHANGE;FLIGHT_PHASE;CLIMB;CRUISE;-;105;phase transition CLIMB to CRUISE
20310512T092031.660Z;NODE_B;CONDITION_SAMPLE;NAV_ENV;-;-;-;106;alt_band=L5 spd_band=S3 fuel_state=OK link=UP phase=CRUISE
20310512T093031.327Z;NODE_B;CONDITION_SAMPLE;NAV_ENV;-;-;-;107;alt_band=L5 spd_band=S3 fuel_state=OK link=UP phase=CRUISE
20310512T094031.495Z;NODE_B;CONDITION_SAMPLE;NAV_ENV;-;-;-;108;alt_band=L5 spd_band=S3 fuel_state=OK link=UP phase=CRUISE
20310512T094108.900Z;NODE_B;STATE_CHANGE;NAV_FILTER;NOMINAL;DEGRADED;-;109;filter degraded
20310512T094121.200Z;NODE_B;STATE_CHANGE;NAV_FILTER;DEGRADED;RECOVERING;RCV-55;110;filter recovering
20310512T094128.600Z;NODE_B;STATE_CHANGE;NAV_FILTER;RECOVERING;NOMINAL;RCV-55;111;filter nominal
20310512T095031.231Z;NODE_B;CONDITION_SAMPLE;NAV_ENV;-;-;-;112;alt_band=L5 spd_band=S3 fuel_state=OK link=UP phase=CRUISE
20310512T095845.100Z;NODE_B;STATE_CHANGE;SENSOR_BUS;NOMINAL;RETRY;-;113;bus retry started
20310512T095846.300Z;NODE_B;STATE_CHANGE;SENSOR_BUS;RETRY;NOMINAL;-;114;bus retry recovered
20310512T100031.315Z;NODE_B;CONDITION_SAMPLE;NAV_ENV;-;-;-;115;alt_band=L5 spd_band=S3 fuel_state=OK link=UP phase=CRUISE
20310512T101031.112Z;NODE_B;CONDITION_SAMPLE;NAV_ENV;-;-;-;116;alt_band=L5 spd_band=S3 fuel_state=OK link=UP phase=CRUISE
20310512T101200.370Z;NODE_B;PHASE_CHANGE;FLIGHT_PHASE;CRUISE;DESCENT;-;117;phase transition CRUISE to DESCENT
20310512T102031.494Z;NODE_B;CONDITION_SAMPLE;NAV_ENV;-;-;-;118;alt_band=L3 spd_band=S2 fuel_state=OK link=UP phase=DESCENT
20310512T102400.427Z;NODE_B;PHASE_CHANGE;FLIGHT_PHASE;DESCENT;APPROACH;-;119;phase transition DESCENT to APPROACH
