[ts=2031-05-12T09:00:10.300Z][node=NODE_A][sev=INFO] op=OP-07 action=SESSION_START origin=ZZ-ALPHA dest=ZZ-BRAVO component=SESSION msg="Operator session opened for simulated session SIM-S01"
[ts=2031-05-12T09:00:38.187Z][node=NODE_A][sev=INFO] op=OP-07 action=ADJUST_DISPLAY component=DISPLAY_SVC msg="Operator changed display contrast"
[ts=2031-05-12T09:03:09.053Z][node=NODE_A][sev=INFO] op=OP-07 action=ADJUST_DISPLAY component=DISPLAY_SVC msg="Operator changed display brightness"
[ts=2031-05-12T09:09:14.500Z][node=NODE_A][sev=INFO] op=OP-07 action=SUBMIT_COMMAND cmd_id=CMD-1001 attempt=1 component=ROUTE_MGR msg="Operator confirmed route leg 2"
[ts=2031-05-12T09:13:21.851Z][node=NODE_A][sev=INFO] op=OP-07 action=STATUS_QUERY component=SPEED_CTRL msg="Operator queried status of SPEED_CTRL"
[ts=2031-05-12T09:16:56.761Z][node=NODE_A][sev=INFO] op=OP-07 action=STATUS_QUERY component=COMM_LINK msg="Operator queried status of COMM_LINK"
[ts=2031-05-12T09:25:10.200Z][node=NODE_A][sev=INFO] op=OP-07 action=SUBMIT_COMMAND cmd_id=CMD-1030 attempt=1 component=ALT_PROFILE msg="Operator requested routine altitude profile step"
[ts=2031-05-12T09:41:02.120Z][node=NODE_A][sev=INFO] op=OP-07 action=SUBMIT_COMMAND cmd_id=CMD-1042 attempt=1 component=ROUTE_MGR msg="Operator requested alternate route profile ALT-2"
[ts=2031-05-12T09:41:03.900Z][node=NODE_A][sev=INFO] op=OP-07 action=SUBMIT_COMMAND cmd_id=CMD-1042 attempt=2 component=ROUTE_MGR msg="Operator resubmitted route profile request (no feedback shown)"
[node=NODE_A][sev=INFO] op=OP-07 action=VIEW_CHANGE component=DISPLAY_SVC msg="Operator opened fault panel"
[ts=2031-05-12T09:41:30.400Z][node=NODE_A][sev=INFO] op=OP-07 action=ACK_ALERT alert_id=FLT-2207 component=NAV_FILTER msg="Operator acknowledged alert FLT-2207"
[ts=2031-05-12T09:47:22.300Z][node=NODE_A][sev=INFO] op=OP-07 action=SUBMIT_COMMAND cmd_id=CMD-1012 attempt=1 component=ROUTE_MGR msg="Operator confirmed route leg 5"
[ts=2031-05-12T10:03:56.626Z][node=NODE_A][sev=INFO] op=OP-07 action=STATUS_QUERY component=SPEED_CTRL msg="Operator queried status of SPEED_CTRL"
[ts=2031-05-12T10:05:08.300Z][node=NODE_A][sev=INFO] op=OP-07 action=SUBMIT_COMMAND cmd_id=CMD-1018 attempt=1 component=SPEED_CTRL msg="Operator lowered speed limit by 12 percent"
[ts=2031-05-12T10:05:16.200Z][node=NODE_A][sev=INFO] op=OP-07 action=STATUS_QUERY component=SPEED_CTRL msg="Operator queried status of SPEED_CTRL"
[ts=2031-05-12T10:07:14.500Z][node=NODE_A][sev=INFO] op=OP-07 action=MAINT_NOTE component=COMM_LINK msg="Operator logged maintenance note 165"
[ts=2031-05-12T10:07:52.148Z][node=NODE_A][sev=INFO] op=OP-07 action=STATUS_QUERY component=SPEED_CTRL msg="Operator queried status of SPEED_CTRL"
[ts=2031-05-12T10:14:08.900Z][node=NODE_A][sev=INFO] op=OP-07 action=SUBMIT_COMMAND cmd_id=CMD-1033 attempt=1 component=ROUTE_MGR msg="Operator confirmed descent briefing items"
[ts=2031-05-12T10:16:44.045Z][node=NODE_A][sev=INFO] op=OP-07 action=STATUS_QUERY component=SENSOR_BUS msg="Operator queried status of SENSOR_BUS"
[ts=2031-05-12T10:23:01.488Z][node=NODE_A][sev=INFO] op=OP-07 action=STATUS_QUERY component=ROUTE_MGR msg="Operator queried status of ROUTE_MGR"
[ts=2031-05-12T10:24:26.417Z][node=NODE_A][sev=INFO] op=OP-07 action=ADJUST_DISPLAY component=DISPLAY_SVC msg="Operator changed display contrast"
