ts,node,event,plan_id,msg_id,peer,cmd_ref,ack_for,resend_of,component,status,detail
2031-05-12 09:02:00.728,NODE_A,PLAN_REFRESH,PLN-200,,,,,,PLAN_CACHE,OK,"initial route ZZ-ALPHA->ZZ-BRAVO loaded, 6 legs"
2031-05-12 09:05:20.152,NODE_A,MESSAGE_SENT,PLN-300,MSG-702,NODE_C,,,,PLAN_SYNC,SENT,periodic status plan sync
2031-05-12 09:05:20.377,NODE_A,MESSAGE_SENT,PLN-300,MSG-701,NODE_B,,,,PLAN_SYNC,SENT,periodic status plan sync
2031-05-12 09:05:20.889,NODE_A,EXCHANGE_COMPLETE,PLN-300,MSG-702,NODE_C,,,,PLAN_SYNC,COMPLETE,exchange closed
2031-05-12 09:05:21.266,NODE_A,EXCHANGE_COMPLETE,PLN-300,MSG-701,NODE_B,,,,PLAN_SYNC,COMPLETE,exchange closed
2031-05-12 09:15:40.169,NODE_A,MESSAGE_SENT,PLN-301
2031-05-12 09:15:40.283,NODE_A,MESSAGE_SENT,PLN-301,MSG-704,NODE_C,,,,PLAN_SYNC,SENT,periodic status plan sync
2031-05-12 09:15:40.969,NODE_A,EXCHANGE_COMPLETE,PLN-301,MSG-703,NODE_B,,,,PLAN_SYNC,COMPLETE,exchange closed
2031-05-12 09:15:41.123,NODE_A,EXCHANGE_COMPLETE,PLN-301,MSG-704,NODE_C,,,,PLAN_SYNC,COMPLETE,exchange closed
2031-05-12 09:17:00.533,NODE_A,PLAN_REFRESH,PLN-201,,,,,,PLAN_CACHE,OK,"refresh complete, no changes"
2031-05-12 09:25:30.137,NODE_A,MESSAGE_SENT,PLN-308,MSG-740,NODE_B,,,,PLAN_SYNC,SENT,periodic status plan sync
2031-05-12 09:25:30.375,NODE_A,MESSAGE_SENT,PLN-308,MSG-741,NODE_C,,,,PLAN_SYNC,SENT,periodic status plan sync
2031-05-12 09:25:30.944,NODE_A,EXCHANGE_COMPLETE,PLN-308,MSG-740,NODE_B,,,,PLAN_SYNC,COMPLETE,exchange closed
2031-05-12 09:25:31.128,NODE_A,EXCHANGE_COMPLETE,PLN-308,MSG-741,NODE_C,,,,PLAN_SYNC,COMPLETE,exchange closed
2031-05-12 09:32:00.857,NODE_A,PLAN_REFRESH,PLN-202,,,,,,PLAN_CACHE,OK,periodic plan cache refresh
2031-05-12 09:41:02.600,NODE_A,PLAN_REQUEST,PLN-310,,,CMD-1042,,,ROUTE_MGR,REQUESTED,plan request for alternate profile ALT-2
2031-05-12 09:41:06.350,NODE_A,MESSAGE_SENT,PLN-310,MSG-771,NODE_B,,,,PLAN_SYNC,SENT,plan PLN-310 distributed to peer
2031-05-12 09:41:05.900,NODE_A,PLAN_COMPUTED,PLN-310,,,CMD-1042,,,ROUTE_MGR,OK,"6 legs computed, 1 constraint relaxed"
2031-05-12 09:41:06.360,NODE_A,MESSAGE_SENT,PLN-310,MSG-772,NODE_C,,,,PLAN_SYNC,SENT,plan PLN-310 distributed to peer
2031-05-12 09:41:07.600,NODE_A,EXCHANGE_COMPLETE,PLN-310,MSG-771,NODE_B,,,,PLAN_SYNC,COMPLETE,exchange closed
2031-05-12 09:41:25.100,NODE_A,MESSAGE_SENT,PLN-310,MSG-779,NODE_C,,,MSG-772,PLAN_SYNC,SENT,plan PLN-310 resent after peer notice
2031-05-12 09:41:26.100,NODE_A,EXCHANGE_COMPLETE,PLN-310,MSG-779,NODE_C,,,,PLAN_SYNC,COMPLETE,exchange closed
2031-05-12 09:47:00.684,NODE_A,PLAN_REFRESH,PLN-203,,,,,,PLAN_CACHE,OK,"refresh complete, no changes"
2031-05-12 09:52:10.043,NODE_A,MESSAGE_SENT,PLN-302,MSG-705,NODE_B,,,,PLAN_SYNC,SENT,periodic status plan sync
2031-05-12 09:52:10.247,NODE_A,MESSAGE_SENT,PLN-302,MSG-706,NODE_C,,,,PLAN_SYNC,SENT,periodic status plan sync
2031-05-12 09:52:10.931,NODE_A,EXCHANGE_COMPLETE,PLN-302,MSG-705,NODE_B,,,,PLAN_SYNC,COMPLETE,exchange closed
2031-05-12 09:52:11.025,NODE_A,EXCHANGE_COMPLETE,PLN-302,MSG-706,NODE_C,,,,PLAN_SYNC,COMPLETE,exchange closed
2031-05-12 10:02:00.418,NODE_A,PLAN_REFRESH,PLN-204,,,,,,PLAN_CACHE,OK,"refresh complete, no changes"
2031-05-12 10:15:15.634,NODE_A,MESSAGE_RECEIVED,PLN-307,MSG-716,NODE_C,,,,PLAN_SYNC,RECEIVED,peer status report
2031-05-12 10:15:15.950,NODE_A,MESSAGE_ACK,PLN-307,,NODE_C,,MSG-716,,PLAN_SYNC,ACKED,acknowledged
2031-05-12 10:17:00.539,NODE_A,PLAN_REFRESH,PLN-205,,,,,,PLAN_CACHE,OK,"refresh complete, no changes"
2031-05-12 10:20:40.180,NODE_A,MESSAGE_SENT,PLN-303,MSG-709,NODE_B,,,,PLAN_SYNC,SENT,periodic status plan sync
2031-05-12 10:20:40.270,NODE_A,MESSAGE_SENT,PLN-303,MSG-710,NODE_C,,,,PLAN_SYNC,SENT,periodic status plan sync
2031-05-12 10:20:41.021,NODE_A,EXCHANGE_COMPLETE,PLN-303,MSG-709,NODE_B,,,,PLAN_SYNC,COMPLETE,exchange closed
2031-05-12 10:20:41.266,NODE_A,EXCHANGE_COMPLETE,PLN-303,MSG-710,NODE_C,,,,PLAN_SYNC,COMPLETE,exchange closed
