20310512T090030.457Z;NODE_A;CONDITION_SAMPLE;NAV_ENV;-;-;-;100;alt_band=L0 spd_band=S0 fuel_state=OK link=UP phase=PREFLIGHT
20310512T090130.154Z;NODE_A;PHASE_CHANGE;FLIGHT_PHASE;PREFLIGHT;CLIMB;-;101;phase transition PREFLIGHT to CLIMB
20310512T091030.128Z;NODE_A;CONDITION_SAMPLE;NAV_ENV;-;-;-;102;alt_band=L2 spd_band=S2 fuel_state=OK link=UP phase=CLIMB
20310512T092000.000Z;NODE_A;PHASE_CHANGE;FLIGHT_PHASE;CLIMB;CRUISE;-;103;phase transition CLIMB to CRUISE
20310512T092030.659Z;NODE_A;CONDITION_SAMPLE;NAV_ENV;-;-;-;104;alt_band=L5 spd_band=S3 fuel_state=OK link=UP phase=CRUISE
20310512T092510.550Z;NODE_A;STATE_CHANGE;ALT_PROFILE;LEVEL;STEPPING;CMD-1030;105;altitude step started
20310512T092540.300Z;NODE_A;STATE_CHANGE;ALT_PROFILE;STEPPING;LEVEL;CMD-1030;106;altitude step finished
20310512T093030.643Z;NODE_A;CONDITION_SAMPLE;NAV_ENV;-;-;-;107;alt_band=L5 spd_band=S3 fuel_state=OK link=UP phase=CRUISE
20310512T094030.726Z;NODE_A;CONDITION_SAMPLE;NAV_ENV;-;-;-;108;alt_band=L5 spd_band=S3 fuel_state=OK link=UP phase=CRUISE
20310512T094102.480Z;NODE_A;STATE_CHANGE;ROUTE_MGR;IDLE;REPLANNING;CMD-1042;109;replanning started
20310512T094107.900Z;NODE_A;STATE_CHANGE;ROUTE_MGR;REPLANNING;ACTIVE;PLN-310;110;new plan active
20310512T094110.100Z;NODE_A;PEER_STATE;PEER_NODE_B;NOMINAL;DEGRADED;MSG-775;111;peer reported degraded
20310512T094117.200Z;NODE_A;PEER_STATE;PEER_NODE_C;NOMINAL;DEGRADED;MSG-776;112;peer reported degraded
20310512T094127.400Z;NODE_A;PEER_STATE;PEER_NODE_C;DEGRADED;NOMINAL;-;113;peer back to nominal
20310512T094129.200Z;NODE_A;PEER_STATE;PEER_NODE_B;DEGRADED;NOMINAL;-;114;peer back to nominal
20310512T095030.342Z,NODE_A,CONDITION_SAMPLE,NAV_ENV,-,-,-,115,alt_band=L5 spd_band=S3 fuel_state=OK link=UP phase=CRUISE
20310512T100030.697Z;NODE_A;CONDITION_SAMPLE;NAV_ENV;-;-;-;116;alt_band=L5 spd_band=S3 fuel_state=OK link=UP phase=CRUISE
20310512T100508.700Z;NODE_A;STATE_CHANGE;SPEED_CTRL;STABLE;ADJUSTING;CMD-1018;117;speed adjustment started
20310512T101030.364Z;NODE_A;CONDITION_SAMPLE;NAV_ENV;-;-;-;118;alt_band=L5 spd_band=S3 fuel_state=OK link=UP phase=CRUISE
20310512T101200.037Z;NODE_A;PHASE_CHANGE;FLIGHT_PHASE;CRUISE;DESCENT;-;119;phase transition CRUISE to DESCENT
20310512T102030.833Z;NODE_A;CONDITION_SAMPLE;NAV_ENV;-;-;-;120;alt_band=L3 spd_band=S2 fuel_state=OK link=UP phase=DESCENT
20310512T102400.131Z;NODE_A;PHASE_CHANGE;FLIGHT_PHASE;DESCENT;APPROACH;-;121;phase transition DESCENT to APPROACH
