20310819T120032.014Z;NODE_C;CONDITION_SAMPLE;NAV_ENV;-;-;-;100;alt_band=L0 spd_band=S0 fuel_state=OK link=UP phase=PREFLIGHT
20310819T120320.160Z;NODE_C;PHASE_CHANGE;FLIGHT_PHASE;PREFLIGHT;CLIMB;-;101;phase transition PREFLIGHT to CLIMB
20310819T120332.208Z;NODE_C;CONDITION_SAMPLE;NAV_ENV;-;-;-;102;alt_band=L2 spd_band=S2 fuel_state=OK link=UP phase=CLIMB
20310819T120513.950Z;NODE_C;STATE_CHANGE;SPEED_CTRL;STABLE;ADJUSTING;SP-201;103;speed adjustment started
20310819T120520.450Z;NODE_C;STATE_CHANGE;SPEED_CTRL;ADJUSTING;STABLE;SP-201;104;speed adjustment finished
20310819T120632.154Z;NODE_C;CONDITION_SAMPLE;NAV_ENV;-;-;-;105;alt_band=L2 spd_band=S2 fuel_state=OK link=UP phase=CLIMB
20310819T120652.341Z;NODE_C;STATE_CHANGE;DISPLAY_SVC;MODE_STD;MODE_ALT;-;106;display mode changed
20310819T120700.026Z;NODE_C;STATE_CHANGE;DISPLAY_SVC;MODE_ALT;MODE_STD;-;107;display mode changed
20310819T120932.497Z;NODE_C;CONDITION_SAMPLE;NAV_ENV;-;-;-;108;alt_band=L2 spd_band=S2 fuel_state=OK link=UP phase=CLIMB
20310819T121232.845Z;NODE_C;CONDITION_SAMPLE;NAV_ENV;-;-;-;109;alt_band=L2 spd_band=S2 fuel_state=OK link=UP phase=CLIMB
20310819T121408.950Z;NODE_C;STATE_CHANGE;PLAN_CACHE;CURRENT;UPDATING;MSG-9102;110;plan staging started
20310819T121409.700Z;NODE_C;STATE_CHANGE;DISPLAY_SVC;MODE_STD;MODE_ALT;-;111;display mode changed
20310819T121410.220Z;NODE_C;STATE_CHANGE;PLAN_CACHE;UPDATING;CURRENT;PLN-641;112;plan committed
20310819T121532.750Z;NODE_C;CONDITION_SAMPLE;NAV_ENV;-;-;-;113;alt_band=L2 spd_band=S2 fuel_state=OK link=UP phase=CLIMB
20310819T121832.421Z;NODE_C;CONDITION_SAMPLE;NAV_ENV;-;-;-;114;alt_band=L2 spd_band=S2 fuel_state=OK link=UP phase=CLIMB
20310819T122132.281Z;NODE_C;CONDITION_SAMPLE;NAV_ENV;-;-;-;115;alt_band=L2 spd_band=S2 fuel_state=OK link=UP phase=CLIMB
20310819T122432.329Z;NODE_C;CONDITION_SAMPLE;NAV_ENV;-;-;-;116;alt_band=L2 spd_band=S2 fuel_state=OK link=UP phase=CLIMB
20310819T122610.000Z;NODE_C;PHASE_CHANGE;FLIGHT_PHASE;CLIMB;CRUISE;-;117;phase transition CLIMB to CRUISE
20310819T122732.367Z;NODE_C;CONDITION_SAMPLE;NAV_ENV;-;-;-;118;alt_band=L6 spd_band=S3 fuel_state=OK link=UP phase=CRUISE
20310819T123032.272Z;NODE_C;CONDITION_SAMPLE;NAV_ENV;-;-;-;119;alt_band=L6 spd_band=S3 fuel_state=OK link=UP phase=CRUISE
20310819T123134.250Z;NODE_C;STATE_CHANGE;ACTUATOR_SIM;STABLE;ADJUSTING;CMD-7329;120;trim adjustment started
20310819T123144.800Z;NODE_C;STATE_CHANGE;ACTUATOR_SIM;ADJUSTING;STABLE;RCV-303;121;trim reverted
20310819T123332.184Z;NODE_C;CONDITION_SAMPLE;NAV_ENV;-;-;-;122;alt_band=L6 spd_band=S3 fuel_state=OK link=UP phase=CRUISE
20310819T123632.517Z;NODE_C;CONDITION_SAMPLE;NAV_ENV;-;-;-;123;alt_band=L6 spd_band=S3 fuel_state=OK link=UP phase=CRUISE
20310819T123932.822Z;NODE_C;CONDITION_SAMPLE;NAV_ENV;-;-;-;124;alt_band=L6 spd_band=S3 fuel_state=OK link=UP phase=CRUISE
20310819T124232.051Z;NODE_C;CONDITION_SAMPLE;NAV_ENV;-;-;-;125;alt_band=L6 spd_band=S3 fuel_state=OK link=UP phase=CRUISE
20310819T124532.028Z;NODE_C;CONDITION_SAMPLE;NAV_ENV;-;-;-;126;alt_band=L6 spd_band=S3 fuel_state=OK link=UP phase=CRUISE
20310819T124705.700Z;NODE_C;STATE_CHANGE;PLAN_CACHE;CURRENT;UPDATING;MSG-9141;127;plan staging started
20310819T124706.700Z;NODE_C;STATE_CHANGE;PLAN_CACHE;UPDATING;CURRENT;PLN-646;128;plan committed
20310819T124710.300Z;NODE_C;STATE_CHANGE;DISPLAY_SVC;MODE_STD;MODE_ALT;-;129;display mode changed
20310819T124832.024Z;NODE_C;CONDITION_SAMPLE;NAV_ENV;-;-;-;130;alt_band=L6 spd_band=S3 fuel_state=OK link=UP phase=CRUISE
20310819T125132.591Z;NODE_C;CONDITION_SAMPLE;NAV_ENV;-;-;-;131;alt_band=L6 spd_band=S3 fuel_state=OK link=UP phase=CRUISE
20310819T125432.753Z;NODE_C;CONDITION_SAMPLE;NAV_ENV;-;-;-;132;alt_band=L6 spd_band=S3 fuel_state=OK link=UP phase=CRUISE
20310819T125732.066Z;NODE_C;CONDITION_SAMPLE;NAV_ENV;-;-;-;133;alt_band=L6 spd_band=S3 fuel_state=OK link=UP phase=CRUISE
20310819T130032.379Z;NODE_C;CONDITION_SAMPLE;NAV_ENV;-;-;-;134;alt_band=L6 spd_band=S3 fuel_state=OK link=UP phase=CRUISE
20310819T130332.838Z;NODE_C;CONDITION_SAMPLE;NAV_ENV;-;-;-;135;alt_band=L6 spd_band=S3 fuel_state=OK link=UP phase=CRUISE
20310819T130632.442Z;NODE_C;CONDITION_SAMPLE;NAV_ENV;-;-;-;136;alt_band=L6 spd_band=S3 fuel_state=OK link=UP phase=CRUISE
20310819T130932.261Z;NODE_C;CONDITION_SAMPLE;NAV_ENV;-;-;-;137;alt_band=L6 spd_band=S3 fuel_state=OK link=UP phase=CRUISE
20310819T130934.337Z;NODE_C;STATE_CHANGE;DISPLAY_SVC;MODE_STD;MODE_ALT;-;138;display mode changed
20310819T130943.301Z;NODE_C;STATE_CHANGE;DISPLAY_SVC;MODE_ALT;MODE_STD;-;139;display mode changed
20310819T131232.401Z;NODE_C;CONDITION_SAMPLE;NAV_ENV;-;-;-;140;alt_band=L6 spd_band=S3 fuel_state=OK link=UP phase=CRUISE
20310819T131502.500Z;NODE_C;STATE_CHANGE;TELEMETRY_SVC;NOMINAL;RECONFIGURING;CFG-0448;141;reconfiguration started
20310819T131507.900Z;NODE_C;STATE_CHANGE;TELEMETRY_SVC;RECONFIGURING;NOMINAL;CFG-0448;142;reconfiguration finished
20310819T131532.759Z;NODE_C;CONDITION_SAMPLE;NAV_ENV;-;-;-;143;alt_band=L6 spd_band=S3 fuel_state=OK link=UP phase=CRUISE
20310819T131643.948Z;NODE_C;STATE_CHANGE;DISPLAY_SVC;MODE_STD;MODE_ALT;-;144;display mode changed
20310819T131648.002Z;NODE_C;STATE_CHANGE;DISPLAY_SVC;MODE_ALT;MODE_STD;-;145;display mode changed
20310819T131832.073Z;NODE_C;CONDITION_SAMPLE;NAV_ENV;-;-;-;146;alt_band=L6 spd_band=S3 fuel_state=OK link=UP phase=CRUISE
20310819T132111.800Z;NODE_C;STATE_CHANGE;SENSOR_BUS;NOMINAL;DEGRADED;-;147;bus errors rising
20310819T132114.500Z;NODE_C;STATE_CHANGE;SENSOR_BUS;DEGRADED;NOMINAL;RCV-306;148;bus nominal
20310819T132132.252Z;NODE_C;CONDITION_SAMPLE;NAV_ENV;-;-;-;149;alt_band=L6 spd_band=S3 fuel_state=OK link=UP phase=CRUISE
20310819T132432.245Z;NODE_C;CONDITION_SAMPLE;NAV_ENV;-;-;-;150;alt_band=L6 spd_band=S3 fuel_state=OK link=UP phase=CRUISE
20310819T132603.827Z;NODE_C;STATE_CHANGE;DISPLAY_SVC;MODE_STD;MODE_ALT;-;151;display mode changed
20310819T132605.881Z;NODE_C;STATE_CHANGE;DISPLAY_SVC;MODE_ALT;MODE_STD;-;152;display mode changed
20310819T132732.302Z;NODE_C;CONDITION_SAMPLE;NAV_ENV;-;-;-;153;alt_band=L6 spd_band=S3 fuel_state=OK link=UP phase=CRUISE
20310819T133032.372Z;NODE_C;CONDITION_SAMPLE;NAV_ENV;-;-;-;154;alt_band=L6 spd_band=S3 fuel_state=OK link=UP phase=CRUISE;unexpected
20310819T133332.548Z;NODE_C;CONDITION_SAMPLE;NAV_ENV;-;-;-;155;alt_band=L6 spd_band=S3 fuel_state=OK link=UP phase=CRUISE
20310819T133415.800Z;NODE_C;PEER_STATE;PEER_NODE_B;NOMINAL;DEGRADED;-;156;peer reported degraded
20310819T133419.100Z;NODE_C;PEER_STATE;PEER_NODE_B;DEGRADED;NOMINAL;-;157;peer back to nominal
20310819T133632.795Z;NODE_C;CONDITION_SAMPLE;NAV_ENV;-;-;-;158;alt_band=L6 spd_band=S3 fuel_state=OK link=UP phase=CRUISE
20310819T133932.307Z;NODE_C;CONDITION_SAMPLE;NAV_ENV;-;-;-;159;alt_band=L6 spd_band=S3 fuel_state=OK link=UP phase=CRUISE
20310819T134232.546Z;NODE_C;CONDITION_SAMPLE;NAV_ENV;-;-;-;160;alt_band=L6 spd_band=S3 fuel_state=OK link=UP phase=CRUISE
20310819T134532.856Z;NODE_C;CONDITION_SAMPLE;NAV_ENV;-;-;-;161;alt_band=L6 spd_band=S3 fuel_state=OK link=UP phase=CRUISE
20310819T134637.702Z;NODE_C;STATE_CHANGE;DISPLAY_SVC;MODE_STD;MODE_ALT;-;162;display mode changed
20310819T134643.939Z;NODE_C;STATE_CHANGE;DISPLAY_SVC;MODE_ALT;MODE_STD;-;163;display mode changed
20310819T134821.400Z;NODE_C;STATE_CHANGE;PWR_MON;NOMINAL;DEGRADED;-;164;rail monitor degraded
20310819T134832.584Z;NODE_C;CONDITION_SAMPLE;NAV_ENV;-;-;-;165;alt_band=L6 spd_band=S3 fuel_state=OK link=UP phase=CRUISE
20310819T135132.289Z;NODE_C;CONDITION_SAMPLE;NAV_ENV;-;-;-;166;alt_band=L6 spd_band=S3 fuel_state=OK link=UP phase=CRUISE
20310819T135432.135Z;NODE_C;CONDITION_SAMPLE;NAV_ENV;-;-;-;167;alt_band=L6 spd_band=S3 fuel_state=OK link=UP phase=CRUISE
20310819T135732.382Z;NODE_C;CONDITION_SAMPLE;NAV_ENV;-;-;-;168;alt_band=L6 spd_band=S3 fuel_state=OK link=UP phase=CRUISE
20310819T140032.737Z;NODE_C;CONDITION_SAMPLE;NAV_ENV;-;-;-;169;alt_band=L6 spd_band=S3 fuel_state=OK link=UP phase=CRUISE
20310819T140332.094Z;NODE_C;CONDITION_SAMPLE;NAV_ENV;-;-;-;170;alt_band=L6 spd_band=S3 fuel_state=OK link=UP phase=CRUISE
20310819T140632.584Z;NODE_C;CONDITION_SAMPLE;NAV_ENV;-;-;-;171;alt_band=L6 spd_band=S3 fuel_state=OK link=UP phase=CRUISE
20310819T140932.716Z;NODE_C;CONDITION_SAMPLE;NAV_ENV;-;-;-;172;alt_band=L6 spd_band=S3 fuel_state=OK link=UP phase=CRUISE
20310819T141121.823Z;NODE_C;STATE_CHANGE;DISPLAY_SVC;MODE_STD;MODE_ALT;-;173;display mode changed
20310819T141126.648Z;NODE_C;STATE_CHANGE;DISPLAY_SVC;MODE_ALT;MODE_STD;-;174;display mode changed
20310819T141232.543Z;NODE_C;CONDITION_SAMPLE;NAV_ENV;-;-;-;175;alt_band=L6 spd_band=S3 fuel_state=OK link=UP phase=CRUISE
20310819T141532.178Z;NODE_C;CONDITION_SAMPLE;NAV_ENV;-;-;-;176;alt_band=L6 spd_band=S3 fuel_state=OK link=UP phase=CRUISE
20310819T141832.513Z;NODE_C;CONDITION_SAMPLE;NAV_ENV;-;-;-;177;alt_band=L6 spd_band=S3 fuel_state=OK link=UP phase=CRUISE
20310819T142050.100Z;NODE_C;STATE_CHANGE;TELEMETRY_SVC;DEGRADED;NOMINAL;RCV-315;179;queue drained
20310819T142030.700Z;NODE_C;STATE_CHANGE;TELEMETRY_SVC;NOMINAL;DEGRADED;-;178;queue backlog
20310819T142132.391Z;NODE_C;CONDITION_SAMPLE;NAV_ENV;-;-;-;180;alt_band=L6 spd_band=S3 fuel_state=OK link=UP phase=CRUISE
20310819T142432.898Z;NODE_C;CONDITION_SAMPLE;NAV_ENV;-;-;-;181;alt_band=L6 spd_band=S3 fuel_state=OK link=UP phase=CRUISE
20310819T142732.473Z;NODE_C;CONDITION_SAMPLE;NAV_ENV;-;-;-;182;alt_band=L6 spd_band=S3 fuel_state=OK link=UP phase=CRUISE
20310819T142811.199Z;NODE_C;STATE_CHANGE;DISPLAY_SVC;MODE_STD;MODE_ALT;-;183;display mode changed
20310819T142816.190Z;NODE_C;STATE_CHANGE;DISPLAY_SVC;MODE_ALT;MODE_STD;-;184;display mode changed
20310819T142947.550Z;NODE_C;STATE_CHANGE;SPEED_CTRL;STABLE;ADJUSTING;SP-227;185;speed adjustment started
20310819T142955.640Z;NODE_C;STATE_CHANGE;SPEED_CTRL;ADJUSTING;STABLE;SP-227;186;speed adjustment finished
20310819T143032.409Z;NODE_C;CONDITION_SAMPLE;NAV_ENV;-;-;-;187;alt_band=L6 spd_band=S3 fuel_state=OK link=UP phase=CRUISE
20310819T143332.272Z;NODE_C;CONDITION_SAMPLE;NAV_ENV;-;-;-;188;alt_band=L6 spd_band=S3 fuel_state=OK link=UP phase=CRUISE
20310819T143440.042Z;NODE_C;PHASE_CHANGE;FLIGHT_PHASE;CRUISE;DESCENT;-;189;phase transition CRUISE to DESCENT
20310819T143632.821Z;NODE_C;CONDITION_SAMPLE;NAV_ENV;-;-;-;190;alt_band=L3 spd_band=S2 fuel_state=OK link=UP phase=DESCENT
20310819T143711.361Z;NODE_C;STATE_CHANGE;DISPLAY_SVC;MODE_STD;MODE_ALT;-;191;display mode changed
20310819T143718.144Z;NODE_C;STATE_CHANGE;DISPLAY_SVC;MODE_ALT;MODE_STD;-;192;display mode changed
20310819T143932.885Z;NODE_C;CONDITION_SAMPLE;NAV_ENV;-;-;-;193;alt_band=L3 spd_band=S2 fuel_state=OK link=UP phase=DESCENT
20310819T144232.362Z;NODE_C;CONDITION_SAMPLE;NAV_ENV;-;-;-;194;alt_band=L3 spd_band=S2 fuel_state=OK link=UP phase=DESCENT
20310819T144532.738Z;NODE_C;CONDITION_SAMPLE;NAV_ENV;-;-;-;195;alt_band=L3 spd_band=S2 fuel_state=OK link=UP phase=DESCENT
20310819T144832.010Z;NODE_C;CONDITION_SAMPLE;NAV_ENV;-;-;-;196;alt_band=L3 spd_band=S2 fuel_state=OK link=UP phase=DESCENT
20310819T144930.059Z;NODE_C;PHASE_CHANGE;FLIGHT_PHASE;DESCENT;APPROACH;-;197;phase transition DESCENT to APPROACH
20310819T145132.350Z;NODE_C;CONDITION_SAMPLE;NAV_ENV;-;-;-;198;alt_band=L1 spd_band=S1 fuel_state=OK link=UP phase=APPROACH
20310819T145216.150Z;NODE_C;STATE_CHANGE;SPEED_CTRL;STABLE;ADJUSTING;SP-231;199;speed adjustment started
20310819T145224.200Z;NODE_C;STATE_CHANGE;SPEED_CTRL;ADJUSTING;STABLE;RCV-319;200;speed adjustment finished
20310819T145432.521Z;NODE_C;CONDITION_SAMPLE;NAV_ENV;-;-;-;201;alt_band=L1 spd_band=S1 fuel_state=OK link=UP phase=APPROACH
20310819T145732.683Z;NODE_C;CONDITION_SAMPLE;NAV_ENV;-;-;-;202;alt_band=L1 spd_band=S1 fuel_state=OK link=UP phase=APPROACH
