1944907290.480 NODE_A GDN evt=WAYPOINT_REACHED sev=INFO comp=ROUTE_MGR wp=WP-201 note=waypoint_1_reached
1944907380.312 NODE_A GDN evt=GUIDANCE_STATUS sev=INFO comp=GUIDANCE_CORE mode=NOMINAL hb=1 note=periodic_guidance_status
1944907409.041 NODE_A GDN evt=WAYPOINT_REACHED sev=INFO comp=ROUTE_MGR wp=WP-202 note=waypoint_2_reached
1944907510.000 NODE_A GDN evt=WAYPOINT_REACHED sev=INFO comp=ROUTE_MGR wp=WP-203 note=waypoint_3_reached
1944907513.100 NODE_A GDN evt=SETPOINT_SENT sev=INFO comp=SPEED_CTRL cmd=CMD-7301 sp=SP-201 peer=NODE_C note=setpoint_sent_to_peer
1944907514.250 NODE_A GDN evt=SETPOINT_COMPLETE sev=INFO comp=SPEED_CTRL cmd=CMD-7301 sp=SP-201 note=setpoint_cycle_complete
1944907607.088 NODE_A GDN evt=WAYPOINT_REACHED sev=INFO comp=ROUTE_MGR wp=WP-204 note=waypoint_4_reached
1944907620.180 NODE_A GDN evt=GUIDANCE_STATUS sev=INFO comp=GUIDANCE_CORE mode=NOMINAL hb=2 note=periodic_guidance_status
1944907704.057 NODE_A GDN evt=WAYPOINT_REACHED sev=INFO comp=ROUTE_MGR wp=WP-205 note=waypoint_5_reached
1944907800.075 NODE_A GDN evt=WAYPOINT_REACHED sev=INFO comp=ROUTE_MGR wp=WP-206 note=waypoint_6_reached
1944907860.715 NODE_A GDN evt=GUIDANCE_STATUS sev=INFO comp=GUIDANCE_CORE mode=NOMINAL hb=3 note=periodic_guidance_status
1944907908.000 NODE_A GDN evt=WAYPOINT_REACHED sev=INFO comp=ROUTE_MGR wp=WP-207 note=waypoint_7_reached
1944908010.038 NODE_A GDN evt=WAYPOINT_REACHED sev=INFO comp=ROUTE_MGR wp=WP-208 note=waypoint_8_reached
1944908092.042 NODE_A GDN evt=WAYPOINT_REACHED sev=INFO comp=ROUTE_MGR wp=WP-209 note=waypoint_9_reached
1944908100.168 NODE_A GDN evt=GUIDANCE_STATUS sev=INFO comp=GUIDANCE_CORE mode=NOMINAL hb=4 note=periodic_guidance_status
1944908194.047 NODE_A GDN evt=WAYPOINT_REACHED sev=INFO comp=ROUTE_MGR wp=WP-210 note=waypoint_10_reached
1944908308.012 NODE_A GDN evt=WAYPOINT_REACHED sev=INFO comp=ROUTE_MGR wp=WP-211 note=waypoint_11_reached
1944908340.471 NODE_A GDN evt=GUIDANCE_STATUS sev=INFO comp=GUIDANCE_CORE mode=NOMINAL hb=5 note=periodic_guidance_status
1944908400.055 NODE_A GDN evt=WAYPOINT_REACHED sev=INFO comp=ROUTE_MGR wp=WP-212 note=waypoint_12_reached
1944908504.005 NODE_A GDN evt=WAYPOINT_REACHED sev=INFO comp=ROUTE_MGR wp=WP-213 note=waypoint_13_reached
1944908580.234 NODE_A GDN evt=GUIDANCE_STATUS sev=INFO comp=GUIDANCE_CORE mode=NOMINAL hb=6 note=periodic_guidance_status
1944908589.042 NODE_A GDN evt=WAYPOINT_REACHED sev=INFO comp=ROUTE_MGR wp=WP-214 note=waypoint_14_reached
1944908702.084 NODE_A GDN evt=WAYPOINT_REACHED sev=INFO comp=ROUTE_MGR wp=WP-215 note=waypoint_15_reached
1944908799.048 NODE_A GDN evt=WAYPOINT_REACHED sev=INFO comp=ROUTE_MGR wp=WP-216 note=waypoint_16_reached
1944908820.453 NODE_A GDN evt=GUIDANCE_STATUS sev=INFO comp=GUIDANCE_CORE mode=NOMINAL hb=7 note=periodic_guidance_status
1944908900.014 NODE_A GDN evt=WAYPOINT_REACHED sev=INFO comp=ROUTE_MGR wp=WP-217 note=waypoint_17_reached
1944909009.046 NODE_A GDN evt=WAYPOINT_REACHED sev=INFO comp=ROUTE_MGR wp=WP-218 note=waypoint_18_reached
1944909060.874 NODE_A GDN evt=GUIDANCE_STATUS sev=INFO comp=GUIDANCE_CORE mode=NOMINAL hb=8 note=periodic_guidance_status
1944909093.011 NODE_A GDN evt=WAYPOINT_REACHED sev=INFO comp=ROUTE_MGR wp=WP-219 note=waypoint_19_reached
1944909195.000 NODE_A GDN evt=WAYPOINT_REACHED sev=INFO comp=ROUTE_MGR wp=WP-220 note=waypoint_20_reached
1944909293.010 NODE_A GDN evt=WAYPOINT_REACHED sev=INFO comp=ROUTE_MGR wp=WP-221 note=waypoint_21_reached
1944909300.582 NODE_A GDN evt=GUIDANCE_STATUS sev=INFO comp=GUIDANCE_CORE mode=NOMINAL hb=9 note=periodic_guidance_status
194x909402.065 NODE_A GDN evt=WAYPOINT_REACHED sev=INFO comp=ROUTE_MGR wp=WP-222 note=waypoint_22_reached
1944909498.021 NODE_A GDN evt=WAYPOINT_REACHED sev=INFO comp=ROUTE_MGR wp=WP-223 note=waypoint_23_reached
1944909540.377 NODE_A GDN evt=GUIDANCE_STATUS sev=INFO comp=GUIDANCE_CORE mode=NOMINAL hb=10 note=periodic_guidance_status
1944909607.042 NODE_A GDN evt=WAYPOINT_REACHED sev=INFO comp=ROUTE_MGR wp=WP-224 note=waypoint_24_reached
1944909704.007 NODE_A GDN evt=WAYPOINT_REACHED sev=INFO comp=ROUTE_MGR wp=WP-225 note=waypoint_25_reached
1944909780.332 NODE_A GDN evt=GUIDANCE_STATUS sev=INFO comp=GUIDANCE_CORE mode=NOMINAL hb=11 note=periodic_guidance_status
1944909809.005 NODE_A GDN evt=WAYPOINT_REACHED sev=INFO comp=ROUTE_MGR wp=WP-226 note=waypoint_26_reached
1944909907.056 NODE_A GDN evt=WAYPOINT_REACHED sev=INFO comp=ROUTE_MGR wp=WP-227 note=waypoint_27_reached
1944910006.035 NODE_A GDN evt=WAYPOINT_REACHED sev=INFO comp=ROUTE_MGR wp=WP-228 note=waypoint_28_reached
1944910020.764 NODE_A GDN evt=GUIDANCE_STATUS sev=INFO comp=GUIDANCE_CORE mode=NOMINAL hb=12 note=periodic_guidance_status
1944910088.053 NODE_A GDN evt=WAYPOINT_REACHED sev=INFO comp=ROUTE_MGR wp=WP-229 note=waypoint_29_reached
1944910194.073 NODE_A GDN evt=WAYPOINT_REACHED sev=INFO comp=ROUTE_MGR wp=WP-230 note=waypoint_30_reached
1944910260.193 NODE_A GDN evt=GUIDANCE_STATUS sev=INFO comp=GUIDANCE_CORE mode=NOMINAL hb=13 note=periodic_guidance_status
1944910302.027 NODE_A GDN evt=WAYPOINT_REACHED sev=INFO comp=ROUTE_MGR wp=WP-231 note=waypoint_31_reached
1944910412.080 NODE_A GDN evt=WAYPOINT_REACHED sev=INFO comp=ROUTE_MGR wp=WP-232 note=waypoint_32_reached
1944910500.436 NODE_A GDN evt=GUIDANCE_STATUS sev=INFO comp=GUIDANCE_CORE mode=NOMINAL hb=14 note=periodic_guidance_status
1944910505.000 NODE_A GDN evt=WAYPOINT_REACHED sev=INFO comp=ROUTE_MGR wp=WP-233 note=waypoint_33_reached
1944910605.079 NODE_A GDN evt=WAYPOINT_REACHED sev=INFO comp=ROUTE_MGR wp=WP-234 note=waypoint_34_reached
1944910688.084 NODE_A GDN evt=WAYPOINT_REACHED sev=INFO comp=ROUTE_MGR wp=WP-235 note=waypoint_35_reached
1944910740.137 NODE_A GDN evt=GUIDANCE_STATUS sev=INFO comp=GUIDANCE_CORE mode=NOMINAL hb=15 note=periodic_guidance_status
1944910810.058 NODE_A GDN evt=WAYPOINT_REACHED sev=INFO comp=ROUTE_MGR wp=WP-236 note=waypoint_36_reached
1944910912.000 NODE_A GDN evt=WAYPOINT_REACHED sev=INFO comp=ROUTE_MGR wp=WP-237 note=waypoint_37_reached
1944910980.334 NODE_A GDN evt=GUIDANCE_STATUS sev=INFO comp=GUIDANCE_CORE mode=NOMINAL hb=16 note=periodic_guidance_status
1944910999.065 NODE_A GDN evt=WAYPOINT_REACHED sev=INFO comp=ROUTE_MGR wp=WP-238 note=waypoint_38_reached
1944911093.028 NODE_A GDN evt=WAYPOINT_REACHED sev=INFO comp=ROUTE_MGR wp=WP-239 note=waypoint_39_reached
1944911205.073 NODE_A GDN evt=WAYPOINT_REACHED sev=INFO comp=ROUTE_MGR wp=WP-240 note=waypoint_40_reached
1944911220.126 NODE_A GDN evt=GUIDANCE_STATUS sev=INFO comp=GUIDANCE_CORE mode=NOMINAL hb=17 note=periodic_guidance_status
1944911289.015 NODE_A GDN evt=WAYPOINT_REACHED sev=INFO comp=ROUTE_MGR wp=WP-241 note=waypoint_41_reached
1944911393.086 NODE_A GDN evt=WAYPOINT_REACHED sev=INFO comp=ROUTE_MGR wp=WP-242 note=waypoint_42_reached
1944911403.300 NODE_A GDN evt=SETPOINT_SENT sev=INFO comp=ALT_PROFILE cmd=CMD-7319 sp=SP-214 peer=NODE_B note=setpoint_sent_to_peer
1944911404.900 NODE_A GDN evt=SETPOINT_COMPLETE sev=INFO comp=ALT_PROFILE cmd=CMD-7319 sp=SP-214 note=setpoint_cycle_complete
1944911460.676 NODE_A GDN evt=GUIDANCE_STATUS sev=INFO comp=GUIDANCE_CORE mode=NOMINAL hb=18 note=periodic_guidance_status
1944911489.074 NODE_A GDN evt=WAYPOINT_REACHED sev=INFO comp=ROUTE_MGR wp=WP-243 note=waypoint_43_reached
1944911596.029 NODE_A GDN evt=WAYPOINT_REACHED sev=INFO comp=ROUTE_MGR wp=WP-244 note=waypoint_44_reached
1944911700.625 NODE_A GDN evt=GUIDANCE_STATUS sev=INFO comp=GUIDANCE_CORE mode=NOMINAL hb=19 note=periodic_guidance_status
1944911709.037 NODE_A GDN evt=WAYPOINT_REACHED sev=INFO comp=ROUTE_MGR wp=WP-245 note=waypoint_45_reached
1944911790.000 NODE_A GDN evt=WAYPOINT_REACHED sev=INFO comp=ROUTE_MGR wp=WP-246 note=waypoint_46_reached
1944911905.025 NODE_A GDN evt=WAYPOINT_REACHED sev=INFO comp=ROUTE_MGR wp=WP-247 note=waypoint_47_reached
1944911940.762 NODE_A GDN evt=GUIDANCE_STATUS sev=INFO comp=GUIDANCE_CORE mode=NOMINAL hb=20 note=periodic_guidance_status
1944912002.029 NODE_A GDN evt=WAYPOINT_REACHED sev=INFO comp=ROUTE_MGR wp=WP-248 note=waypoint_48_reached
1944912095.085 NODE_A GDN evt=WAYPOINT_REACHED sev=INFO comp=ROUTE_MGR wp=WP-249 note=waypoint_49_reached
1944912180.248 NODE_A GDN evt=GUIDANCE_STATUS sev=INFO comp=GUIDANCE_CORE mode=NOMINAL hb=21 note=periodic_guidance_status
1944912212.007 NODE_A GDN evt=WAYPOINT_REACHED sev=INFO comp=ROUTE_MGR wp=WP-250 note=waypoint_50_reached
1944912302.071 NODE_A GDN evt=WAYPOINT_REACHED sev=INFO comp=ROUTE_MGR wp=WP-251 note=waypoint_51_reached
1944912404.054 NODE_A GDN evt=WAYPOINT_REACHED sev=INFO comp=ROUTE_MGR wp=WP-252 note=waypoint_52_reached
1944912420.613 NODE_A GDN evt=GUIDANCE_STATUS sev=INFO comp=GUIDANCE_CORE mode=NOMINAL hb=22 note=periodic_guidance_status
1944912492.038 NODE_A GDN evt=WAYPOINT_REACHED sev=INFO comp=ROUTE_MGR wp=WP-253 note=waypoint_53_reached
1944912608.000 NODE_A GDN evt=WAYPOINT_REACHED sev=INFO comp=ROUTE_MGR wp=WP-254 note=waypoint_54_reached
1944912660.819 NODE_A GDN evt=GUIDANCE_STATUS sev=INFO comp=GUIDANCE_CORE mode=NOMINAL hb=23 note=periodic_guidance_status
1944912703.047 NODE_A GDN evt=WAYPOINT_REACHED sev=INFO comp=ROUTE_MGR wp=WP-255 note=waypoint_55_reached
1944912806.024 NODE_A GDN evt=WAYPOINT_REACHED sev=INFO comp=ROUTE_MGR wp=WP-256 note=waypoint_56_reached
1944912899.033 NODE_A GDN evt=WAYPOINT_REACHED sev=INFO comp=ROUTE_MGR wp=WP-257 note=waypoint_57_reached
1944912900.710 NODE_A GDN evt=GUIDANCE_STATUS sev=INFO comp=GUIDANCE_CORE mode=NOMINAL hb=24 note=periodic_guidance_status
1944912990.028 NODE_A GDN evt=WAYPOINT_REACHED sev=INFO comp=ROUTE_MGR wp=WP-258 note=waypoint_58_reached
1944913101.000 NODE_A GDN evt=WAYPOINT_REACHED sev=INFO comp=ROUTE_MGR wp=WP-259 note=waypoint_59_reached
1944913140.556 NODE_A GDN evt=GUIDANCE_STATUS sev=INFO comp=GUIDANCE_CORE mode=NOMINAL hb=25 ## note=periodic_guidance_status
1944913205.013 NODE_A GDN evt=WAYPOINT_REACHED sev=INFO comp=ROUTE_MGR wp=WP-260 note=waypoint_60_reached
1944913293.045 NODE_A GDN evt=WAYPOINT_REACHED sev=INFO comp=ROUTE_MGR wp=WP-261 note=waypoint_61_reached
1944913380.563 NODE_A GDN evt=GUIDANCE_STATUS sev=INFO comp=GUIDANCE_CORE mode=NOMINAL hb=26 note=periodic_guidance_status
1944913390.090 NODE_A GDN evt=WAYPOINT_REACHED sev=INFO comp=ROUTE_MGR wp=WP-262 note=waypoint_62_reached
1944913489.013 NODE_A GDN evt=WAYPOINT_REACHED sev=INFO comp=ROUTE_MGR wp=WP-263 note=waypoint_63_reached
1944913595.039 NODE_A GDN evt=WAYPOINT_REACHED sev=INFO comp=ROUTE_MGR wp=WP-264 note=waypoint_64_reached
1944913620.693 NODE_A GDN evt=GUIDANCE_STATUS sev=INFO comp=GUIDANCE_CORE mode=NOMINAL hb=27 note=periodic_guidance_status
1944913695.076 NODE_A GDN evt=WAYPOINT_REACHED sev=INFO comp=ROUTE_MGR wp=WP-265 note=waypoint_65_reached
1944913807.062 NODE_A GDN evt=WAYPOINT_REACHED sev=INFO comp=ROUTE_MGR wp=WP-266 note=waypoint_66_reached
1944913860.193 NODE_A GDN evt=GUIDANCE_STATUS sev=INFO comp=GUIDANCE_CORE mode=NOMINAL hb=28 note=periodic_guidance_status
1944913996.043 NODE_A GDN evt=WAYPOINT_REACHED sev=INFO comp=ROUTE_MGR wp=WP-268 note=waypoint_68_reached
1944914099.010 NODE_A GDN evt=WAYPOINT_REACHED sev=INFO comp=ROUTE_MGR wp=WP-269 note=waypoint_69_reached
1944914100.731 NODE_A GDN evt=GUIDANCE_STATUS sev=INFO comp=GUIDANCE_CORE mode=NOMINAL hb=29 note=periodic_guidance_status
1944914209.032 NODE_A GDN evt=WAYPOINT_REACHED sev=INFO comp=ROUTE_MGR wp=WP-270 note=waypoint_70_reached
1944914303.000 NODE_A GDN evt=WAYPOINT_REACHED sev=INFO comp=ROUTE_MGR wp=WP-271 note=waypoint_71_reached
1944914340.856 NODE_A GDN evt=GUIDANCE_STATUS sev=INFO comp=GUIDANCE_CORE mode=NOMINAL hb=30 note=periodic_guidance_status
1944914407.000 NODE_A GDN evt=WAYPOINT_REACHED sev=INFO comp=ROUTE_MGR wp=WP-272 note=waypoint_72_reached
1944914510.063 NODE_A GDN evt=WAYPOINT_REACHED sev=INFO comp=ROUTE_MGR wp=WP-273 note=waypoint_73_reached
1944914580.625 NODE_A GDN evt=GUIDANCE_STATUS sev=INFO comp=GUIDANCE_CORE mode=NOMINAL hb=31 note=periodic_guidance_status
1944914601.014 NODE_A GDN evt=WAYPOINT_REACHED sev=INFO comp=ROUTE_MGR wp=WP-274 note=waypoint_74_reached
1944914703.009 NODE_A GDN evt=WAYPOINT_REACHED sev=INFO comp=ROUTE_MGR wp=WP-275 note=waypoint_75_reached
1944914799.032 NODE_A GDN evt=WAYPOINT_REACHED sev=INFO comp=ROUTE_MGR wp=WP-276 note=waypoint_76_reached
1944914820.102 NODE_A GDN evt=GUIDANCE_STATUS sev=INFO comp=GUIDANCE_CORE mode=NOMINAL hb=32 note=periodic_guidance_status
1944914907.065 NODE_A GDN evt=WAYPOINT_REACHED sev=INFO comp=ROUTE_MGR wp=WP-277 note=waypoint_77_reached
1944915002.069 NODE_A GDN evt=WAYPOINT_REACHED sev=INFO comp=ROUTE_MGR wp=WP-278 note=waypoint_78_reached
1944915060.602 NODE_A GDN evt=GUIDANCE_STATUS sev=INFO comp=GUIDANCE_CORE mode=NOMINAL hb=33 note=periodic_guidance_status
1944915103.057 NODE_A GDN evt=WAYPOINT_REACHED sev=INFO comp=ROUTE_MGR wp=WP-279 note=waypoint_79_reached
1944915192.073 NODE_A GDN evt=WAYPOINT_REACHED sev=INFO comp=ROUTE_MGR wp=WP-280 note=waypoint_80_reached
1944915300.559 NODE_A GDN evt=GUIDANCE_STATUS sev=INFO comp=GUIDANCE_CORE mode=NOMINAL hb=34 note=periodic_guidance_status
1944915307.027 NODE_A GDN evt=WAYPOINT_REACHED sev=INFO comp=ROUTE_MGR wp=WP-281 note=waypoint_81_reached
1944915392.074 NODE_A GDN evt=WAYPOINT_REACHED sev=INFO comp=ROUTE_MGR wp=WP-282 note=waypoint_82_reached
1944915494.072 NODE_A GDN evt=WAYPOINT_REACHED sev=INFO comp=ROUTE_MGR wp=WP-283 note=waypoint_83_reached
1944915540.136 NODE_A GDN evt=GUIDANCE_STATUS sev=INFO comp=GUIDANCE_CORE mode=NOMINAL hb=35 note=periodic_guidance_status
1944915597.025 NODE_A GDN evt=WAYPOINT_REACHED sev=INFO comp=ROUTE_MGR wp=WP-284 note=waypoint_84_reached
1944915702.000 NODE_A GDN evt=WAYPOINT_REACHED sev=INFO comp=ROUTE_MGR wp=WP-285 note=waypoint_85_reached
1944915780.304 NODE_A GDN evt=GUIDANCE_STATUS sev=INFO comp=GUIDANCE_CORE mode=NOMINAL hb=36 note=periodic_guidance_status
1944915812.036 NODE_A GDN evt=WAYPOINT_REACHED sev=INFO comp=ROUTE_MGR wp=WP-286 note=waypoint_86_reached
1944915903.027 NODE_A GDN evt=WAYPOINT_REACHED sev=INFO comp=ROUTE_MGR wp=WP-287 note=waypoint_87_reached
1944915996.000 NODE_A GDN evt=WAYPOINT_REACHED sev=INFO comp=ROUTE_MGR wp=WP-288 note=waypoint_88_reached
1944916020.119 NODE_A GDN evt=GUIDANCE_STATUS sev=INFO comp=GUIDANCE_CORE mode=NOMINAL hb=37 note=periodic_guidance_status
1944916090.060 NODE_A GDN evt=WAYPOINT_REACHED sev=INFO comp=ROUTE_MGR wp=WP-289 note=waypoint_89_reached
1944916186.200 NODE_A GDN evt=SETPOINT_SENT sev=INFO comp=SPEED_CTRL cmd=CMD-7351 sp=SP-227 peer=NODE_C note=setpoint_sent_to_peer
1944916187.800 NODE_A GDN evt=SETPOINT_COMPLETE sev=INFO comp=SPEED_CTRL cmd=CMD-7351 sp=SP-227 note=setpoint_cycle_complete
1944916211.044 NODE_A GDN evt=WAYPOINT_REACHED sev=INFO comp=ROUTE_MGR wp=WP-290 note=waypoint_90_reached
1944916260.430 NODE_A GDN evt=GUIDANCE_STATUS sev=INFO comp=GUIDANCE_CORE mode=NOMINAL hb=38 note=periodic_guidance_status
1944916290.046 NODE_A GDN evt=WAYPOINT_REACHED sev=INFO comp=ROUTE_MGR wp=WP-291 note=waypoint_91_reached
1944916403.070 NODE_A GDN evt=WAYPOINT_REACHED sev=INFO comp=ROUTE_MGR wp=WP-292 note=waypoint_92_reached
1944916500.306 NODE_A GDN evt=GUIDANCE_STATUS sev=INFO comp=GUIDANCE_CORE mode=NOMINAL hb=39 note=periodic_guidance_status
1944916505.055 NODE_A GDN evt=WAYPOINT_REACHED sev=INFO comp=ROUTE_MGR wp=WP-293 note=waypoint_93_reached
1944916600.074 NODE_A GDN evt=WAYPOINT_REACHED sev=INFO comp=ROUTE_MGR wp=WP-294 note=waypoint_94_reached
1944916707.035 NODE_A GDN evt=WAYPOINT_REACHED sev=INFO comp=ROUTE_MGR wp=WP-295 note=waypoint_95_reached
1944916740.253 NODE_A GDN evt=GUIDANCE_STATUS sev=INFO comp=GUIDANCE_CORE mode=NOMINAL hb=40 note=periodic_guidance_status
1944916789.012 NODE_A GDN evt=WAYPOINT_REACHED sev=INFO comp=ROUTE_MGR wp=WP-296 note=waypoint_96_reached
1944916908.027 NODE_A GDN evt=WAYPOINT_REACHED sev=INFO comp=ROUTE_MGR wp=WP-297 note=waypoint_97_reached
1944916980.628 NODE_A GDN evt=GUIDANCE_STATUS sev=INFO comp=GUIDANCE_CORE mode=NOMINAL hb=41 note=periodic_guidance_status
1944916989.000 NODE_A GDN evt=WAYPOINT_REACHED sev=INFO comp=ROUTE_MGR wp=WP-298 note=waypoint_98_reached
1944917097.032 NODE_A GDN evt=WAYPOINT_REACHED sev=INFO comp=ROUTE_MGR wp=WP-299 note=waypoint_99_reached
1944917195.068 NODE_A GDN evt=WAYPOINT_REACHED sev=INFO comp=ROUTE_MGR wp=WP-300 note=waypoint_100_reached
1944917220.610 NODE_A GDN evt=GUIDANCE_STATUS sev=INFO comp=GUIDANCE_CORE mode=NOMINAL hb=42 note=periodic_guidance_status
1944917303.024 NODE_A GDN evt=WAYPOINT_REACHED sev=INFO comp=ROUTE_MGR wp=WP-301 note=waypoint_101_reached
1944917397.017 NODE_A GDN evt=WAYPOINT_REACHED sev=INFO comp=ROUTE_MGR wp=WP-302 note=waypoint_102_reached
1944917460.749 NODE_A GDN evt=GUIDANCE_STATUS sev=INFO comp=GUIDANCE_CORE mode=NOMINAL hb=43 note=periodic_guidance_status
1944917500.035 NODE_A GDN evt=WAYPOINT_REACHED sev=INFO comp=ROUTE_MGR wp=WP-303 note=waypoint_103_reached
1944917534.900 NODE_A GDN evt=SETPOINT_SENT sev=INFO comp=SPEED_CTRL cmd=CMD-7360 sp=SP-231 peer=NODE_C note=setpoint_sent_to_peer
1944917536.400 NODE_A GDN evt=SETPOINT_COMPLETE sev=INFO comp=SPEED_CTRL cmd=CMD-7360 sp=SP-231 note=setpoint_cycle_complete
1944917599.072 NODE_A GDN evt=WAYPOINT_REACHED sev=INFO comp=ROUTE_MGR wp=WP-304 note=waypoint_104_reached
1944917692.000 NODE_A GDN evt=WAYPOINT_REACHED sev=INFO comp=ROUTE_MGR wp=WP-305 note=waypoint_105_reached
1944917700.538 NODE_A GDN evt=GUIDANCE_STATUS sev=INFO comp=GUIDANCE_CORE mode=NOMINAL hb=44 note=periodic_guidance_status
1944917799.067 NODE_A GDN evt=WAYPOINT_REACHED sev=INFO comp=ROUTE_MGR wp=WP-306 note=waypoint_106_reached
1944917940.249 NODE_A GDN evt=GUIDANCE_STATUS sev=INFO comp=GUIDANCE_CORE mode=NOMINAL hb=45 note=periodic_guidance_status
