2031-08-19T12:00:59Z|NODE_B|SELFTEST_PASS|ST-020|SELFTEST_CYCLE|NAV_FILTER|INFO|-|-|self test passed cycle 1
2031-08-19T12:03:59Z|NODE_B|SELFTEST_PASS|ST-020|SELFTEST_CYCLE|NAV_FILTER|INFO|-|-|self test passed cycle 2
2031-08-19T12:06:59Z|NODE_B|SELFTEST_PASS|ST-020|SELFTEST_CYCLE|NAV_FILTER|INFO|-|-|self test passed cycle 3
2031-08-19T12:09:59Z|NODE_B|SELFTEST_PASS|ST-020|SELFTEST_CYCLE|NAV_FILTER|INFO|-|-|self test passed cycle 4
2031-08-19T12:12:59Z|NODE_B|SELFTEST_PASS|ST-020|SELFTEST_CYCLE|NAV_FILTER|INFO|-|-|self test passed cycle 5
2031-08-19T12:14:11Z|NODE_B|FAULT_RAISED|FLT-8412|PLAN_CHECKSUM_MISMATCH|PLAN_CACHE|ERROR|MSG-9101|-|checksum mismatch on staged plan, commit refused
2031-08-19T12:14:11Z|NODE_B|FAULT_NOTICE_SENT|FLT-8412|PLAN_CHECKSUM_MISMATCH|PLAN_CACHE|INFO|MSG-9108|-|fault notice sent to NODE_A
2031-08-19T12:14:16Z|NODE_B|RECOVERY_STARTED|RCV-301|REQUEST_PLAN_RESEND|PLAN_CACHE|INFO|FLT-8412|-|request plan resend
2031-08-19T12:14:19Z|NODE_B|FAULT_CLEARED|FLT-8412|PLAN_CHECKSUM_MISMATCH|PLAN_CACHE|INFO|RCV-301|8|plan cache restored
2031-08-19T12:15:59Z|NODE_B|SELFTEST_PASS|ST-020|SELFTEST_CYCLE|NAV_FILTER|INFO|-|-|self test passed cycle 6
2031-08-19T12:18:59Z|NODE_B|SELFTEST_PASS|ST-020|SELFTEST_CYCLE|NAV_FILTER|INFO|-|-|self test passed cycle 7
2031-08-19T12:21:59Z|NODE_B|SELFTEST_PASS|ST-020|SELFTEST_CYCLE|NAV_FILTER|INFO|-|-|self test passed cycle 8
2031-08-19T12:24:59Z|NODE_B|SELFTEST_PASS|ST-020|SELFTEST_CYCLE|NAV_FILTER|INFO|-|-|self test passed cycle 9
2031-08-19T12:27:59Z|NODE_B|SELFTEST_PASS|ST-020|SELFTEST_CYCLE|NAV_FILTER|INFO|-|-|self test passed cycle 10
2031-08-19T12:30:59Z|NODE_B|SELFTEST_PASS|ST-020|SELFTEST_CYCLE|NAV_FILTER|INFO|-|-|self test passed cycle 11
2031-08-19T12:33:59Z|NODE_B|SELFTEST_PASS|ST-020|SELFTEST_CYCLE|NAV_FILTER|INFO|-|-|self test passed cycle 12
2031-08-19T12:36:59Z||SELFTEST_PASS|ST-020|SELFTEST_CYCLE|NAV_FILTER|INFO|-|-|self test passed cycle 13
2031-08-19T12:39:59Z|NODE_B|SELFTEST_PASS|ST-020|SELFTEST_CYCLE|NAV_FILTER|INFO|-|-|self test passed cycle 14
2031-08-19T12:42:59Z|NODE_B|SELFTEST_PASS|ST-020|SELFTEST_CYCLE|NAV_FILTER|INFO|-|-|self test passed cycle 15
2031-08-19T12:45:59Z|NODE_B|SELFTEST_PASS|ST-020|SELFTEST_CYCLE|NAV_FILTER|INFO|-|-|self test passed cycle 16
2031-08-19T12:47:11Z|NODE_B|TRANSIENT_WARN|FLT-0615|LINK_LATENCY_SPIKE|COMM_LINK|WARN|-|1|latency above threshold, returned to normal
2031-08-19T12:48:59Z|NODE_B|SELFTEST_PASS|ST-020|SELFTEST_CYCLE|NAV_FILTER|INFO|-|-|self test passed cycle 17
2031-08-19T12:49:00Z|NODE_B|TRANSIENT_WARN|FLT-0344|BUS_CRC_RETRY|SENSOR_BUS|WARN|-|1|bus retry succeeded
2031-08-19T12:51:59Z|NODE_B|SELFTEST_PASS|ST-020|SELFTEST_CYCLE|NAV_FILTER|INFO|-|-|self test passed cycle 18
2031-08-19T12:54:59Z|NODE_B|SELFTEST_PASS|ST-020|SELFTEST_CYCLE|NAV_FILTER|INFO|-|-|self test passed cycle 19
2031-08-19T12:57:59Z|NODE_B|SELFTEST_PASS|ST-020|SELFTEST_CYCLE|NAV_FILTER|INFO|-|-|self test passed cycle 20
2031-08-19T13:00:59Z|NODE_B|SELFTEST_PASS|ST-020|SELFTEST_CYCLE|NAV_FILTER|INFO|-|-|self test passed cycle 21
2031-08-19T13:02:43Z|NODE_B|TRANSIENT_WARN|FLT-0615|LINK_LATENCY_SPIKE|COMM_LINK|WARN|-|1|latency above threshold, returned to normal
2031-08-19T13:03:59Z|NODE_B|SELFTEST_PASS|ST-020|SELFTEST_CYCLE|NAV_FILTER|INFO|-|-|self test passed cycle 22
2031-08-19T13:06:20Z|NODE_B|TRANSIENT_WARN|FLT-0615|LINK_LATENCY_SPIKE|COMM_LINK|WARN|-|1|latency above threshold, returned to normal
2031-08-19T13:06:59Z|NODE_B|SELFTEST_PASS|ST-020|SELFTEST_CYCLE|NAV_FILTER|INFO|-|-|self test passed cycle 23
2031-08-19T13:09:59Z|NODE_B|SELFTEST_PASS|ST-020|SELFTEST_CYCLE|NAV_FILTER|INFO|-|-|self test passed cycle 24
2031-08-19T13:12:36Z|NODE_B|TRANSIENT_WARN|FLT-0344|BUS_CRC_RETRY|SENSOR_BUS|WARN|-|1|bus retry succeeded
2031-08-19T13:12:59Z|NODE_B|SELFTEST_PASS|ST-020|SELFTEST_CYCLE|NAV_FILTER|INFO|-|-|self test passed cycle 25
2031-08-19T13:15:59Z|NODE_B|SELFTEST_PASS|ST-020|SELFTEST_CYCLE|NAV_FILTER|INFO|-|-|self test passed cycle 26
2031-08-19T13:18:59Z|NODE_B|SELFTEST_PASS|ST-020|SELFTEST_CYCLE|NAV_FILTER|INFO|-|-|self test passed cycle 27
2031-08-19T13:19:23Z|NODE_B|TRANSIENT_WARN|FLT-0344|BUS_CRC_RETRY|SENSOR_BUS|WARN|-|1|bus retry succeeded
2031-08-19T13:20:32Z|NODE_B|TRANSIENT_WARN|FLT-0615|LINK_LATENCY_SPIKE|COMM_LINK|WARN|-|1|latency above threshold, returned to normal
2031-08-19T13:21:05Z|NODE_B|FAULT_RAISED|FLT-8470|SENSOR_BUS_CRC_ERROR|SENSOR_BUS|ERROR|-|-|crc errors on bus channel 2 (repeat 1)
2031-08-19T13:21:12Z|NODE_B|FAULT_RAISED|FLT-8470|SENSOR_BUS_CRC_ERROR|SENSOR_BUS|ERROR|-|-|crc errors on bus channel 2 (repeat 3)
2031-08-19T13:21:08Z|NODE_B|FAULT_RAISED|FLT-8470|SENSOR_BUS_CRC_ERROR|SENSOR_BUS|ERROR|-|-|crc errors on bus channel 2 (repeat 2)
2031-08-19T13:21:08Z|NODE_B|FAULT_RAISED|FLT-8470|SENSOR_BUS_CRC_ERROR|SENSOR_BUS|ERROR|-|-|crc errors on bus channel 2 (repeat 2)
2031-08-19T13:21:15Z|NODE_B|RECOVERY_STARTED|RCV-305|RESET_BUS_CHANNEL|SENSOR_BUS|INFO|FLT-8470|-|reset bus channel
2031-08-19T13:21:20Z|NODE_B|FAULT_CLEARED|FLT-8470|SENSOR_BUS_CRC_ERROR|SENSOR_BUS|INFO|RCV-305|15|bus errors cleared
2031-08-19T13:21:59Z|NODE_B|SELFTEST_PASS|ST-020|SELFTEST_CYCLE|NAV_FILTER|INFO|-|-|self test passed cycle 28
2031-08-19T13:24:59Z|NODE_B|SELFTEST_PASS|ST-020|SELFTEST_CYCLE|NAV_FILTER|INFO|-|-|self test passed cycle 29
2031-08-19T13:27:59Z|NODE_B|SELFTEST_PASS|ST-020|SELFTEST_CYCLE|NAV_FILTER|INFO|-|-|self test passed cycle 30
2031-08-19T13:30:59Z|NODE_B|SELFTEST_PASS|ST-020|SELFTEST_CYCLE|NAV_FILTER|INFO|-|-|self test passed cycle 31
2031-08-19T13:33:59Z|NODE_B|SELFTEST_PASS|ST-020|SELFTEST_CYCLE|NAV_FILTER|INFO|-|-|self test passed cycle 32
2031-08-19T13:36:59Z|NODE_B|SELFTEST_PASS|ST-020|SELFTEST_CYCLE|NAV_FILTER|INFO|-|-|self test passed cycle 33
2031-08-19T13:39:59Z|NODE_B|SELFTEST_PASS|ST-020|SELFTEST_CYCLE|NAV_FILTER|INFO|-|-|self test passed cycle 34
2031-08-19T13:42:59Z|NODE_B|SELFTEST_PASS|ST-020|SELFTEST_CYCLE|NAV_FILTER|INFO|-|-|self test passed cycle 35
2031-08-19T13:45:59Z|NODE_B|SELFTEST_PASS|ST-020|SELFTEST_CYCLE|NAV_FILTER|INFO|-|-|self test passed cycle 36
2031-08-19T13:48:25Z|NODE_B|TRANSIENT_WARN|FLT-0615|LINK_LATENCY_SPIKE|COMM_LINK|WARN|-|1|latency above threshold, returned to normal
2031-08-19T13:48:59Z|NODE_B|SELFTEST_PASS|ST-020|SELFTEST_CYCLE|NAV_FILTER|INFO|-|-|self test passed cycle 37
2031-08-19T13:51:59Z|NODE_B|SELFTEST_PASS|ST-020|SELFTEST_CYCLE|NAV_FILTER|INFO|-|-|self test passed cycle 38
2031-08-19T13:54:59Z|NODE_B|SELFTEST_PASS|ST-020|SELFTEST_CYCLE|NAV_FILTER|INFO|-|-|self test passed cycle 39
2031-08-19T13:57:59Z|NODE_B|SELFTEST_PASS|ST-020|SELFTEST_CYCLE|NAV_FILTER|INFO|-|-|self test passed cycle 40
2031-08-19T14:00:59Z|NODE_B|SELFTEST_PASS|ST-020|SELFTEST_CYCLE|NAV_FILTER|INFO|-|-|self test passed cycle 41
2031-08-19T14:03:59Z|NODE_B|SELFTEST_PASS|ST-020|SELFTEST_CYCLE|NAV_FILTER|INFO|-|-|self test passed cycle 42
2031-08-19T14:05:40Z|NODE_B|RECOVERY_STARTED|RCV-312|RESTORE_CFG_SNAPSHOT|CFG_STORE|INFO|FLT-8502|-|restore configuration snapshot
2031-08-19T14:05:49Z|NODE_B|FAULT_CLEARED|FLT-8502|CFG_SNAPSHOT_STALE|CFG_STORE|INFO|RCV-312|17|configuration snapshot restored
2031-08-19T14:06:59Z|NODE_B|SELFTEST_PASS|ST-020|SELFTEST_CYCLE|NAV_FILTER|INFO|-|-|self test passed cycle 43
2031-08-19T14:09:59Z|NODE_B|SELFTEST_PASS|ST-020|SELFTEST_CYCLE|NAV_FILTER|INFO|-|-|self test passed cycle 44
2031-08-19T14:12:59Z|NODE_B|SELFTEST_PASS|ST-020|SELFTEST_CYCLE|NAV_FILTER|INFO|-|-|self test passed cycle 45
2031-08-19T14:15:39Z|NODE_B|TRANSIENT_WARN|FLT-0344|BUS_CRC_RETRY|SENSOR_BUS|WARN|-|1|bus retry succeeded
2031-08-19T14:15:59Z|NODE_B|SELFTEST_PASS|ST-020|SELFTEST_CYCLE|NAV_FILTER|INFO|-|-|self test passed cycle 46
2031-08-19T14:18:50Z|NODE_B|TRANSIENT_WARN|FLT-0615|LINK_LATENCY_SPIKE|COMM_LINK|WARN|-|1|latency above threshold, returned to normal
2031-08-19T14:18:59Z|NODE_B|SELFTEST_PASS|ST-020|SELFTEST_CYCLE|NAV_FILTER|INFO|-|-|self test passed cycle 47
2031-08-19T14:20:31Z|NODE_B|FAULT_RAISED|FLT-8520|PROFILE_RANGE_VIOLATION|ALT_PROFILE|ERROR|PLN-652|-|profile segment 3 exceeds configured limits
2031-08-19T14:20:38Z|NODE_B|RECOVERY_STARTED|RCV-314|REVERT_PROFILE|ALT_PROFILE|INFO|FLT-8520|-|revert profile
2031-08-19T14:20:45Z|NODE_B|FAULT_CLEARED|FLT-8520|PROFILE_RANGE_VIOLATION|ALT_PROFILE|INFO|RCV-314|14|profile reverted
2031-08-19T14:21:59Z|NODE_B|SELFTEST_PASS|ST-020|SELFTEST_CYCLE|NAV_FILTER|INFO|-|-|self test passed cycle 48
2031-08-19T14:24:59Z|NODE_B|SELFTEST_PASS|ST-020|SELFTEST_CYCLE|NAV_FILTER|INFO|-|-|self test passed cycle 49
2031-08-19T14:27:59Z|NODE_B|SELFTEST_PASS|ST-020|SELFTEST_CYCLE|NAV_FILTER|INFO|-|-|self test passed cycle 50
2031-08-19T14:30:59Z|NODE_B|SELFTEST_PASS|ST-020|SELFTEST_CYCLE|NAV_FILTER|INFO|-|-|self test passed cycle 51
2031-08-19T14:33:59Z|NODE_B|SELFTEST_PASS|ST-020|SELFTEST_CYCLE|NAV_FILTER|INFO|-|-|self test passed cycle 52
2031-08-19T14:36:59Z|NODE_B|SELFTEST_PASS|ST-020|SELFTEST_CYCLE|NAV_FILTER|INFO|-|-|self test passed cycle 53
2031-08-19T14:39:59Z|NODE_B|SELFTEST_PASS|ST-020|SELFTEST_CYCLE|NAV_FILTER|INFO|-|-|self test passed cycle 54
2031-08-19T14:41:35Z|NODE_B|RECOVERY_STARTED|RCV-318|RESET_BUS_CHANNEL|SENSOR_BUS|INFO|FLT-8470|-|reset bus channel
2031-08-19T14:41:30Z|NODE_B|FAULT_RAISED|FLT-8470|SENSOR_BUS_CRC_ERROR|SENSOR_BUS|ERROR|-|-|crc errors on bus channel 2 (repeat 1)
2031-08-19T14:41:40Z|NODE_B|FAULT_CLEARED|FLT-8470|SENSOR_BUS_CRC_ERROR|SENSOR_BUS|INFO|RCV-318|10|bus errors cleared
2031-08-19T14:42:59Z|NODE_B|SELFTEST_PASS|ST-020|SELFTEST_CYCLE|NAV_FILTER|INFO|-|-|self test passed cycle 55
2031-08-19T14:45:59Z|NODE_B|SELFTEST_PASS|ST-020|SELFTEST_CYCLE|NAV_FILTER|INFO|-|-|self test passed cycle 56
2031-08-19T14:48:43Z|NODE_B|TRANSIENT_WARN|FLT-0615|LINK_LATENCY_SPIKE|COMM_LINK|WARN|-|1|latency above threshold, returned to normal
2031-08-19T14:48:59Z|NODE_B|SELFTEST_PASS|ST-020|SELFTEST_CYCLE|NAV_FILTER|INFO|-|-|self test passed cycle 57
2031-08-19T14:51:59Z|NODE_B|SELFTEST_PASS|ST-020|SELFTEST_CYCLE|NAV_FILTER|INFO|-|-|self test passed cycle 58
2031-08-19T14:52:18Z|NODE_B|TRANSIENT_WARN|FLT-0615|LINK_LATENCY_SPIKE|COMM_LINK|WARN|-|1|latency above threshold, returned to normal
2031-08-19T14:54:59Z|NODE_B|SELFTEST_PASS|ST-020|SELFTEST_CYCLE|NAV_FILTER|INFO|-|-|self test passed cycle 59
2031-08-19T14:57:59Z|NODE_B|SELFTEST_PASS|ST-020|SELFTEST_CYCLE|NAV_FILTER|INFO|-|-|self test passed cycle 60
