ts,node,event,plan_id,msg_id,peer,cmd_ref,ack_for,resend_of,component,status,detail
2031-08-19 12:02:04.834,NODE_B,PLAN_REFRESH,PLN-500,,,,,,PLAN_CACHE,OK,"refresh complete, no changes"
2031-08-19 12:03:20.587,NODE_B,MESSAGE_RECEIVED,PLN-701,MSG-9301,NODE_A,,,,PLAN_SYNC,RECEIVED,periodic status plan sync
2031-08-19 12:03:20.960,NODE_B,MESSAGE_ACK,PLN-701,,NODE_A,,MSG-9301,,PLAN_SYNC,ACKED,acknowledged
2031-08-19 12:06:20.500,NODE_B,MESSAGE_RECEIVED,PLN-601,MSG-9001,NODE_A,,,,PLAN_SYNC,RECEIVED,periodic status plan sync
2031-08-19 12:06:20.740,NODE_B,MESSAGE_ACK,PLN-601,,NODE_A,,MSG-9001,,PLAN_SYNC,ACKED,acknowledged
2031-08-19 12:08:04.214,NODE_B,PLAN_REFRESH,PLN-501,,,,,,PLAN_CACHE,OK,"refresh complete, no changes"
2031-08-19 12:11:20.774,NODE_B,MESSAGE_RECEIVED,PLN-702,MSG-9303,NODE_A,,,,PLAN_SYNC,RECEIVED,periodic status plan sync
2031-08-19 12:11:21.128,NODE_B,MESSAGE_ACK,PLN-702,,NODE_A,,MSG-9303,,PLAN_SYNC,ACKED,acknowledged
2031-08-19 12:14:08.260,NODE_B,MESSAGE_RECEIVED,PLN-641,MSG-9101,NODE_A,,,,PLAN_SYNC,RECEIVED,plan PLN-641 distributed to peer
2031-08-19 12:14:08.540,NODE_B,MESSAGE_ACK,PLN-641,,NODE_A,,MSG-9101,,PLAN_SYNC,ACKED,acknowledged
2031-08-19 12:14:17.610,NODE_B,MESSAGE_RECEIVED,PLN-641,MSG-9109,NODE_A,,,MSG-9101,PLAN_SYNC,RECEIVED,plan PLN-641 resent
2031-08-19 12:14:17.880,NODE_B,MESSAGE_ACK,PLN-641,,NODE_A,,MSG-9109,,PLAN_SYNC,ACKED,acknowledged
2031-08-19 12:19:20.735,NODE_B,MESSAGE_RECEIVED,PLN-703,MSG-9305,NODE_A,,,,PLAN_SYNC,RECEIVED,periodic status plan sync
2031-08-19 12:19:21.093,NODE_B,MESSAGE_ACK,PLN-703,,NODE_A,,MSG-9305,,PLAN_SYNC,ACKED,acknowledged
2031-08-19 12:20:04.623,NODE_B,PLAN_REFRESH,PLN-503,,,,,,PLAN_CACHE,OK,periodic plan cache refresh
2031-08-19 12:20:10.040,NODE_B,MESSAGE_SENT,PLN-801,MSG-9401,NODE_C,,,,PLAN_SYNC,SENT,peer status report
2031-08-19 12:20:10.814,NODE_B,EXCHANGE_COMPLETE,PLN-801,MSG-9401,NODE_C,,,,PLAN_SYNC,COMPLETE,exchange closed
2031-08-19 12:26:04.294,NODE_B,PLAN_REFRESH,PLN-504,,,,,,PLAN_CACHE,OK,periodic plan cache refresh
2031-08-19 12:27:20.353,NODE_B,MESSAGE_RECEIVED,PLN-704,MSG-9307,NODE_A,,,,PLAN_SYNC,RECEIVED,periodic status plan sync
2031-08-19 12:27:20.624,NODE_B,MESSAGE_ACK,PLN-704,,NODE_A,,MSG-9307,,PLAN_SYNC,ACKED,acknowledged
2031-08-19 12:32:04.824,NODE_B,PLAN_REFRESH,PLN-505,,,,,,PLAN_CACHE,OK,"refresh complete, no changes"
2031-08-19 12:35:20.690,NODE_B,MESSAGE_RECEIVED,PLN-705,MSG-9309,NODE_A,,,,PLAN_SYNC,RECEIVED,periodic status plan sync
2031-08-19 12:35:21.068,NODE_B,MESSAGE_ACK,PLN-705,,NODE_A,,MSG-9309,,PLAN_SYNC,ACKED,acknowledged
2031-08-19 12:38:04.211,NODE_B,PLAN_REFRESH,PLN-506,,,,,,PLAN_CACHE,OK,cache revalidated
2031-08-19 12:43:20.400,NODE_B,MESSAGE_RECEIVED,PLN-706,MSG-9311,NODE_A,,,,PLAN_SYNC,RECEIVED,periodic status plan sync
2031-08-19 12:43:20.559,NODE_B,MESSAGE_ACK,PLN-706,,NODE_A,,MSG-9311,,PLAN_SYNC,ACKED,acknowledged
2031-08-19 12:44:04.379,NODE_B,PLAN_REFRESH,PLN-507,,,,,,PLAN_CACHE,OK,"refresh complete, no changes"
2031-08-19 12:45:10.363,NODE_B,MESSAGE_SENT,PLN-802,MSG-9402,NODE_C,,,,PLAN_SYNC,SENT,peer status report
2031-08-19 12:45:11.204,NODE_B,EXCHANGE_COMPLETE,PLN-802,MSG-9402,NODE_C,,,,PLAN_SYNC,COMPLETE,exchange closed
2031-08-19 12:47:05.480,NODE_B,MESSAGE_RECEIVED,PLN-646,MSG-9140,NODE_A,,,,PLAN_SYNC,RECEIVED,plan PLN-646 distributed to peer
2031-08-19 12:47:05.790,NODE_B,MESSAGE_ACK,PLN-646,,NODE_A,,MSG-9140,,PLAN_SYNC,ACKED,acknowledged
2031-08-19 12:50:04.301,NODE_B,PLAN_REFRESH,PLN-508,,,,,,PLAN_CACHE,OK,"refresh complete, no changes"
2031-08-19 12:51:20.775,NODE_B,MESSAGE_RECEIVED,PLN-707,MSG-9313,NODE_A,,,,PLAN_SYNC,RECEIVED,periodic status plan sync
2031-08-19 12:51:21.091,NODE_B,MESSAGE_ACK,PLN-707,,NODE_A,,MSG-9313,,PLAN_SYNC,ACKED,acknowledged
2031-08-19 12:56:04.383,NODE_B,PLAN_REFRESH,PLN-509,,,,,,PLAN_CACHE,OK,cache revalidated
2031-08-19 12:59:20.508,NODE_B,MESSAGE_RECEIVED,PLN-708,MSG-9315,NODE_A,,,,PLAN_SYNC,RECEIVED,periodic status plan sync
2031-08-19 12:59:20.795,NODE_B,MESSAGE_ACK,PLN-708,,NODE_A,,MSG-9315,,PLAN_SYNC,ACKED,acknowledged
2031-08-19 13:02:04.865,NODE_B,PLAN_REFRESH,PLN-510,,,,,,PLAN_CACHE,OK,periodic plan cache refresh
2031-08-19 13:05:10.540,NODE_B,MESSAGE_RECEIVED,PLN-651,MSG-9162,NODE_A,,,,PLAN_SYNC,RECEIVED,periodic status plan sync
2031-08-19 13:05:19.870,NODE_B,MESSAGE_ACK,PLN-651,,NODE_A,,MSG-9162,,PLAN_SYNC,ACKED,acknowledged
2031-08-19 13:07:21.007,NODE_B,MESSAGE_RECEIVED,PLN-709,MSG-9317,NODE_A,,,,PLAN_SYNC,RECEIVED,periodic status plan sync
2031-08-19 13:07:21.182,NODE_B,MESSAGE_ACK,PLN-709,,NODE_A,,MSG-9317,,PLAN_SYNC,ACKED,acknowledged
2031-08-19 13:08:04.813,NODE_B,PLAN_REFRESH,PLN-511,,,,,,PLAN_CACHE,OK,"refresh complete, no changes"
2031-08-19 13:10:10.416,NODE_B,MESSAGE_SENT,PLN-803,MSG-9403,NODE_C,,,,PLAN_SYNC,SENT,peer status report
2031-08-19 13:10:11.410,NODE_B,EXCHANGE_COMPLETE,PLN-803,MSG-9403,NODE_C,,,,PLAN_SYNC,COMPLETE,exchange closed
2031-08-19 13:12:20.580,NODE_B,MESSAGE_RECEIVED,PLN-611,MSG-9011,NODE_A,,,,PLAN_SYNC,RECEIVED,periodic status plan sync
2031-08-19 13:12:20.840,NODE_B,MESSAGE_ACK,PLN-611,,NODE_A,,MSG-9011,,PLAN_SYNC,ACKED,acknowledged
2031-08-19 13:14:04.246,NODE_B,PLAN_REFRESH,PLN-512,,,,,,PLAN_CACHE,OK,"refresh complete, no changes"
2031-08-19 13:15:20.836,NODE_B,MESSAGE_RECEIVED,PLN-710,MSG-9319,NODE_A,,,,PLAN_SYNC,RECEIVED,periodic status plan sync
2031-08-19 13:15:21.210,NODE_B,MESSAGE_ACK,PLN-710,,NODE_A,,MSG-9319,,PLAN_SYNC,ACKED,acknowledged
2031-08-19 13:20:04.035,NODE_B,PLAN_REFRESH,PLN-513,,,,,,PLAN_CACHE,OK,"refresh complete, no changes"
2031-08-19 13:23:20.498,NODE_B,MESSAGE_RECEIVED,PLN-711,MSG-9321,NODE_A,,,,PLAN_SYNC,RECEIVED,periodic status plan sync
2031-08-19 13:23:20.750,NODE_B,MESSAGE_ACK,PLN-711,,NODE_A,,MSG-9321,,PLAN_SYNC,ACKED,acknowledged
2031-08-19 13:26:04.385,NODE_B,PLAN_REFRESH,PLN-514,,,,,,PLAN_CACHE,OK,periodic plan cache refresh
2031-08-19 13:31:20.782,NODE_B,MESSAGE_RECEIVED,PLN-712,MSG-9323,NODE_A,,,,PLAN_SYNC,RECEIVED,periodic status plan sync
2031-08-19 13:31:21.068,NODE_B,MESSAGE_ACK,PLN-712,,NODE_A,,MSG-9323,,PLAN_SYNC,ACKED,acknowledged
2031-08-19 13:32:04.627,NODE_B,PLAN_REFRESH,PLN-515,,,,,,PLAN_CACHE,OK,"refresh complete, no changes"
2031-08-19 13:38:04.832,NODE_B,PLAN_REFRESH,PLN-516,,,,,,PLAN_CACHE,OK,periodic plan cache refresh,x=1
2031-08-19 13:39:20.952,NODE_B,MESSAGE_RECEIVED,PLN-713,MSG-9325,NODE_A,,,,PLAN_SYNC,RECEIVED,periodic status plan sync
2031-08-19 13:39:21.256,NODE_B,MESSAGE_ACK,PLN-713,,NODE_A,,MSG-9325,,PLAN_SYNC,ACKED,acknowledged
2031-08-19 13:44:04.169,NODE_B,PLAN_REFRESH,PLN-517,,,,,,PLAN_CACHE,OK,cache revalidated
2031-08-19 13:47:21.055,NODE_B,MESSAGE_RECEIVED,PLN-714,MSG-9327,NODE_A,,,,PLAN_SYNC,RECEIVED,periodic status plan sync
2031-08-19 13:47:21.258,NODE_B,MESSAGE_ACK,PLN-714,,NODE_A,,MSG-9327,,PLAN_SYNC,ACKED,acknowledged
2031-08-19 13:55:20.532,NODE_B,MESSAGE_RECEIVED,PLN-715,MSG-9329,NODE_A,,,,PLAN_SYNC,RECEIVED,periodic status plan sync
2031-08-19 13:55:20.738,NODE_B,MESSAGE_ACK,PLN-715,,NODE_A,,MSG-9329,,PLAN_SYNC,ACKED,acknowledged
2031-08-19 13:56:04.077,NODE_B,PLAN_REFRESH,PLN-519,,,,,,PLAN_CACHE,OK,periodic plan cache refresh
2031-08-19 14:00:10.335,NODE_B,MESSAGE_SENT,PLN-805,MSG-9404,NODE_C,,,,PLAN_SYNC,SENT,peer status report
2031-08-19 14:00:11.264,NODE_B,EXCHANGE_COMPLETE,PLN-805,MSG-9404,NODE_C,,,,PLAN_SYNC,COMPLETE,exchange closed
2031-08-19 14:02:04.854,NODE_B,PLAN_REFRESH,PLN-520,,,,,,PLAN_CACHE,OK,periodic plan cache refresh
2031-08-19 14:03:20.991,NODE_B,MESSAGE_RECEIVED,PLN-716,MSG-9331,NODE_A,,,,PLAN_SYNC,RECEIVED,periodic status plan sync
2031-08-19 14:03:21.272,NODE_B,MESSAGE_ACK,PLN-716,,NODE_A,,MSG-9331,,PLAN_SYNC,ACKED,acknowledged
2031-08-19 14:08:04.867,NODE_B,PLAN_REFRESH,PLN-521,,,,,,PLAN_CACHE,OK,cache revalidated
2031-08-19 14:11:20.576,NODE_B,MESSAGE_RECEIVED,PLN-717,MSG-9333,NODE_A,,,,PLAN_SYNC,RECEIVED,periodic status plan sync
2031-08-19 14:11:20.985,NODE_B,MESSAGE_ACK,PLN-717,,NODE_A,,MSG-9333,,PLAN_SYNC,ACKED,acknowledged
2031-08-19 14:14:04.880,NODE_B,PLAN_REFRESH,PLN-522,,,,,,PLAN_CACHE,OK,"refresh complete, no changes"
2031-08-19 14:20:13.410,NODE_B,MESSAGE_ACK,PLN-652,,NODE_A,,MSG-9221,,PLAN_SYNC,ACKED,acknowledged
2031-08-19 14:20:13.050,NODE_B,MESSAGE_RECEIVED,PLN-652,MSG-9221,NODE_A,,,,PLAN_SYNC,RECEIVED,plan PLN-652 distributed to peer
2031-08-19 14:25:10.260,NODE_B,MESSAGE_SENT,PLN-806,MSG-9405,NODE_C,,,,PLAN_SYNC,SENT,peer status report
2031-08-19 14:25:11.042,NODE_B,EXCHANGE_COMPLETE,PLN-806,MSG-9405,NODE_C,,,,PLAN_SYNC,COMPLETE,exchange closed
2031-08-19 14:26:04.075,NODE_B,PLAN_REFRESH,PLN-524,,,,,,PLAN_CACHE,OK,cache revalidated
2031-08-19 14:27:20.737,NODE_B,MESSAGE_RECEIVED,PLN-719,MSG-9335,NODE_A,,,,PLAN_SYNC,RECEIVED,periodic status plan sync
2031-08-19 14:27:21.084,NODE_B,MESSAGE_ACK,PLN-719,,NODE_A,,MSG-9335,,PLAN_SYNC,ACKED,acknowledged
2031-08-19 14:31:20.630,NODE_B,MESSAGE_RECEIVED,PLN-621,MSG-9021,NODE_A,,,,PLAN_SYNC,RECEIVED,periodic status plan sync
2031-08-19 14:31:20.880,NODE_B,MESSAGE_ACK,PLN-621,,NODE_A,,MSG-9021,,PLAN_SYNC,ACKED,acknowledged
2031-08-19 14:32:04.851,NODE_B,PLAN_REFRESH,PLN-525,,,,,,PLAN_CACHE,OK,cache revalidated
2031-08-19 14:32:04.851,NODE_B,PLAN_REFRESH,PLN-525,,,,,,PLAN_CACHE,OK,cache revalidated
2031-08-19 14:35:20.732,NODE_B,MESSAGE_RECEIVED,PLN-720,MSG-9337,NODE_A,,,,PLAN_SYNC,RECEIVED,periodic status plan sync
2031-08-19 14:35:21.141,NODE_B,MESSAGE_ACK,PLN-720,,NODE_A,,MSG-9337,,PLAN_SYNC,ACKED,acknowledged
2031-08-19 14:38:04.224,NODE_B,PLAN_REFRESH,PLN-526,,,,,,PLAN_CACHE,OK,"refresh complete, no changes"
2031-08-19 14:43:20.980,NODE_B,MESSAGE_RECEIVED,PLN-721,MSG-9339,NODE_A,,,,PLAN_SYNC,RECEIVED,periodic status plan sync
2031-08-19 14:43:21.194,NODE_B,MESSAGE_ACK,PLN-721,,NODE_A,,MSG-9339,,PLAN_SYNC,ACKED,acknowledged
2031-08-19 14:44:04.446,NODE_B,PLAN_REFRESH,PLN-527,,,,,,PLAN_CACHE,OK,periodic plan cache refresh
2031-08-19 14:50:04.695,NODE_B,PLAN_REFRESH,PLN-528,,,,,,PLAN_CACHE,OK,"refresh complete, no changes"
2031-08-19 14:50:10.243,NODE_B,MESSAGE_SENT,PLN-807,MSG-9406,NODE_C,,,,PLAN_SYNC,SENT,peer status report
2031-08-19 14:50:10.952,NODE_B,EXCHANGE_COMPLETE,PLN-807,MSG-9406,NODE_C,,,,PLAN_SYNC,COMPLETE,exchange closed
2031-08-19 14:56:04.837,NODE_B,PLAN_REFRESH,PLN-529,,,,,,PLAN_CACHE,OK,periodic plan cache refresh
