20310819T120031.712Z;NODE_B;CONDITION_SAMPLE;NAV_ENV;-;-;-;100;alt_band=L0 spd_band=S0 fuel_state=OK link=UP phase=PREFLIGHT
20310819T120320.406Z;NODE_B;PHASE_CHANGE;FLIGHT_PHASE;PREFLIGHT;CLIMB;-;101;phase transition PREFLIGHT to CLIMB
20310819T120331.238Z;NODE_B;CONDITION_SAMPLE;NAV_ENV;-;-;-;102;alt_band=L2 spd_band=S2 fuel_state=OK link=UP phase=CLIMB
20310819T120631.824Z;NODE_B;CONDITION_SAMPLE;NAV_ENV;-;-;-;103;alt_band=L2 spd_band=S2 fuel_state=OK link=UP phase=CLIMB
20310819T120728.177Z;NODE_B;STATE_CHANGE;DISPLAY_SVC;MODE_STD;MODE_ALT;-;104;display mode changed
20310819T120735.581Z;NODE_B;STATE_CHANGE;DISPLAY_SVC;MODE_ALT;MODE_STD;-;105;display mode changed
20310819T120830.400Z;NODE_B;STATE_CHANGE;TELEMETRY_SVC;NOMINAL;RECONFIGURING;CFG-0440;106;reconfiguration started
20310819T120836.800Z;NODE_B;STATE_CHANGE;TELEMETRY_SVC;RECONFIGURING;NOMINAL;CFG-0440;107;reconfiguration finished
20310819T120931.649Z;NODE_B;CONDITION_SAMPLE;NAV_ENV;-;-;-;108;alt_band=L2 spd_band=S2 fuel_state=OK link=UP phase=CLIMB
20310819T121231.273Z;NODE_B;CONDITION_SAMPLE;NAV_ENV;-;-;-;109;alt_band=L2 spd_band=S2 fuel_state=OK link=UP phase=CLIMB
20310819T121408.700Z;NODE_B;STATE_CHANGE;PLAN_CACHE;CURRENT;UPDATING;MSG-9101;110;plan staging started
20310819T121411.250Z;NODE_B;STATE_CHANGE;PLAN_CACHE;UPDATING;FAULTED;-;111;plan cache fault
20310819T121416.400Z;NODE_B;STATE_CHANGE;PLAN_CACHE;FAULTED;RECOVERING;RCV-301;112;plan cache recovering
20310819T121418.500Z;NODE_B;STATE_CHANGE;PLAN_CACHE;RECOVERING;CURRENT;MSG-9109;113;plan committed
20310819T121531.578Z;NODE_B;CONDITION_SAMPLE;NAV_ENV;-;-;-;114;alt_band=L2 spd_band=S2 fuel_state=OK link=UP phase=CLIMB
20310819T121831.056Z;NODE_B;CONDITION_SAMPLE;NAV_ENV;-;-;-;115;alt_band=L2 spd_band=S2 fuel_state=OK link=UP phase=CLIMB
20310819T122052.878Z;NODE_B;STATE_CHANGE;DISPLAY_SVC;MODE_STD;MODE_ALT;-;116;display mode changed
20310819T122057.906Z;NODE_B;STATE_CHANGE;DISPLAY_SVC;MODE_ALT;MODE_STD;-;117;display mode changed
20310819T122131.513Z;NODE_B;CONDITION_SAMPLE;NAV_ENV;-;-;-;118;alt_band=L2 spd_band=S2 fuel_state=OK link=UP phase=CLIMB
20310819T122431.877Z;NODE_B;CONDITION_SAMPLE;NAV_ENV;-;-;-;119;alt_band=L2 spd_band=S2 fuel_state=OK link=UP phase=CLIMB
20310819T122610.000Z;NODE_B;PHASE_CHANGE;FLIGHT_PHASE;CLIMB;CRUISE;-;120;phase transition CLIMB to CRUISE
20310819T122731.529Z;NODE_B;CONDITION_SAMPLE;NAV_ENV;-;-;-;121;alt_band=L6 spd_band=S3 fuel_state=OK link=UP phase=CRUISE
20310819T123031.203Z;NODE_B;CONDITION_SAMPLE;NAV_ENV;-;-;-;122;alt_band=L6 spd_band=S3 fuel_state=OK link=UP phase=CRUISE
20310819T123138.500Z;NODE_B;STATE_CHANGE;TELEMETRY_SVC;NOMINAL;RECONFIGURING;CFG-0450;123;reconfiguration started
20310819T123144.900Z;NODE_B;STATE_CHANGE;TELEMETRY_SVC;RECONFIGURING;NOMINAL;CFG-0450;124;reconfiguration finished
20310819T123331.617Z;NODE_B;CONDITION_SAMPLE;NAV_ENV;-;-;-;125;alt_band=L6 spd_band=S3 fuel_state=OK link=UP phase=CRUISE
20310819T123631.721Z;NODE_B;CONDITION_SAMPLE;NAV_ENV;-;-;-;126;alt_band=L6 spd_band=S3 fuel_state=OK link=UP phase=CRUISE
20310819T273931.896Z;NODE_B;CONDITION_SAMPLE;NAV_ENV;-;-;-;127;alt_band=L6 spd_band=S3 fuel_state=OK link=UP phase=CRUISE
20310819T124217.144Z;NODE_B;STATE_CHANGE;DISPLAY_SVC;MODE_STD;MODE_ALT;-;128;display mode changed
20310819T124224.253Z;NODE_B;STATE_CHANGE;DISPLAY_SVC;MODE_ALT;MODE_STD;-;129;display mode changed
20310819T124231.157Z;NODE_B;CONDITION_SAMPLE;NAV_ENV;-;-;-;130;alt_band=L6 spd_band=S3 fuel_state=OK link=UP phase=CRUISE
20310819T124531.717Z;NODE_B;CONDITION_SAMPLE;NAV_ENV;-;-;-;131;alt_band=L6 spd_band=S3 fuel_state=OK link=UP phase=CRUISE
20310819T124831.392Z;NODE_B;CONDITION_SAMPLE;NAV_ENV;-;-;-;132;alt_band=L6 spd_band=S3 fuel_state=OK link=UP phase=CRUISE
20310819T125131.377Z;NODE_B;CONDITION_SAMPLE;NAV_ENV;-;-;-;133;alt_band=L6 spd_band=S3 fuel_state=OK link=UP phase=CRUISE
20310819T125431.506Z;NODE_B;CONDITION_SAMPLE;NAV_ENV;-;-;-;134;alt_band=L6 spd_band=S3 fuel_state=OK link=UP phase=CRUISE
20310819T125731.643Z;NODE_B;CONDITION_SAMPLE;NAV_ENV;-;-;-;135;alt_band=L6 spd_band=S3 fuel_state=OK link=UP phase=CRUISE
20310819T130031.551Z;NODE_B;CONDITION_SAMPLE;NAV_ENV;-;-;-;136;alt_band=L6 spd_band=S3 fuel_state=OK link=UP phase=CRUISE
20310819T130331.683Z;NODE_B;CONDITION_SAMPLE;NAV_ENV;-;-;-;137;alt_band=L6 spd_band=S3 fuel_state=OK link=UP phase=CRUISE
20310819T130510.100Z;NODE_B;STATE_CHANGE;TELEMETRY_SVC;NOMINAL;RECONFIGURING;CFG-0447;138;reconfiguration started
20310819T130518.700Z;NODE_B;STATE_CHANGE;TELEMETRY_SVC;RECONFIGURING;NOMINAL;CFG-0447;139;reconfiguration finished
20310819T130631.331Z;NODE_B;CONDITION_SAMPLE;NAV_ENV;-;-;-;140;alt_band=L6 spd_band=S3 fuel_state=OK link=UP phase=CRUISE
20310819T130931.019Z;NODE_B;CONDITION_SAMPLE;NAV_ENV;-;-;-;141;alt_band=L6 spd_band=S3 fuel_state=OK link=UP phase=CRUISE
20310819T131004.650Z;NODE_B;STATE_CHANGE;ALT_PROFILE;LEVEL;STEPPING;SP-214;142;altitude step started
20310819T131014.180Z;NODE_B;STATE_CHANGE;ALT_PROFILE;STEPPING;LEVEL;SP-214;143;altitude step finished
20310819T131231.008Z;NODE_B;CONDITION_SAMPLE;NAV_ENV;-;-;-;144;alt_band=L6 spd_band=S3 fuel_state=OK link=UP phase=CRUISE
20310819T131531.513Z;NODE_B;CONDITION_SAMPLE;NAV_ENV;-;-;-;145;alt_band=L6 spd_band=S3 fuel_state=OK link=UP phase=CRUISE
20310819T131557.804Z;NODE_B;STATE_CHANGE;DISPLAY_SVC;MODE_STD;MODE_ALT;-;146;display mode changed
20310819T131606.273Z;NODE_B;STATE_CHANGE;DISPLAY_SVC;MODE_ALT;MODE_STD;-;147;display mode changed
20310819T131818.864Z;NODE_B;STATE_CHANGE;DISPLAY_SVC;MODE_STD;MODE_ALT;-;148;display mode changed
20310819T131822.658Z;NODE_B;STATE_CHANGE;DISPLAY_SVC;MODE_ALT;MODE_STD;-;149;display mode changed
20310819T131831.016Z;NODE_B;CONDITION_SAMPLE;NAV_ENV;-;-;-;150;alt_band=L6 spd_band=S3 fuel_state=OK link=UP phase=CRUISE
20310819T132104.600Z;NODE_B;STATE_CHANGE;SENSOR_BUS;NOMINAL;DEGRADED;-;151;bus errors rising
20310819T132116.700Z;NODE_B;STATE_CHANGE;SENSOR_BUS;DEGRADED;RECOVERING;RCV-305;152;bus recovering
20310819T132119.900Z;NODE_B;STATE_CHANGE;SENSOR_BUS;RECOVERING
20310819T132131.127Z;NODE_B;CONDITION_SAMPLE;NAV_ENV;-;-;-;154;alt_band=L6 spd_band=S3 fuel_state=OK link=UP phase=CRUISE
20310819T132431.837Z;NODE_B;CONDITION_SAMPLE;NAV_ENV;-;-;-;155;alt_band=L6 spd_band=S3 fuel_state=OK link=UP phase=CRUISE
20310819T132731.330Z;NODE_B;CONDITION_SAMPLE;NAV_ENV;-;-;-;156;alt_band=L6 spd_band=S3 fuel_state=OK link=UP phase=CRUISE
20310819T133031.845Z;NODE_B;CONDITION_SAMPLE;NAV_ENV;-;-;-;157;alt_band=L6 spd_band=S3 fuel_state=OK link=UP phase=CRUISE
20310819T133331.469Z;NODE_B;CONDITION_SAMPLE;NAV_ENV;-;-;-;158;alt_band=L6 spd_band=S3 fuel_state=OK link=UP phase=CRUISE
20310819T133410.300Z;NODE_B;STATE_CHANGE;NAV_FILTER;NOMINAL;DEGRADED;-;159;filter degraded
20310819T133416.800Z;NODE_B;STATE_CHANGE;NAV_FILTER;DEGRADED;NOMINAL;-;160;filter nominal
20310819T133523.418Z;NODE_B;STATE_CHANGE;DISPLAY_SVC;MODE_STD;MODE_ALT;-;161;display mode changed
20310819T133528.884Z;NODE_B;STATE_CHANGE;DISPLAY_SVC;MODE_ALT;MODE_STD;-;162;display mode changed
20310819T133631.514Z;NODE_B;CONDITION_SAMPLE;NAV_ENV;-;-;-;163;alt_band=L6 spd_band=S3 fuel_state=OK link=UP phase=CRUISE
20310819T133931.565Z;NODE_B;CONDITION_SAMPLE;NAV_ENV;-;-;-;164;alt_band=L6 spd_band=S3 fuel_state=OK link=UP phase=CRUISE
20310819T134231.830Z;NODE_B;CONDITION_SAMPLE;NAV_ENV;-;-;-;165;alt_band=L6 spd_band=S3 fuel_state=OK link=UP phase=CRUISE
20310819T134531.452Z;NODE_B;CONDITION_SAMPLE;NAV_ENV;-;-;-;166;alt_band=L6 spd_band=S3 fuel_state=OK link=UP phase=CRUISE
20310819T134831.549Z;NODE_B;CONDITION_SAMPLE;NAV_ENV;-;-;-;167;alt_band=L6 spd_band=S3 fuel_state=OK link=UP phase=CRUISE
20310819T135131.277Z;NODE_B;CONDITION_SAMPLE;NAV_ENV;-;-;-;168;alt_band=L6 spd_band=S3 fuel_state=OK link=UP phase=CRUISE
20310819T135431.830Z;NODE_B;CONDITION_SAMPLE;NAV_ENV;-;-;-;169;alt_band=L6 spd_band=S3 fuel_state=OK link=UP phase=CRUISE
20310819T135731.077Z;NODE_B;CONDITION_SAMPLE;NAV_ENV;-;-;-;170;alt_band=L6 spd_band=S3 fuel_state=OK link=UP phase=CRUISE
20310819T140031.050Z;NODE_B;CONDITION_SAMPLE;NAV_ENV;-;-;-;171;alt_band=L6 spd_band=S3 fuel_state=OK link=UP phase=CRUISE
20310819T140331.523Z;NODE_B;CONDITION_SAMPLE;NAV_ENV;-;-;-;172;alt_band=L6 spd_band=S3 fuel_state=OK link=UP phase=CRUISE
20310819T140548.600Z;NODE_B;STATE_CHANGE;CFG_STORE;RECOVERING;NOMINAL;RCV-312;174;config store nominal
20310819T140540.400Z;NODE_B;STATE_CHANGE;CFG_STORE;DEGRADED;RECOVERING;RCV-312;173;config store recovering
20310819T140631.822Z;NODE_B;CONDITION_SAMPLE;NAV_ENV;-;-;-;175;alt_band=L6 spd_band=S3 fuel_state=OK link=UP phase=CRUISE
20310819T140927.527Z;NODE_B;STATE_CHANGE;DISPLAY_SVC;MODE_STD;MODE_ALT;-;176;display mode changed
20310819T140931.438Z;NODE_B;CONDITION_SAMPLE;NAV_ENV;-;-;-;177;alt_band=L6 spd_band=S3 fuel_state=OK link=UP phase=CRUISE
20310819T140934.129Z;NODE_B;STATE_CHANGE;DISPLAY_SVC;MODE_ALT;MODE_STD;-;178;display mode changed
20310819T141231.560Z;NODE_B;CONDITION_SAMPLE;NAV_ENV;-;-;-;179;alt_band=L6 spd_band=S3 fuel_state=OK link=UP phase=CRUISE
20310819T141531.707Z;NODE_B;CONDITION_SAMPLE;NAV_ENV;-;-;-;180;alt_band=L6 spd_band=S3 fuel_state=OK link=UP phase=CRUISE
20310819T141831.876Z;NODE_B;CONDITION_SAMPLE;NAV_ENV;-;-;-;181;alt_band=L6 spd_band=S3 fuel_state=OK link=UP phase=CRUISE
20310819T142014.500Z;NODE_B;STATE_CHANGE;ALT_PROFILE;LEVEL;REVISING;PLN-652;182;profile revision started
20310819T142030.700Z;NODE_B;STATE_CHANGE;ALT_PROFILE;REVISING;FAULTED;-;183;profile rejected
20310819T142038.500Z;NODE_B;STATE_CHANGE;ALT_PROFILE;FAULTED;RECOVERING;RCV-314;184;profile reverting
20310819T142044.300Z;NODE_B;STATE_CHANGE;ALT_PROFILE;RECOVERING;LEVEL;RCV-314;185;profile level
20310819T142131.135Z;NODE_B;CONDITION_SAMPLE;NAV_ENV;-;-;-;186;alt_band=L6 spd_band=S3 fuel_state=OK link=UP phase=CRUISE
20310819T142431.348Z;NODE_B;CONDITION_SAMPLE;NAV_ENV;-;-;-;187;alt_band=L6 spd_band=S3 fuel_state=OK link=UP phase=CRUISE
20310819T142731.027Z;NODE_B;CONDITION_SAMPLE;NAV_ENV;-;-;-;188;alt_band=L6 spd_band=S3 fuel_state=OK link=UP phase=CRUISE
20310819T143031.536Z;NODE_B;CONDITION_SAMPLE;NAV_ENV;-;-;-;189;alt_band=L6 spd_band=S3 fuel_state=OK link=UP phase=CRUISE
20310819T143310.400Z;NODE_B;STATE_CHANGE;TELEMETRY_SVC;NOMINAL;RECONFIGURING;CFG-0463;190;reconfiguration started
20310819T143315.700Z;NODE_B;STATE_CHANGE;TELEMETRY_SVC;RECONFIGURING;NOMINAL;CFG-0463;191;reconfiguration finished
20310819T143331.739Z;NODE_B;CONDITION_SAMPLE;NAV_ENV;-;-;-;192;alt_band=L6 spd_band=S3 fuel_state=OK link=UP phase=CRUISE
20310819T143440.305Z;NODE_B;PHASE_CHANGE;FLIGHT_PHASE;CRUISE;DESCENT;-;193;phase transition CRUISE to DESCENT
20310819T143631.879Z;NODE_B;CONDITION_SAMPLE;NAV_ENV;-;-;-;194;alt_band=L3 spd_band=S2 fuel_state=OK link=UP phase=DESCENT
20310819T143931.449Z;NODE_B;CONDITION_SAMPLE;NAV_ENV;-;-;-;195;alt_band=L3 spd_band=S2 fuel_state=OK link=UP phase=DESCENT
20310819T144129.700Z;NODE_B;STATE_CHANGE;SENSOR_BUS;NOMINAL;DEGRADED;-;196;bus errors rising
20310819T144135.600Z;NODE_B;STATE_CHANGE;SENSOR_BUS;DEGRADED;NOMINAL;RCV-318;197;bus nominal
20310819T144231.860Z;NODE_B;CONDITION_SAMPLE;NAV_ENV;-;-;-;198;alt_band=L3 spd_band=S2 fuel_state=OK link=UP phase=DESCENT
20310819T144531.101Z;NODE_B;CONDITION_SAMPLE;NAV_ENV;-;-;-;199;alt_band=L3 spd_band=S2 fuel_state=OK link=UP phase=DESCENT
20310819T144754.074Z;NODE_B;STATE_CHANGE;DISPLAY_SVC;MODE_STD;MODE_ALT;-;200;display mode changed
20310819T144759.432Z;NODE_B;STATE_CHANGE;DISPLAY_SVC;MODE_ALT;MODE_STD;-;201;display mode changed
20310819T144831.307Z;NODE_B;CONDITION_SAMPLE;NAV_ENV;-;-;-;202;alt_band=L3 spd_band=S2 fuel_state=OK link=UP phase=DESCENT
20310819T144930.393Z;NODE_B;PHASE_CHANGE;FLIGHT_PHASE;DESCENT;APPROACH;-;203;phase transition DESCENT to APPROACH
20310819T145131.354Z;NODE_B;CONDITION_SAMPLE;NAV_ENV;-;-;-;204;alt_band=L1 spd_band=S1 fuel_state=OK link=UP phase=APPROACH
20310819T145431.855Z;NODE_B;CONDITION_SAMPLE;NAV_ENV;-;-;-;205;alt_band=L1 spd_band=S1 fuel_state=OK link=UP phase=APPROACH
20310819T145731.862Z;NODE_B;CONDITION_SAMPLE;NAV_ENV;-;-;-;206;alt_band=L1 spd_band=S1 fuel_state=OK link=UP phase=APPROACH
