1944907290.815 NODE_C GDN evt=WAYPOINT_REACHED sev=INFO comp=ROUTE_MGR wp=WP-201 note=waypoint_1_reached
1944907409.909 NODE_C GDN evt=WAYPOINT_REACHED sev=INFO comp=ROUTE_MGR wp=WP-202 note=waypoint_2_reached
1944907421.637 NODE_C GDN evt=GUIDANCE_STATUS sev=INFO comp=GUIDANCE_CORE mode=NOMINAL hb=1 note=periodic_guidance_status
1944907510.000 GDN evt=WAYPOINT_REACHED sev=INFO comp=ROUTE_MGR wp=WP-203 note=waypoint_3_reached
1944907513.380 NODE_C GDN evt=SETPOINT_RECEIVED sev=INFO comp=SPEED_CTRL cmd=CMD-7301 sp=SP-201 peer=NODE_A note=setpoint_received
1944907513.610 NODE_C GDN evt=SETPOINT_ACK sev=INFO comp=SPEED_CTRL ack_for=SP-201 peer=NODE_A note=setpoint_acknowledged
1944907513.900 NODE_C GDN evt=SETPOINT_APPLIED sev=INFO comp=SPEED_CTRL sp=SP-201 note=setpoint_applied
1944907607.423 NODE_C GDN evt=WAYPOINT_REACHED sev=INFO comp=ROUTE_MGR wp=WP-204 note=waypoint_4_reached
1944907661.446 NODE_C GDN evt=GUIDANCE_STATUS sev=INFO comp=GUIDANCE_CORE mode=NOMINAL hb=2 note=periodic_guidance_status
1944907704.188 NODE_C GDN evt=WAYPOINT_REACHED sev=INFO comp=ROUTE_MGR wp=WP-205 note=waypoint_5_reached
1944907800.821 NODE_C GDN evt=WAYPOINT_REACHED sev=INFO comp=ROUTE_MGR wp=WP-206 note=waypoint_6_reached
1944907901.702 NODE_C GDN evt=GUIDANCE_STATUS sev=INFO comp=GUIDANCE_CORE mode=NOMINAL hb=3 note=periodic_guidance_status
1944907908.000 NODE_C GDN evt=WAYPOINT_REACHED sev=INFO comp=ROUTE_MGR wp=WP-207 note=waypoint_7_reached
1944908010.147 NODE_C GDN evt=WAYPOINT_REACHED sev=INFO comp=ROUTE_MGR wp=WP-208 note=waypoint_8_reached
1944908050.300 NODE_C GDN evt=PROFILE_APPLY sev=INFO comp=NAV_FILTER plan=PLN-641 note=profile_applied_from_received_plan
1944908092.475 NODE_C GDN evt=WAYPOINT_REACHED sev=INFO comp=ROUTE_MGR wp=WP-209 note=waypoint_9_reached
1944908141.699 NODE_C GDN evt=GUIDANCE_STATUS sev=INFO comp=GUIDANCE_CORE mode=NOMINAL hb=4 note=periodic_guidance_status
1944908194.402 NODE_C GDN evt=WAYPOINT_REACHED sev=INFO comp=ROUTE_MGR wp=WP-210 note=waypoint_10_reached
1944908308.326 NODE_C GDN evt=WAYPOINT_REACHED sev=INFO comp=ROUTE_MGR wp=WP-211 note=waypoint_11_reached
1944908381.514 NODE_C GDN evt=GUIDANCE_STATUS sev=INFO comp=GUIDANCE_CORE mode=NOMINAL hb=5 note=periodic_guidance_status
1944908400.275 NODE_C GDN evt=WAYPOINT_REACHED sev=INFO comp=ROUTE_MGR wp=WP-212 note=waypoint_12_reached
1944908504.274 NODE_C GDN evt=WAYPOINT_REACHED sev=INFO comp=ROUTE_MGR wp=WP-213 note=waypoint_13_reached
1944908589.706 NODE_C GDN evt=WAYPOINT_REACHED sev=INFO comp=ROUTE_MGR wp=WP-214 note=waypoint_14_reached
1944908621.115 NODE_C GDN evt=GUIDANCE_STATUS sev=INFO comp=GUIDANCE_CORE mode=NOMINAL hb=6 note=periodic_guidance_status
1944908702.794 NODE_C GDN evt=WAYPOINT_REACHED sev=INFO comp=ROUTE_MGR wp=WP-215 note=waypoint_15_reached
1944908799.132 NODE_C GDN evt=WAYPOINT_REACHED sev=INFO comp=ROUTE_MGR wp=WP-216 note=waypoint_16_reached
1944908861.224 NODE_C GDN evt=GUIDANCE_STATUS sev=INFO comp=GUIDANCE_CORE mode=NOMINAL hb=7 note=periodic_guidance_status
1944908900.320 NODE_C GDN evt=WAYPOINT_REACHED sev=INFO comp=ROUTE_MGR wp=WP-217 note=waypoint_17_reached
1944909009.424 NODE_C GDN evt=WAYPOINT_REACHED sev=INFO comp=ROUTE_MGR wp=WP-218 note=waypoint_18_reached
1944909093.700 NODE_C GDN evt=WAYPOINT_REACHED sev=INFO comp=ROUTE_MGR wp=WP-219 note=waypoint_19_reached
1944909101.192 NODE_C GDN evt=GUIDANCE_STATUS sev=INFO comp=GUIDANCE_CORE mode=NOMINAL hb=8 note=periodic_guidance_status
1944909195.000 NODE_C GDN evt=WAYPOINT_REACHED sev=INFO comp=ROUTE_MGR wp=WP-220 note=waypoint_20_reached
1944909293.149 NODE_C GDN evt=WAYPOINT_REACHED sev=INFO comp=ROUTE_MGR wp=WP-221 note=waypoint_21_reached
1944909341.828 NODE_C GDN evt=GUIDANCE_STATUS sev=INFO comp=GUIDANCE_CORE mode=NOMINAL hb=9 note=periodic_guidance_status
1944909402.455 NODE_C GDN evt=WAYPOINT_REACHED sev=INFO comp=ROUTE_MGR wp=WP-222 note=waypoint_22_reached
1944909498.685 NODE_C GDN evt=WAYPOINT_REACHED sev=INFO comp=ROUTE_MGR wp=WP-223 note=waypoint_23_reached
1944909581.280 NODE_C GDN evt=GUIDANCE_STATUS sev=INFO comp=GUIDANCE_CORE mode=NOMINAL hb=10 note=periodic_guidance_status
1944909607.699 NODE_C GDN evt=WAYPOINT_REACHED sev=INFO comp=ROUTE_MGR wp=WP-224 note=waypoint_24_reached
1944909704.754 NODE_C GDN evt=WAYPOINT_REACHED sev=INFO comp=ROUTE_MGR wp=WP-225 note=waypoint_25_reached
1944909809.687 NODE_C GDN evt=WAYPOINT_REACHED sev=INFO comp=ROUTE_MGR wp=WP-226 note=waypoint_26_reached
1944909821.712 NODE_C GDN evt=GUIDANCE_STATUS sev=INFO comp=GUIDANCE_CORE mode=NOMINAL hb=11 note=periodic_guidance_status
1944909907.590 NODE_C GDN evt=WAYPOINT_REACHED sev=INFO comp=ROUTE_MGR wp=WP-227 note=waypoint_27_reached
1944910006.860 NODE_C GDN evt=WAYPOINT_REACHED sev=INFO comp=ROUTE_MGR wp=WP-228 note=waypoint_28_reached
1944910026.350 NODE_C GDN evt=PROFILE_APPLY sev=INFO comp=NAV_FILTER plan=PLN-646 note=profile_applied_from_received_plan
1944910061.268 NODE_C GDN evt=GUIDANCE_STATUS sev=INFO comp=GUIDANCE_CORE mode=NOMINAL hb=12 note=periodic_guidance_status
1944910088.647 NODE_C GDN evt=WAYPOINT_REACHED sev=INFO comp=ROUTE_MGR wp=WP-229 note=waypoint_29_reached
1944910194.798 NODE_C GDN evt=WAYPOINT_REACHED sev=INFO comp=ROUTE_MGR wp=WP-230 note=waypoint_30_reached
1944910301.899 NODE_C GDN evt=GUIDANCE_STATUS sev=INFO comp=GUIDANCE_CORE mode=NOMINAL hb=13 note=periodic_guidance_status
1944910302.161 NODE_C GDN evt=WAYPOINT_REACHED sev=INFO comp=ROUTE_MGR wp=WP-231 note=waypoint_31_reached
1944910412.523 NODE_C GDN evt=WAYPOINT_REACHED sev=INFO comp=ROUTE_MGR wp=WP-232 note=waypoint_32_reached
1944910505.000 NODE_C GDN evt=WAYPOINT_REACHED sev=INFO comp=ROUTE_MGR wp=WP-233 note=waypoint_33_reached
1944910541.900 NODE_C GDN evt=GUIDANCE_STATUS sev=INFO comp=GUIDANCE_CORE mode=NOMINAL hb=14 note=periodic_guidance_status
1944910605.665 NODE_C GDN evt=WAYPOINT_REACHED sev=INFO comp=ROUTE_MGR wp=WP-234 note=waypoint_34_reached
1944910688.914 NODE_C GDN evt=WAYPOINT_REACHED sev=INFO comp=ROUTE_MGR wp=WP-235 note=waypoint_35_reached
1944910781.305 NODE_C GDN evt=GUIDANCE_STATUS sev=INFO comp=GUIDANCE_CORE mode=NOMINAL hb=15 note=periodic_guidance_status
1944910810.237 NODE_C GDN evt=WAYPOINT_REACHED sev=INFO comp=ROUTE_MGR wp=WP-236 note=waypoint_36_reached
1944910912.000 NODE_C GDN evt=WAYPOINT_REACHED sev=INFO comp=ROUTE_MGR wp=WP-237 note=waypoint_37_reached
1944910999.655 NODE_C GDN evt=WAYPOINT_REACHED sev=INFO comp=ROUTE_MGR wp=WP-238 note=waypoint_38_reached
1944911021.537 NODE_C GDN evt=GUIDANCE_STATUS sev=INFO comp=GUIDANCE_CORE mode=NOMINAL hb=16 note=periodic_guidance_status
1944911093.244 NODE_C GDN evt=WAYPOINT_REACHED sev=INFO comp=ROUTE_MGR wp=WP-239 note=waypoint_39_reached
1944911205.097 NODE_C GDN evt=WAYPOINT_REACHED sev=INFO comp=ROUTE_MGR wp=WP-240 note=waypoint_40_reached
1944911261.344 NODE_C GDN evt=GUIDANCE_STATUS sev=INFO comp=GUIDANCE_CORE mode=NOMINAL hb=17 note=periodic_guidance_status
1944911393.254 NODE_C GDN evt=WAYPOINT_REACHED sev=INFO comp=ROUTE_MGR wp=WP-242 note=waypoint_42_reached
1944911489.173 NODE_C GDN evt=WAYPOINT_REACHED sev=INFO comp=ROUTE_MGR wp=WP-243 note=waypoint_43_reached
1944911501.701 NODE_C GDN evt=GUIDANCE_STATUS sev=INFO comp=GUIDANCE_CORE mode=NOMINAL hb=18 note=periodic_guidance_status
1944911596.382 NODE_C GDN evt=WAYPOINT_REACHED sev=INFO comp=ROUTE_MGR wp=WP-244 note=waypoint_44_reached
1944911709.479 NODE_C GDN evt=WAYPOINT_REACHED sev=INFO comp=ROUTE_MGR wp=WP-245 note=waypoint_45_reached
1944911741.757 NODE_C GDN evt=GUIDANCE_STATUS sev=INFO comp=GUIDANCE_CORE mode=NOMINAL hb=19 note=periodic_guidance_status
1944911790.000 NODE_C GDN evt=WAYPOINT_REACHED sev=INFO comp=ROUTE_MGR wp=WP-246 note=waypoint_46_reached
1944911905.520 NODE_C GDN evt=WAYPOINT_REACHED sev=INFO comp=ROUTE_MGR wp=WP-247 note=waypoint_47_reached
1944911981.749 NODE_C GDN evt=GUIDANCE_STATUS sev=INFO comp=GUIDANCE_CORE mode=NOMINAL hb=20 note=periodic_guidance_status
1944912002.547 NODE_C GDN evt=WAYPOINT_REACHED sev=INFO comp=ROUTE_MGR wp=WP-248 note=waypoint_48_reached
1944912095.223 NODE_C GDN evt=WAYPOINT_REACHED sev=INFO comp=ROUTE_MGR wp=WP-249 note=waypoint_49_reached
1944912212.386 NODE_C GDN evt=WAYPOINT_REACHED sev=INFO comp=ROUTE_MGR wp=WP-250 note=waypoint_50_reached
1944912221.308 NODE_C GDN evt=GUIDANCE_STATUS sev=INFO comp=GUIDANCE_CORE mode=NOMINAL hb=21 note=periodic_guidance_status
1944912302.081 NODE_C GDN evt=WAYPOINT_REACHED sev=INFO comp=ROUTE_MGR wp=WP-251 note=waypoint_51_reached
1944912404.747 NODE_C GDN evt=WAYPOINT_REACHED sev=INFO comp=ROUTE_MGR wp=WP-252 note=waypoint_52_reached
1944912461.661 NODE_C GDN evt=GUIDANCE_STATUS sev=INFO comp=GUIDANCE_CORE mode=NOMINAL hb=22 note=periodic_guidance_status
1944912492.411 NODE_C GDN evt=WAYPOINT_REACHED sev=INFO comp=ROUTE_MGR wp=WP-253 note=waypoint_53_reached
1944912608.000 NODE_C GDN evt=WAYPOINT_REACHED sev=INFO comp=ROUTE_MGR wp=WP-254 note=waypoint_54_reached
1944912701.223 NODE_C GDN evt=GUIDANCE_STATUS sev=INFO comp=GUIDANCE_CORE mode=NOMINAL hb=23 note=periodic_guidance_status
1944912703.867 NODE_C GDN evt=WAYPOINT_REACHED sev=INFO comp=ROUTE_MGR wp=WP-255 note=waypoint_55_reached
1944912806.208 NODE_C GDN evt=WAYPOINT_REACHED sev=INFO comp=ROUTE_MGR wp=WP-256 note=waypoint_56_reached
1944912899.285 NODE_C GDN evt=WAYPOINT_REACHED sev=INFO comp=ROUTE_MGR wp=WP-257 note=waypoint_57_reached
1944912941.497 NODE_C GDN evt=GUIDANCE_STATUS sev=INFO comp=GUIDANCE_CORE mode=NOMINAL hb=24 note=periodic_guidance_status
1944912990.519 NODE_C GDN evt=WAYPOINT_REACHED sev=INFO comp=ROUTE_MGR wp=WP-258 note=waypoint_58_reached
1944913101.000 NODE_C GDN evt=WAYPOINT_REACHED sev=INFO comp=ROUTE_MGR wp=WP-259 note=waypoint_59_reached
1944913181.476 NODE_C GDN evt=GUIDANCE_STATUS sev=INFO comp=GUIDANCE_CORE mode=NOMINAL hb=25 note=periodic_guidance_status
1944913205.922 NODE_C GDN evt=WAYPOINT_REACHED sev=INFO comp=ROUTE_MGR wp=WP-260 note=waypoint_60_reached
1944913293.225 NODE_C GDN evt=WAYPOINT_REACHED sev=INFO comp=ROUTE_MGR wp=WP-261 note=waypoint_61_reached
1944913390.471 NODE_C GDN evt=WAYPOINT_REACHED sev=INFO comp=ROUTE_MGR wp=WP-262 note=waypoint_62_reached
1944913421.324 NODE_C GDN evt=GUIDANCE_STATUS sev=INFO comp=GUIDANCE_CORE mode=NOMINAL hb=26 note=periodic_guidance_status
1944913489.424 NODE_C GDN evt=WAYPOINT_REACHED sev=INFO comp=ROUTE_MGR wp=WP-263 note=waypoint_63_reached
1944913595.543 NODE_C GDN evt=WAYPOINT_REACHED sev=INFO comp=ROUTE_MGR wp=WP-264 note=waypoint_64_reached
1944913661.394 NODE_C GDN evt=GUIDANCE_STATUS sev=INFO comp=GUIDANCE_CORE mode=NOMINAL hb=27 note=periodic_guidance_status
1944913695.883 NODE_C GDN evt=WAYPOINT_REACHED sev=INFO comp=ROUTE_MGR wp=WP-265 note=waypoint_65_reached
1944913807.396 NODE_C GDN evt=WAYPOINT_REACHED sev=INFO comp=ROUTE_MGR wp=WP-266 note=waypoint_66_reached
1944913901.563 NODE_C GDN evt=GUIDANCE_STATUS sev=INFO comp=GUIDANCE_CORE mode=NOMINAL hb=28 note=periodic_guidance_status
1944913909.158 NODE_C GDN evt=WAYPOINT_REACHED sev=INFO comp=ROUTE_MGR wp=WP-267 note=waypoint_67_reached
1944913996.458 NODE_C GDN evt=WAYPOINT_REACHED sev=INFO comp=ROUTE_MGR wp=WP-268 note=waypoint_68_reached
1944914099.642 NODE_C GDN evt=WAYPOINT_REACHED sev=INFO comp=ROUTE_MGR wp=WP-269 note=waypoint_69_reached
1944914141.258 NODE_C GDN evt=GUIDANCE_STATUS sev=INFO comp=GUIDANCE_CORE mode=NOMINAL hb=29 note=periodic_guidance_status
1944914209.511 NODE_C GDN evt=WAYPOINT_REACHED sev=INFO comp=ROUTE_MGR wp=WP-270 note=waypoint_70_reached
1944914303.000 NODE_C GDN evt=WAYPOINT_REACHED sev=INFO comp=ROUTE_MGR wp=WP-271 note=waypoint_71_reached
1944914381.665 NODE_C GDN evt=GUIDANCE_STATUS sev=INFO comp=GUIDANCE_CORE mode=NOMINAL hb=30 note=periodic_guidance_status
1944914407.000 NODE_C GDN evt=WAYPOINT_REACHED sev=INFO comp=ROUTE_MGR wp=WP-272 note=waypoint_72_reached
1944914510.293 NODE_C GDN evt=WAYPOINT_REACHED sev=INFO comp=ROUTE_MGR wp=WP-273 note=waypoint_73_reached
1944914601.501 NODE_C GDN evt=WAYPOINT_REACHED sev=INFO comp=ROUTE_MGR wp=WP-274 note=waypoint_74_reached
1944914621.764 NODE_C GDN evt=GUIDANCE_STATUS sev=INFO comp=GUIDANCE_CORE mode=NOMINAL hb=31 note=periodic_guidance_status
1944914703.801 NODE_C GDN evt=WAYPOINT_REACHED sev=INFO comp=ROUTE_MGR wp=WP-275 note=waypoint_75_reached
1944914799.376 NODE_C GDN evt=WAYPOINT_REACHED sev=INFO comp=ROUTE_MGR wp=WP-276 note=waypoint_76_reached
1944914861.174 NODE_C GDN evt=GUIDANCE_STATUS sev=INFO comp=GUIDANCE_CORE mode=NOMINAL hb=32 note=periodic_guidance_status
1944914907.759 NODE_C GDN evt=WAYPOINT_REACHED sev=INFO comp=ROUTE_MGR wp=WP-277 note=waypoint_77_reached
1944915002.844 NODE_C GDN evt=WAYPOINT_REACHED sev=INFO comp=ROUTE_MGR wp=WP-278 note=waypoint_78_reached
1944915101.743 NODE_C GDN evt=GUIDANCE_STATUS sev=INFO comp=GUIDANCE_CORE mode=NOMINAL hb=33 note=periodic_guidance_status
1944915103.290 NODE_C GDN evt=WAYPOINT_REACHED sev=INFO comp=ROUTE_MGR wp=WP-279 note=waypoint_79_reached
1944915192.895 NODE_C GDN evt=WAYPOINT_REACHED sev=INFO comp=ROUTE_MGR wp=WP-280 note=waypoint_80_reached
1944915307.492 NODE_C GDN evt=WAYPOINT_REACHED sev=INFO comp=ROUTE_MGR wp=WP-281 note=waypoint_81_reached
1944915341.817 NODE_C GDN evt=GUIDANCE_STATUS sev=INFO comp=GUIDANCE_CORE mode=NOMINAL hb=34 note=periodic_guidance_status
1944915392.568 NODE_C GDN evt=WAYPOINT_REACHED sev=INFO comp=ROUTE_MGR wp=WP-282 note=waypoint_82_reached
1944915494.307 NODE_C GDN evt=WAYPOINT_REACHED sev=INFO comp=ROUTE_MGR wp=WP-283 note=waypoint_83_reached
1944915581.872 NODE_C GDN evt=GUIDANCE_STATUS sev=INFO comp=GUIDANCE_CORE mode=NOMINAL hb=35 note=periodic_guidance_status
1944915597.471 NODE_C GDN evt=WAYPOINT_REACHED sev=INFO comp=ROUTE_MGR wp=WP-284 note=waypoint_84_reached
1944915702.000 NODE_C GDN evt=WAYPOINT_REACHED sev=INFO comp=ROUTE_MGR wp=WP-285 note=waypoint_85_reached
1944915812.302 NODE_C GDN evt=WAYPOINT_REACHED sev=INFO comp=ROUTE_MGR wp=WP-286 note=waypoint_86_reached
1944915821.833 NODE_C GDN evt=GUIDANCE_STATUS sev=INFO comp=GUIDANCE_CORE mode=NOMINAL hb=36 note=periodic_guidance_status
1944915903.386 NODE_C GDN evt=WAYPOINT_REACHED sev=INFO comp=ROUTE_MGR wp=WP-287 note=waypoint_87_reached
1944915996.000 NODE_C GDN evt=WAYPOINT_REACHED sev=INFO comp=ROUTE_MGR wp=WP-288 note=waypoint_88_reached
1944916061.763 NODE_C GDN evt=GUIDANCE_STATUS sev=INFO comp=GUIDANCE_CORE mode=NOMINAL hb=37 note=periodic_guidance_status
1944916090.110 NODE_C GDN evt=WAYPOINT_REACHED sev=INFO comp=ROUTE_MGR wp=WP-289 note=waypoint_89_reached
1944916186.470 NODE_C GDN evt=SETPOINT_RECEIVED sev=INFO comp=SPEED_CTRL cmd=CMD-7351 sp=SP-227 peer=NODE_A note=setpoint_received
1944916186.720 NODE_C GDN evt=SETPOINT_ACK sev=INFO comp=SPEED_CTRL ack_for=SP-227 peer=NODE_A note=setpoint_acknowledged
1944916187.500 NODE_C GDN evt=SETPOINT_APPLIED sev=INFO comp=SPEED_CTRL sp=SP-227 note=setpoint_applied
1944916211.763 NODE_C GDN evt=WAYPOINT_REACHED sev=INFO comp=ROUTE_MGR wp=WP-290 note=waypoint_90_reached
1944916290.565 NODE_C GDN evt=WAYPOINT_REACHED sev=INFO comp=ROUTE_MGR wp=WP-291 note=waypoint_91_reached
1944916301.170 NODE_C GDN evt=GUIDANCE_STATUS sev=INFO comp=GUIDANCE_CORE mode=NOMINAL hb=38 note=periodic_guidance_status
1944916403.912 NODE_C GDN evt=WAYPOINT_REACHED sev=INFO comp=ROUTE_MGR wp=WP-292 note=waypoint_92_reached
1944916505.931 NODE_C GDN evt=WAYPOINT_REACHED sev=INFO comp=ROUTE_MGR wp=WP-293 note=waypoint_93_reached
1944916541.168 NODE_C GDN evt=GUIDANCE_STATUS sev=INFO comp=GUIDANCE_CORE mode=NOMINAL hb=39 note=periodic_guidance_status
1944916600.632 NODE_C GDN evt=WAYPOINT_REACHED sev=INFO comp=ROUTE_MGR wp=WP-294 note=waypoint_94_reached
1944916707.256 NODE_C GDN evt=WAYPOINT_REACHED sev=INFO comp=ROUTE_MGR wp=WP-295 note=waypoint_95_reached
1944916781.673 NODE_C GDN evt=GUIDANCE_STATUS sev=INFO comp=GUIDANCE_CORE mode=NOMINAL hb=40 note=periodic_guidance_status
1944916789.467 NODE_C GDN evt=WAYPOINT_REACHED sev=INFO comp=ROUTE_MGR wp=WP-296 note=waypoint_96_reached
1944916789.467 NODE_C GDN evt=WAYPOINT_REACHED sev=INFO comp=ROUTE_MGR wp=WP-296 note=waypoint_96_reached
1944916908.762 NODE_C GDN evt=WAYPOINT_REACHED sev=INFO comp=ROUTE_MGR wp=WP-297 note=waypoint_97_reached
1944916989.000 NODE_C GDN evt=WAYPOINT_REACHED sev=INFO comp=ROUTE_MGR wp=WP-298 note=waypoint_98_reached
1944917021.796 NODE_C GDN evt=GUIDANCE_STATUS sev=INFO comp=GUIDANCE_CORE mode=NOMINAL hb=41 note=periodic_guidance_status
1944917097.150 NODE_C GDN evt=WAYPOINT_REACHED sev=INFO comp=ROUTE_MGR wp=WP-299 note=waypoint_99_reached
1944917195.803 NODE_C GDN evt=WAYPOINT_REACHED sev=INFO comp=ROUTE_MGR wp=WP-300 note=waypoint_100_reached
1944917261.761 NODE_C GDN evt=GUIDANCE_STATUS sev=INFO comp=GUIDANCE_CORE mode=NOMINAL hb=42 note=periodic_guidance_status
1944917303.276 NODE_C GDN evt=WAYPOINT_REACHED sev=INFO comp=ROUTE_MGR wp=WP-301 note=waypoint_101_reached
1944917397.822 NODE_C GDN evt=WAYPOINT_REACHED sev=INFO comp=ROUTE_MGR wp=WP-302 note=waypoint_102_reached
1944917500.484 NODE_C GDN evt=WAYPOINT_REACHED sev=INFO comp=ROUTE_MGR wp=WP-303 note=waypoint_103_reached
1944917501.290 NODE_C GDN evt=GUIDANCE_STATUS sev=INFO comp=GUIDANCE_CORE mode=NOMINAL hb=43 note=periodic_guidance_status
1944917535.420 NODE_C GDN evt=SETPOINT_ACK sev=INFO comp=SPEED_CTRL ack_for=SP-231 peer=NODE_A note=setpoint_acknowledged
1944917535.180 NODE_C GDN evt=SETPOINT_RECEIVED sev=INFO comp=SPEED_CTRL cmd=CMD-7360 sp=SP-231 peer=NODE_A note=setpoint_received
1944917536.100 NODE_C GDN evt=SETPOINT_APPLIED sev=INFO comp=SPEED_CTRL sp=SP-231 note=setpoint_applied
1944917599.574 NODE_C GDN evt=WAYPOINT_REACHED sev=INFO comp=ROUTE_MGR wp=WP-304 note=waypoint_104_reached
1944917692.000 NODE_C GDN evt=WAYPOINT_REACHED sev=INFO comp=ROUTE_MGR wp=WP-305 note=waypoint_105_reached
1944917741.733 NODE_C GDN evt=GUIDANCE_STATUS sev=INFO comp=GUIDANCE_CORE mode=NOMINAL hb=44 note=periodic_guidance_status
1944917799.819 NODE_C GDN evt=WAYPOINT_REACHED sev=INFO comp=ROUTE_MGR wp=WP-306 note=waypoint_106_reached
1944917981.545 NODE_C GDN evt=GUIDANCE_STATUS sev=INFO comp=GUIDANCE_CORE mode=NOMINAL hb=45 note=periodic_guidance_status
