2031-08-19T12:00:50Z|NODE_A|SELFTEST_PASS|ST-020|SELFTEST_CYCLE|ROUTE_MGR|INFO|-|-|self test passed cycle 1
2031-08-19T12:03:50Z|NODE_A|SELFTEST_PASS|ST-020|SELFTEST_CYCLE|ROUTE_MGR|INFO|-|-|self test passed cycle 2
2031-08-19T12:03:50Z|NODE_A|TRANSIENT_WARN|FLT-0615|LINK_LATENCY_SPIKE|COMM_LINK|WARN|-|1|latency above threshold, returned to normal
2031-08-19T12:06:50Z|NODE_A|SELFTEST_PASS|ST-020|SELFTEST_CYCLE|ROUTE_MGR|INFO|-|-|self test passed cycle 3
2031-08-19T12:09:41Z|NODE_A|TRANSIENT_WARN|FLT-0615|LINK_LATENCY_SPIKE|COMM_LINK|WARN|-|1|latency above threshold, returned to normal
2031-08-19T12:09:50Z|NODE_A|SELFTEST_PASS|ST-020|SELFTEST_CYCLE|ROUTE_MGR|INFO|-|-|self test passed cycle 4
2031-08-19T12:12:50Z|NODE_A|SELFTEST_PASS|ST-020|SELFTEST_CYCLE|ROUTE_MGR|INFO|-|-|self test passed cycle 5
2031-08-19T12:14:12Z|NODE_A|PEER_FAULT_NOTICE|FLT-8412|PLAN_CHECKSUM_MISMATCH|PEER_NODE_B|WARN|MSG-9108|-|fault notice received from NODE_B
2031-08-19T12:14:14Z|NODE_A|TRANSIENT_WARN|FLT-0615|LINK_LATENCY_SPIKE|COMM_LINK|WARN|-|1|latency above threshold, returned to normal
2031-08-19T12:15:03Z|NODE_A|TRANSIENT_WARN|FLT-0615|LINK_LATENCY_SPIKE|COMM_LINK|WARN|-|1|latency above threshold, returned to normal
2031-08-19T12:15:50Z|NODE_A|SELFTEST_PASS|ST-020|SELFTEST_CYCLE|ROUTE_MGR|INFO|-|-|self test passed cycle 6
2031-08-19T12:18:50Z|NODE_A|SELFTEST_PASS|ST-020|SELFTEST_CYCLE|ROUTE_MGR|INFO|-|-|self test passed cycle 7
2031-08-19T12:21:50Z|NODE_A|SELFTEST_PASS|ST-020|SELFTEST_CYCLE|ROUTE_MGR|INFO|-|-|self test passed cycle 8
2031-08-19T12:24:50Z|NODE_A|SELFTEST_PASS|ST-020|SELFTEST_CYCLE|ROUTE_MGR|INFO|-|-|self test passed cycle 9
2031-08-19T12:27:50Z|NODE_A|SELFTEST_PASS|ST-020|SELFTEST_CYCLE|ROUTE_MGR|INFO|-|-|self test passed cycle 10
2031-08-19T12:30:50Z|NODE_A|SELFTEST_PASS|ST-020|SELFTEST_CYCLE|ROUTE_MGR|INFO|-|-|self test passed cycle 11
2031-08-19T12:31:40Z|NODE_A|FAULT_RAISED|FLT-8433|TIME_SYNC_DRIFT|TIME_SYNC|ERROR|-|-|clock offset exceeded 40 ms against reference
2031-08-19T12:31:50Z|NODE_A|FAULT_CLEARED|FLT-8433|TIME_SYNC_DRIFT|TIME_SYNC|INFO|RCV-302|10|clock offset within limits
2031-08-19T12:31:47Z|NODE_A|RECOVERY_STARTED|RCV-302|RESYNC_CLOCK|TIME_SYNC|INFO|FLT-8433|-|resync clock
2031-08-19T12:33:50Z|NODE_A|SELFTEST_PASS|ST-020|SELFTEST_CYCLE|ROUTE_MGR|INFO|-|-|self test passed cycle 12
2031-08-19T12:34:47Z|NODE_A|TRANSIENT_WARN|FLT-0615|LINK_LATENCY_SPIKE|COMM_LINK|WARN|-|1|latency above threshold, returned to normal
2031-08-19T12:36:50Z|NODE_A|SELFTEST_PASS|ST-020|SELFTEST_CYCLE|ROUTE_MGR|INFO|-|-|self test passed cycle 13
2031-08-19T12:39:50Z|NODE_A|SELFTEST_PASS|ST-020|SELFTEST_CYCLE|ROUTE_MGR|INFO|-|-|self test passed cycle 14
2031-08-19T12:42:50Z|NODE_A|SELFTEST_PASS|ST-020|SELFTEST_CYCLE|ROUTE_MGR|INFO|-|-|self test passed cycle 15
2031-08-19T12:45:50Z|NODE_A|SELFTEST_PASS|ST-020|SELFTEST_CYCLE|ROUTE_MGR|INFO|-|-|self test passed cycle 16
2031-08-19T12:47:18Z|NODE_A|RECOVERY_STARTED|RCV-304|RETRY_SEND|PLAN_SYNC|INFO|FLT-8451|-|retry send
2031-08-19T12:47:17Z|NODE_A|FAULT_RAISED|FLT-8451|ACK_TIMEOUT|PLAN_SYNC|ERROR|MSG-9141|-|no acknowledgement within 12s window for MSG-9141
2031-08-19T12:47:20Z|NODE_A|FAULT_CLEARED|FLT-8451|ACK_TIMEOUT|PLAN_SYNC|INFO|RCV-304|3|sync restored
2031-08-19T12:48:50Z|NODE_A|SELFTEST_PASS|ST-020|SELFTEST_CYCLE|ROUTE_MGR|INFO|-|-|self test passed cycle 17
2031-08-19T12:51:50Z|NODE_A|SELFTEST_PASS|ST-020|SELFTEST_CYCLE|ROUTE_MGR|INFO|-|-|self test passed cycle 18
2031-08-19T12:54:50Z|NODE_A|SELFTEST_PASS|ST-020|SELFTEST_CYCLE|ROUTE_MGR|INFO|-|-|self test passed cycle 19
2031-08-19T12:57:50Z|NODE_A|SELFTEST_PASS|ST-020|SELFTEST_CYCLE|ROUTE_MGR|INFO|-|-|self test passed cycle 20
2031-08-19T13:00:50Z|NODE_A|SELFTEST_PASS|ST-020|SELFTEST_CYCLE|ROUTE_MGR|INFO|-|-|self test passed cycle 21
2031-08-19T13:03:50Z|NODE_A|SELFTEST_PASS|ST-020|SELFTEST_CYCLE|ROUTE_MGR|INFO|-|-|self test passed cycle 22
2031-08-19T13:06:50Z|NODE_A|SELFTEST_PASS|ST-020|SELFTEST_CYCLE|ROUTE_MGR|INFO|-|-|self test passed cycle 23
2031-08-19T13:09:50Z|NODE_A|SELFTEST_PASS|ST-020|SELFTEST_CYCLE|ROUTE_MGR|INFO|-|-|self test passed cycle 24
2031-08-19T13:12:50Z|NODE_A|SELFTEST_PASS|ST-020|SELFTEST_CYCLE|ROUTE_MGR|INFO|-|-|self test passed cycle 25
2031-08-19T13:15:50Z|NODE_A|SELFTEST_PASS|ST-020|SELFTEST_CYCLE|ROUTE_MGR|INFO|-|-|self test passed cycle 26
2031-08-19T13:18:50Z|NODE_A|SELFTEST_PASS|ST-020|SELFTEST_CYCLE|ROUTE_MGR|INFO|-|-|self test passed cycle 27
2031-08-19T13:21:09Z|NODE_A|TRANSIENT_WARN|FLT-0344|BUS_CRC_RETRY|SENSOR_BUS|WARN|-|1|bus retry succeeded
2031-08-19T13:21:50Z|NODE_A|SELFTEST_PASS|ST-020|SELFTEST_CYCLE|ROUTE_MGR|INFO|-|-|self test passed cycle 28
2031-08-19T13:24:50Z|NODE_A|SELFTEST_PASS|ST-020|SELFTEST_CYCLE|ROUTE_MGR|INFO|-|-|self test passed cycle 29
2031-08-19T13:27:50Z|NODE_A|SELFTEST_PASS|ST-020|SELFTEST_CYCLE|ROUTE_MGR|INFO|-|-|self test passed cycle 30
2031-08-19T13:30:50Z|NODE_A|SELFTEST_PASS|ST-020|SELFTEST_CYCLE|ROUTE_MGR|INFO|-|-|self test passed cycle 31
2031-08-19T13:33:50Z|NODE_A|SELFTEST_PASS|ST-020|SELFTEST_CYCLE|ROUTE_MGR|INFO|-|-|self test passed cycle 32
2031-08-19T13:36:50Z|NODE_A|SELFTEST_PASS|ST-020|SELFTEST_CYCLE|ROUTE_MGR|INFO|-|-|self test passed cycle 33
2031-08-19T13:37:59Z|NODE_A|TRANSIENT_WARN|FLT-0615|LINK_LATENCY_SPIKE|COMM_LINK|WARN|-|1|latency above threshold, returned to normal
2031-08-19T13:39:50Z|NODE_A|SELFTEST_PASS|ST-020|SELFTEST_CYCLE|ROUTE_MGR|INFO|-|-|self test passed cycle 34
2031-08-19T13:42:50Z|NODE_A|SELFTEST_PASS|ST-020|SELFTEST_CYCLE|ROUTE_MGR|INFO|-|-|self test passed cycle 35
2031-08-19T13:45:50Z|NODE_A|SELFTEST_PASS|ST-020|SELFTEST_CYCLE|ROUTE_MGR|INFO|-|-|self test passed cycle 36
2031-08-19T13:48:23Z|NODE_A|PEER_FAULT_NOTICE|FLT-8493|PWR_RAIL_SAG|PEER_NODE_C|WARN|MSG-9185|-|fault notice received from NODE_C
2031-08-19T13:48:50Z|NODE_A|SELFTEST_PASS|ST-020|SELFTEST_CYCLE|ROUTE_MGR|INFO|-|-|self test passed cycle 37
2031-08-19T13:51:50Z|NODE_A|SELFTEST_PASS|ST-020|SELFTEST_CYCLE|ROUTE_MGR|INFO|-|-|self test passed cycle 38
2031-08-19T13:54:50Z|NODE_A|SELFTEST_PASS|ST-020|SELFTEST_CYCLE|ROUTE_MGR|INFO|-|-|self test passed cycle 39
2031-08-19T13:57:50Z|NODE_A|SELFTEST_PASS|ST-020|SELFTEST_CYCLE|ROUTE_MGR|INFO|-|-|self test passed cycle 40
2031-08-19T14:00:50Z|NODE_A|SELFTEST_PASS|ST-020|SELFTEST_CYCLE|ROUTE_MGR|INFO|-|-|self test passed cycle 41
2031-08-19T14:03:34Z|NODE_A|TRANSIENT_WARN|FLT-0344|BUS_CRC_RETRY|SENSOR_BUS|WARN|-|1|bus retry succeeded
2031-08-19T14:03:50Z|NODE_A|SELFTEST_PASS|ST-020|SELFTEST_CYCLE|ROUTE_MGR|INFO|-|-|self test passed cycle 42
2031-08-19T14:05:34Z|NODE_A|PEER_FAULT_NOTICE|FLT-8502|CFG_SNAPSHOT_STALE|PEER_NODE_B|WARN|MSG-9203|-|fault notice received from NODE_B
2031-08-19T14:06:50Z|NODE_A|SELFTEST_PASS|ST-020|SELFTEST_CYCLE|ROUTE_MGR|INFO|-|-|self test passed cycle 43
2031-08-19T14:09:50Z|NODE_A|SELFTEST_PASS|ST-020|SELFTEST_CYCLE|ROUTE_MGR|INFO|-|-|self test passed cycle 44
2031-08-19T14:12:47Z|NODE_A|TRANSIENT_WARN|FLT-0615|LINK_LATENCY_SPIKE|COMM_LINK|WARN|-|1|latency above threshold, returned to normal
2031-08-19T14:12:50Z|NODE_A|SELFTEST_PASS|ST-020|SELFTEST_CYCLE|ROUTE_MGR|INFO|-|-|self test passed cycle 45
2031-08-19T14:15:50Z|NODE_A|SELFTEST_PASS|ST-020|SELFTEST_CYCLE|ROUTE_MGR|INFO|-|-|self test passed cycle 46
2031-08-19T14:18:50Z|NODE_A|SELFTEST_PASS|ST-020|SELFTEST_CYCLE|ROUTE_MGR|INFO|-|-|self test passed cycle 47
2031-08-19T14:20:35Z|NODE_A|TRANSIENT_WARN|FLT-0615|LINK_LATENCY_SPIKE|COMM_LINK|WARN|-|1|latency above threshold, returned to normal
2031-08-19T14:21:50Z|NODE_A|SELFTEST_PASS|ST-020|SELFTEST_CYCLE|ROUTE_MGR|INFO|-|-|self test passed cycle 48
2031-08-19T14:24:50Z|NODE_A|SELFTEST_PASS|ST-020|SELFTEST_CYCLE|ROUTE_MGR|INFO|-|-|self test passed cycle 49
2031-08-19T14:27:50Z¦NODE_A¦SELFTEST_PASS¦ST-020|SELFTEST_CYCLE|ROUTE_MGR|INFO|-|-|self test passed cycle 50
2031-08-19T14:29:26Z|NODE_A|TRANSIENT_WARN|FLT-0344|BUS_CRC_RETRY|SENSOR_BUS|WARN|-|1|bus retry succeeded
2031-08-19T14:30:50Z|NODE_A|SELFTEST_PASS|ST-020|SELFTEST_CYCLE|ROUTE_MGR|INFO|-|-|self test passed cycle 51
2031-08-19T14:33:50Z|NODE_A|SELFTEST_PASS|ST-020|SELFTEST_CYCLE|ROUTE_MGR|INFO|-|-|self test passed cycle 52
2031-08-19T14:36:50Z|NODE_A|SELFTEST_PASS|ST-020|SELFTEST_CYCLE|ROUTE_MGR|INFO|-|-|self test passed cycle 53
2031-08-19T14:39:50Z|NODE_A|SELFTEST_PASS|ST-020|SELFTEST_CYCLE|ROUTE_MGR|INFO|-|-|self test passed cycle 54
2031-08-19T14:42:50Z|NODE_A|SELFTEST_PASS|ST-020|SELFTEST_CYCLE|ROUTE_MGR|INFO|-|-|self test passed cycle 55
2031-08-19T14:44:19Z|NODE_A|TRANSIENT_WARN|FLT-0615|LINK_LATENCY_SPIKE|COMM_LINK|WARN|-|1|latency above threshold, returned to normal
2031-08-19T14:45:50Z|NODE_A|SELFTEST_PASS|ST-020|SELFTEST_CYCLE|ROUTE_MGR|INFO|-|-|self test passed cycle 56
2031-08-19T14:48:50Z|NODE_A|SELFTEST_PASS|ST-020|SELFTEST_CYCLE|ROUTE_MGR|INFO|-|-|self test passed cycle 57
2031-08-19T14:51:50Z|NODE_A|SELFTEST_PASS|ST-020|SELFTEST_CYCLE|ROUTE_MGR|INFO|-|-|self test passed cycle 58
2031-08-19T14:54:50Z|NODE_A|SELFTEST_PASS|ST-020|SELFTEST_CYCLE|ROUTE_MGR|INFO|-|-|self test passed cycle 59
2031-08-19T14:57:50Z|NODE_A|SELFTEST_PASS|ST-020|SELFTEST_CYCLE|ROUTE_MGR|INFO|-|-|self test passed cycle 60
